


ARM Macro Assembler    Page 1 


    1 00000000         ;*******************************************************
                       *************************
    2 00000000         ;* File Name          : startup_stm32wle5xx.s
    3 00000000         ;* Author             : MCD Application Team
    4 00000000         ;* Description        : STM32WLE5xx devices vector table
                        for MDK-ARM toolchain.
    5 00000000         ;*                      This module performs:
    6 00000000         ;*                      - Set the initial SP
    7 00000000         ;*                      - Set the initial PC == Reset_Ha
                       ndler
    8 00000000         ;*                      - Set the vector table entries w
                       ith the exceptions ISR address
    9 00000000         ;*                      - Branches to __main in the C li
                       brary (which eventually
   10 00000000         ;*                        calls main()).
   11 00000000         ;*                      After Reset the CortexM4 process
                       or is in Thread mode,
   12 00000000         ;*                      priority is Privileged, and the 
                       Stack is set to Main.
   13 00000000         ;* <<< Use Configuration Wizard in Context Menu >>>   
   14 00000000         ;*******************************************************
                       *************************
   15 00000000         ;* @attention
   16 00000000         ;*
   17 00000000         ;* Copyright (c) 2020-2021 STMicroelectronics.
   18 00000000         ;* All rights reserved.
   19 00000000         ;*
   20 00000000         ;* This software is licensed under terms that can be fou
                       nd in the LICENSE file
   21 00000000         ;* in the root directory of this software component.
   22 00000000         ;* If no LICENSE file comes with this software, it is pr
                       ovided AS-IS.
   23 00000000         ;*
   24 00000000         ;*******************************************************
                       *************************
   25 00000000                 AREA             |.text|, CODE, READONLY
   26 00000000         
   27 00000000         ; Reset handler
   28 00000000         USER_START
                               PROC
   29 00000000                 IMPORT           __main
   30 00000000 B500            PUSH             {LR}
   31 00000002 F7FF FFFE       BL               __main
   32 00000006 F85D EB04       POP              {LR}
   33 0000000A 4770            BX               LR
   34 0000000C         
   35 0000000C                 ENDP
   36 0000000C                 ALIGN
   37 0000000C         
   38 0000000C                 END
Command Line: --debug --xref --diag_suppress=9931 --cpu=Cortex-M4 --fpu=SoftVFP
 --depend=32_tos\startup_stm32wle5xx.d -o32_tos\startup_stm32wle5xx.o -I.\RTE\_
32_TOS -ID:\Keil5\ARM\PACK\ARM\CMSIS\5.0.1\CMSIS\Include -ID:\Keil5\ARM\PACK\Ke
il\STM32WLxx_DFP\1.1.0\Drivers\CMSIS\Device\ST\STM32WLxx\Include --predefine="_
_MICROLIB SETA 1" --predefine="__UVISION_VERSION SETA 524" --predefine="_RTE_ S
ETA 1" --predefine="STM32WLE5xx SETA 1" --list=startup_stm32wle5xx.lst ..\Start
\startup_stm32wle5xx.s



ARM Macro Assembler    Page 1 Alphabetic symbol ordering
Relocatable symbols

.text 00000000

Symbol: .text
   Definitions
      At line 25 in file ..\Start\startup_stm32wle5xx.s
   Uses
      None
Comment: .text unused
USER_START 00000000

Symbol: USER_START
   Definitions
      At line 28 in file ..\Start\startup_stm32wle5xx.s
   Uses
      None
Comment: USER_START unused
2 symbols



ARM Macro Assembler    Page 1 Alphabetic symbol ordering
External symbols

__main 00000000

Symbol: __main
   Definitions
      At line 29 in file ..\Start\startup_stm32wle5xx.s
   Uses
      At line 31 in file ..\Start\startup_stm32wle5xx.s
Comment: __main used once
1 symbol
337 symbols in table
