Component: ARM Compiler 6.7 Tool: armlink [5c9ef700]

==============================================================================

Section Cross References

    startup_stm32wle5xx.o(RESET) refers to startup_stm32wle5xx.o(STACK) for __initial_sp
    startup_stm32wle5xx.o(RESET) refers to startup_stm32wle5xx.o(.text) for Reset_Handler
    startup_stm32wle5xx.o(RESET) refers to stm32wlxx_it.o(.text.NMI_Handler) for NMI_Handler
    startup_stm32wle5xx.o(RESET) refers to port_c.o(.text.HardFault_Handler) for HardFault_Handler
    startup_stm32wle5xx.o(RESET) refers to stm32wlxx_it.o(.text.MemManage_Handler) for MemManage_Handler
    startup_stm32wle5xx.o(RESET) refers to stm32wlxx_it.o(.text.BusFault_Handler) for BusFault_Handler
    startup_stm32wle5xx.o(RESET) refers to stm32wlxx_it.o(.text.UsageFault_Handler) for UsageFault_Handler
    startup_stm32wle5xx.o(RESET) refers to port_s.o(.text) for SVC_Handler
    startup_stm32wle5xx.o(RESET) refers to stm32wlxx_it.o(.text.DebugMon_Handler) for DebugMon_Handler
    startup_stm32wle5xx.o(RESET) refers to stm32wlxx_it.o(.text.SysTick_Handler) for SysTick_Handler
    startup_stm32wle5xx.o(RESET) refers to stm32wlxx_it.o(.text.USART2_IRQHandler) for USART2_IRQHandler
    startup_stm32wle5xx.o(.text) refers to system_stm32wlxx.o(.text.SystemInit) for SystemInit
    startup_stm32wle5xx.o(.text) refers to entry.o(.ARM.Collect$$$$00000000) for __main
    main.o(.text.print_boot) refers to printfa.o(i.__0printf) for __2printf
    main.o(.text.print_boot) refers to main.o(.data.boot_message) for boot_message
    main.o(.text.print_boot) refers to puts.o(i.puts) for puts
    main.o(.ARM.exidx.text.print_boot) refers to main.o(.text.print_boot) for [Anonymous Symbol]
    main.o(.text.test) refers to stm32wlxx_hal_flash.o(.text.HAL_FLASH_Unlock) for HAL_FLASH_Unlock
    main.o(.text.test) refers to stm32wlxx_hal_flash_ex.o(.text.HAL_FLASHEx_Erase) for HAL_FLASHEx_Erase
    main.o(.text.test) refers to stm32wlxx_hal_flash.o(.text.HAL_FLASH_Program) for HAL_FLASH_Program
    main.o(.text.test) refers to stm32wlxx_hal_flash.o(.text.HAL_FLASH_Lock) for HAL_FLASH_Lock
    main.o(.text.test) refers to printfa.o(i.__0printf) for __2printf
    main.o(.ARM.exidx.text.test) refers to main.o(.text.test) for [Anonymous Symbol]
    main.o(.text.main) refers to tlib_port.o(.text) for User_Init
    main.o(.text.main) refers to stm32wlxx_hal.o(.text.HAL_Init) for HAL_Init
    main.o(.text.main) refers to main.o(.text.SystemClock_Config) for SystemClock_Config
    main.o(.text.main) refers to printfa.o(i.__0printf) for printf
    main.o(.text.main) refers to tos_fault.o(.text.tos_fault_log_writer_set) for tos_fault_log_writer_set
    main.o(.text.main) refers to gpio.o(.text.MX_GPIO_Init) for MX_GPIO_Init
    main.o(.text.main) refers to usart.o(.text.MX_USART2_UART_Init) for MX_USART2_UART_Init
    main.o(.text.main) refers to usart.o(.bss.huart2) for huart2
    main.o(.text.main) refers to main.o(.bss.rx_data) for rx_data
    main.o(.text.main) refers to stm32wlxx_hal_uart.o(.text.HAL_UART_Receive_IT) for HAL_UART_Receive_IT
    main.o(.text.main) refers to main.o(.text.MPU_Config) for MPU_Config
    main.o(.text.main) refers to stm32wlxx_hal_cortex.o(.text.HAL_NVIC_SetPriority) for HAL_NVIC_SetPriority
    main.o(.text.main) refers to tos_sys.o(.text.tos_knl_init) for tos_knl_init
    main.o(.text.main) refers to main.o(.text.print_boot) for print_boot
    main.o(.text.main) refers to main.o(.bss.app_stack) for app_stack
    main.o(.text.main) refers to main.o(.bss.app_entry_tcb) for app_entry_tcb
    main.o(.text.main) refers to tos_task.o(.text.tos_task_create) for tos_task_create
    main.o(.text.main) refers to tos_sys.o(.text.tos_knl_start) for tos_knl_start
    main.o(.ARM.exidx.text.main) refers to main.o(.text.main) for [Anonymous Symbol]
    main.o(.text.SystemClock_Config) refers to memseta.o(.text) for __aeabi_memclr4
    main.o(.text.SystemClock_Config) refers to stm32wlxx_hal_rcc.o(.text.HAL_RCC_OscConfig) for HAL_RCC_OscConfig
    main.o(.text.SystemClock_Config) refers to stm32wlxx_hal_rcc.o(.text.HAL_RCC_ClockConfig) for HAL_RCC_ClockConfig
    main.o(.text.SystemClock_Config) refers to main.o(.text.Error_Handler) for Error_Handler
    main.o(.ARM.exidx.text.SystemClock_Config) refers to main.o(.text.SystemClock_Config) for [Anonymous Symbol]
    main.o(.text.MPU_Config) refers to stm32wlxx_hal_cortex.o(.text.HAL_MPU_Disable) for HAL_MPU_Disable
    main.o(.text.MPU_Config) refers to stm32wlxx_hal_cortex.o(.text.HAL_MPU_ConfigRegion) for HAL_MPU_ConfigRegion
    main.o(.text.MPU_Config) refers to stm32wlxx_hal_cortex.o(.text.HAL_MPU_Enable) for HAL_MPU_Enable
    main.o(.ARM.exidx.text.MPU_Config) refers to main.o(.text.MPU_Config) for [Anonymous Symbol]
    main.o(.ARM.exidx.text.Error_Handler) refers to main.o(.text.Error_Handler) for [Anonymous Symbol]
    main.o(.text.HAL_UART_RxCpltCallback) refers to tos_sys.o(.text.tos_knl_is_running) for tos_knl_is_running
[...]
    __2vprintf                               0x08007dfd   Thumb Code     0  printfa.o(i.__0vprintf)
    __c89vprintf                             0x08007dfd   Thumb Code     0  printfa.o(i.__0vprintf)
    vprintf                                  0x08007dfd   Thumb Code     0  printfa.o(i.__0vprintf)
    __scatterload_copy                       0x08007e0d   Thumb Code    14  handlers.o(i.__scatterload_copy)
    __scatterload_null                       0x08007e1b   Thumb Code     2  handlers.o(i.__scatterload_null)
    __scatterload_zeroinit                   0x08007e1d   Thumb Code    14  handlers.o(i.__scatterload_zeroinit)
    puts                                     0x080086e1   Thumb Code    30  puts.o(i.puts)
    AHBPrescTable                            0x08008730   Data          64  system_stm32wlxx.o(.rodata.AHBPrescTable)
    APBPrescTable                            0x08008770   Data          32  system_stm32wlxx.o(.rodata.APBPrescTable)
    MSIRangeTable                            0x08008790   Data          64  system_stm32wlxx.o(.rodata.MSIRangeTable)
    UARTPrescTable                           0x080087dc   Data          24  stm32wlxx_hal_uart.o(.rodata.UARTPrescTable)
    k_idle_task_stk_addr                     0x080087f4   Data           4  tos_global.o(.rodata.k_idle_task_stk_addr)
    k_idle_task_stk_size                     0x080087f8   Data           4  tos_global.o(.rodata.k_idle_task_stk_size)
    Region$$Table$$Base                      0x08008fb8   Number         0  anon$$obj.o(Region$$Table)
    Image$$ER_IROM1$$Limit                   0x08008fd8   Number         0  anon$$obj.o ABSOLUTE
    Region$$Table$$Limit                     0x08008fd8   Number         0  anon$$obj.o(Region$$Table)
    __stdout                                 0x20000000   Data           4  stdout.o(.data)
    SystemCoreClock                          0x20000004   Data           4  system_stm32wlxx.o(.data.SystemCoreClock)
    boot_message                             0x20000008   Data          32  main.o(.data.boot_message)
    k_cpu_tick_per_second                    0x20000028   Data           8  tos_global.o(.data.k_cpu_tick_per_second)
    k_dead_task_list                         0x20000030   Data           8  tos_global.o(.data.k_dead_task_list)
    k_fault_log_writer                       0x20000038   Data           4  tos_global.o(.data.k_fault_log_writer)
    k_robin_default_timeslice                0x2000003c   Data           4  tos_global.o(.data.k_robin_default_timeslice)
    k_stat_list                              0x20000040   Data           8  tos_global.o(.data.k_stat_list)
    k_tick_list                              0x20000048   Data           8  tos_global.o(.data.k_tick_list)
    k_timer_ctl                              0x20000050   Data          16  tos_global.o(.data.k_timer_ctl)
    uwTickFreq                               0x20000060   Data           1  stm32wlxx_hal.o(.data.uwTickFreq)
    uwTickPrio                               0x20000064   Data           4  stm32wlxx_hal.o(.data.uwTickPrio)
    TOS_UART_2                               0x20000068   Data           8  tlib.o(.bss.TOS_UART_2)
    app_entry_tcb                            0x20000070   Data         152  main.o(.bss.app_entry_tcb)
    app_stack                                0x20000108   Data        1024  main.o(.bss.app_stack)
    huart2                                   0x20000508   Data         148  usart.o(.bss.huart2)
    k_cpu_cycle_per_tick                     0x2000059c   Data           4  tos_global.o(.bss.k_cpu_cycle_per_tick)
    k_curr_task                              0x200005a0   Data           4  tos_global.o(.bss.k_curr_task)
    k_idle_task                              0x200005a8   Data         152  tos_global.o(.bss.k_idle_task)
    k_idle_task_stk                          0x20000640   Data         128  tos_global.o(.bss.k_idle_task_stk)
    k_irq_nest_cnt                           0x200006c0   Data           1  tos_global.o(.bss.k_irq_nest_cnt)
    k_knl_state                              0x200006c1   Data           1  tos_global.o(.bss.k_knl_state)
    k_mmblk_kernel_stk_ctl                   0x200006c4   Data          24  tos_global.o(.bss.k_mmblk_kernel_stk_ctl)
    k_mmheap_ctl                             0x200006dc   Data        3204  tos_global.o(.bss.k_mmheap_ctl)
    k_next_task                              0x20001360   Data           4  tos_global.o(.bss.k_next_task)
    k_rdyq                                   0x20001364   Data          88  tos_global.o(.bss.k_rdyq)
    k_sched_lock_nest_cnt                    0x200013bc   Data           1  tos_global.o(.bss.k_sched_lock_nest_cnt)
    k_stack_pool                             0x200013c0   Data       26624  tos_global.o(.bss.k_stack_pool)
    k_tick_count                             0x20007bc0   Data           8  tos_global.o(.bss.k_tick_count)
    pFlash                                   0x20007bc8   Data          24  stm32wlxx_hal_flash.o(.bss.pFlash)
    rx_data                                  0x20007be0   Data           1  main.o(.bss.rx_data)
    uwTick                                   0x20007be4   Data           4  stm32wlxx_hal.o(.bss.uwTick)
    STACK$$Base                              0x20007be8   Number         0  startup_stm32wle5xx.o(STACK)
    STACK$$Limit                             0x20007fe8   Number         0  startup_stm32wle5xx.o(STACK)
    __initial_sp                             0x20007fe8   Data           0  startup_stm32wle5xx.o(STACK)



==============================================================================

Memory Map of the image

  Image Entry point : 0x08000139

  Load Region LR_IROM1 (Base: 0x08000000, Size: 0x00009040, Max: 0x00030000, ABSOLUTE)

    Execution Region ER_IROM1 (Exec base: 0x08000000, Load base: 0x08000000, Size: 0x00008fd8, Max: 0x00020000, ABSOLUTE)

    Exec Addr    Load Addr    Size         Type   Attr      Idx    E Section Name        Object

    0x08000000   0x08000000   0x00000138   Data   RO            3    RESET               startup_stm32wle5xx.o
    0x08000138   0x08000138   0x00000000   Code   RO         2723  * .ARM.Collect$$$$00000000  mc_w.l(entry.o)
    0x08000138   0x08000138   0x00000004   Code   RO         3006    .ARM.Collect$$$$00000001  mc_w.l(entry2.o)
    0x0800013c   0x0800013c   0x00000004   Code   RO         3009    .ARM.Collect$$$$00000004  mc_w.l(entry5.o)
    0x08000140   0x08000140   0x00000000   Code   RO         3011    .ARM.Collect$$$$00000008  mc_w.l(entry7b.o)
    0x08000140   0x08000140   0x00000000   Code   RO         3013    .ARM.Collect$$$$0000000A  mc_w.l(entry8b.o)
    0x08000140   0x08000140   0x00000008   Code   RO         3014    .ARM.Collect$$$$0000000B  mc_w.l(entry9a.o)
    0x08000148   0x08000148   0x00000000   Code   RO         3016    .ARM.Collect$$$$0000000D  mc_w.l(entry10a.o)
    0x08000148   0x08000148   0x00000000   Code   RO         3018    .ARM.Collect$$$$0000000F  mc_w.l(entry11a.o)
    0x08000148   0x08000148   0x00000004   Code   RO         3007    .ARM.Collect$$$$00002712  mc_w.l(entry2.o)
    0x0800014c   0x0800014c   0x00000028   Code   RO            4    .text               startup_stm32wle5xx.o
    0x08000174   0x08000174   0x0000000c   Code   RO         1384    .text               tlib_port.o
    0x08000180   0x08000180   0x000001c0   Code   RO         2643    .text               port_s.o
    0x08000340   0x08000340   0x00000062   Code   RO         2733    .text               mc_w.l(uldiv.o)
    0x080003a2   0x080003a2   0x00000024   Code   RO         2735    .text               mc_w.l(memcpya.o)
    0x080003c6   0x080003c6   0x00000024   Code   RO         2737    .text               mc_w.l(memseta.o)
    0x080003ea   0x080003ea   0x00000018   Code   RO         2739    .text               mc_w.l(strncpy.o)
    0x08000402   0x08000402   0x0000002c   Code   RO         3020    .text               mc_w.l(uidiv.o)
    0x0800042e   0x0800042e   0x0000001e   Code   RO         3022    .text               mc_w.l(llshl.o)
    0x0800044c   0x0800044c   0x00000020   Code   RO         3024    .text               mc_w.l(llushr.o)
    0x0800046c   0x0800046c   0x00000000   Code   RO         3026    .text               mc_w.l(iusefp.o)
    0x0800046c   0x0800046c   0x0000014e   Code   RO         3027    .text               mf_w.l(dadd.o)
    0x080005ba   0x080005ba   0x000000e4   Code   RO         3029    .text               mf_w.l(dmul.o)
    0x0800069e   0x0800069e   0x000000de   Code   RO         3031    .text               mf_w.l(ddiv.o)
    0x0800077c   0x0800077c   0x00000030   Code   RO         3033    .text               mf_w.l(dfixul.o)
    0x080007ac   0x080007ac   0x00000030   Code   RO         3035    .text               mf_w.l(cdrcmple.o)
    0x080007dc   0x080007dc   0x00000024   Code   RO         3037    .text               mc_w.l(init.o)
    0x08000800   0x08000800   0x00000024   Code   RO         3039    .text               mc_w.l(llsshr.o)
    0x08000824   0x08000824   0x000000ba   Code   RO         3041    .text               mf_w.l(depilogue.o)
    0x080008de   0x080008de   0x00000002   PAD
    0x080008e0   0x080008e0   0x00000024   Code   RO           85    .text.BusFault_Handler  stm32wlxx_it.o
    0x08000904   0x08000904   0x00000020   Code   RO           89    .text.DebugMon_Handler  stm32wlxx_it.o
    0x08000924   0x08000924   0x0000000a   Code   RO           21    .text.Error_Handler  main.o
    0x0800092e   0x0800092e   0x00000002   PAD
    0x08000930   0x08000930   0x00000014   Code   RO          662    .text.FLASH_AcknowledgePageErase  stm32wlxx_hal_flash_ex.o
    0x08000944   0x08000944   0x0000000e   Code   RO          664    .text.FLASH_FlushCaches  stm32wlxx_hal_flash_ex.o
    0x08000952   0x08000952   0x00000002   PAD
    0x08000954   0x08000954   0x00000016   Code   RO          658    .text.FLASH_MassErase  stm32wlxx_hal_flash_ex.o
    0x0800096a   0x0800096a   0x00000002   PAD
    0x0800096c   0x0800096c   0x00000024   Code   RO          660    .text.FLASH_PageErase  stm32wlxx_hal_flash_ex.o
    0x08000990   0x08000990   0x0000001e   Code   RO          620    .text.FLASH_Program_DoubleWord  stm32wlxx_hal_flash.o
    0x080009ae   0x080009ae   0x00000002   PAD
    0x080009b0   0x080009b0   0x00000044   Code   RO          622    .text.FLASH_Program_Fast  stm32wlxx_hal_flash.o
    0x080009f4   0x080009f4   0x0000006e   Code   RO          618    .text.FLASH_WaitForLastOperation  stm32wlxx_hal_flash.o
    0x08000a62   0x08000a62   0x00000002   PAD
    0x08000a64   0x08000a64   0x00000076   Code   RO          754    .text.HAL_DMA_Abort  stm32wlxx_hal_dma.o
    0x08000ada   0x08000ada   0x00000002   PAD
    0x08000adc   0x08000adc   0x0000007a   Code   RO          756    .text.HAL_DMA_Abort_IT  stm32wlxx_hal_dma.o
    0x08000b56   0x08000b56   0x00000002   PAD
    0x08000b58   0x08000b58   0x0000009c   Code   RO          656    .text.HAL_FLASHEx_Erase  stm32wlxx_hal_flash_ex.o
    0x08000bf4   0x08000bf4   0x0000001a   Code   RO          634    .text.HAL_FLASH_Lock  stm32wlxx_hal_flash.o
    0x08000c0e   0x08000c0e   0x00000002   PAD
    0x08000c10   0x08000c10   0x00000076   Code   RO          616    .text.HAL_FLASH_Program  stm32wlxx_hal_flash.o
    0x08000c86   0x08000c86   0x00000002   PAD
    0x08000c88   0x08000c88   0x00000030   Code   RO          632    .text.HAL_FLASH_Unlock  stm32wlxx_hal_flash.o
    0x08000cb8   0x08000cb8   0x000001b6   Code   RO          711    .text.HAL_GPIO_Init  stm32wlxx_hal_gpio.o
    0x08000e6e   0x08000e6e   0x00000002   PAD
    0x08000e70   0x08000e70   0x0000000c   Code   RO         1093    .text.HAL_GetTick   stm32wlxx_hal.o
    0x08000e7c   0x08000e7c   0x0000001a   Code   RO         1091    .text.HAL_IncTick   stm32wlxx_hal.o
    0x08000e96   0x08000e96   0x00000002   PAD
    0x08000e98   0x08000e98   0x0000002e   Code   RO         1053    .text.HAL_Init      stm32wlxx_hal.o
    0x08000ec6   0x08000ec6   0x00000002   PAD
    0x08000ec8   0x08000ec8   0x00000054   Code   RO         1055    .text.HAL_InitTick  stm32wlxx_hal.o
    0x08000f1c   0x08000f1c   0x00000066   Code   RO         1040    .text.HAL_MPU_ConfigRegion  stm32wlxx_hal_cortex.o
    0x08000f82   0x08000f82   0x00000002   PAD
    0x08000f84   0x08000f84   0x00000012   Code   RO         1038    .text.HAL_MPU_Disable  stm32wlxx_hal_cortex.o
    0x08000f96   0x08000f96   0x00000002   PAD
    0x08000f98   0x08000f98   0x00000018   Code   RO         1036    .text.HAL_MPU_Enable  stm32wlxx_hal_cortex.o
    0x08000fb0   0x08000fb0   0x00000002   Code   RO          106    .text.HAL_MspInit   stm32wlxx_hal_msp.o
    0x08000fb2   0x08000fb2   0x00000002   PAD
    0x08000fb4   0x08000fb4   0x00000004   Code   RO          990    .text.HAL_NVIC_EnableIRQ  stm32wlxx_hal_cortex.o
    0x08000fb8   0x08000fb8   0x00000020   Code   RO          982    .text.HAL_NVIC_SetPriority  stm32wlxx_hal_cortex.o
    0x08000fd8   0x08000fd8   0x00000004   Code   RO          978    .text.HAL_NVIC_SetPriorityGrouping  stm32wlxx_hal_cortex.o
    0x08000fdc   0x08000fdc   0x00000010   Code   RO          857    .text.HAL_PWREx_GetVoltageRange  stm32wlxx_hal_pwr_ex.o
    0x08000fec   0x08000fec   0x00000012   Code   RO          804    .text.HAL_PWR_EnableBkUpAccess  stm32wlxx_hal_pwr.o
    0x08000ffe   0x08000ffe   0x00000002   PAD
    0x08001000   0x08001000   0x0000014a   Code   RO          489    .text.HAL_RCCEx_PeriphCLKConfig  stm32wlxx_hal_rcc_ex.o
    0x0800114a   0x0800114a   0x00000002   PAD
    0x0800114c   0x0800114c   0x0000019e   Code   RO          406    .text.HAL_RCC_ClockConfig  stm32wlxx_hal_rcc.o
    0x080012ea   0x080012ea   0x00000002   PAD
    0x080012ec   0x080012ec   0x00000022   Code   RO          376    .text.HAL_RCC_GetHCLKFreq  stm32wlxx_hal_rcc.o
    0x0800130e   0x0800130e   0x00000002   PAD
    0x08001310   0x08001310   0x00000020   Code   RO          452    .text.HAL_RCC_GetPCLK1Freq  stm32wlxx_hal_rcc.o
    0x08001330   0x08001330   0x00000020   Code   RO          456    .text.HAL_RCC_GetPCLK2Freq  stm32wlxx_hal_rcc.o
    0x08001350   0x08001350   0x000000e0   Code   RO          430    .text.HAL_RCC_GetSysClockFreq  stm32wlxx_hal_rcc.o
    0x08001430   0x08001430   0x00000534   Code   RO          370    .text.HAL_RCC_OscConfig  stm32wlxx_hal_rcc.o
    0x08001964   0x08001964   0x00000004   Code   RO         1002    .text.HAL_SYSTICK_Config  stm32wlxx_hal_cortex.o
    0x08001968   0x08001968   0x00000040   Code   RO          325    .text.HAL_UARTEx_DisableFifoMode  stm32wlxx_hal_uart_ex.o
    0x080019a8   0x080019a8   0x00000002   Code   RO          241    .text.HAL_UARTEx_RxEventCallback  stm32wlxx_hal_uart.o
    0x080019aa   0x080019aa   0x00000002   PAD
    0x080019ac   0x080019ac   0x00000002   Code   RO          307    .text.HAL_UARTEx_RxFifoFullCallback  stm32wlxx_hal_uart_ex.o
    0x080019ae   0x080019ae   0x00000002   PAD
    0x080019b0   0x080019b0   0x0000005a   Code   RO          329    .text.HAL_UARTEx_SetRxFifoThreshold  stm32wlxx_hal_uart_ex.o
    0x08001a0a   0x08001a0a   0x00000002   PAD
    0x08001a0c   0x08001a0c   0x0000005a   Code   RO          327    .text.HAL_UARTEx_SetTxFifoThreshold  stm32wlxx_hal_uart_ex.o
    0x08001a66   0x08001a66   0x00000002   PAD
    0x08001a68   0x08001a68   0x00000002   Code   RO          309    .text.HAL_UARTEx_TxFifoEmptyCallback  stm32wlxx_hal_uart_ex.o
    0x08001a6a   0x08001a6a   0x00000002   PAD
    0x08001a6c   0x08001a6c   0x00000002   Code   RO          305    .text.HAL_UARTEx_WakeupCallback  stm32wlxx_hal_uart_ex.o
    0x08001a6e   0x08001a6e   0x00000002   PAD
    0x08001a70   0x08001a70   0x00000002   Code   RO          239    .text.HAL_UART_ErrorCallback  stm32wlxx_hal_uart.o
    0x08001a72   0x08001a72   0x00000002   PAD
    0x08001a74   0x08001a74   0x00000338   Code   RO          235    .text.HAL_UART_IRQHandler  stm32wlxx_hal_uart.o
    0x08001dac   0x08001dac   0x0000006a   Code   RO          147    .text.HAL_UART_Init  stm32wlxx_hal_uart.o
    0x08001e16   0x08001e16   0x00000002   PAD
    0x08001e18   0x08001e18   0x0000008a   Code   RO           59    .text.HAL_UART_MspInit  usart.o
    0x08001ea2   0x08001ea2   0x00000002   PAD
    0x08001ea4   0x08001ea4   0x00000062   Code   RO          183    .text.HAL_UART_Receive_IT  stm32wlxx_hal_uart.o
    0x08001f06   0x08001f06   0x00000002   PAD
    0x08001f08   0x08001f08   0x00000052   Code   RO           23    .text.HAL_UART_RxCpltCallback  main.o
    0x08001f5a   0x08001f5a   0x00000002   PAD
    0x08001f5c   0x08001f5c   0x000000ba   Code   RO          167    .text.HAL_UART_Transmit  stm32wlxx_hal_uart.o
    0x08002016   0x08002016   0x00000002   PAD
    0x08002018   0x08002018   0x00000002   Code   RO          245    .text.HAL_UART_TxCpltCallback  stm32wlxx_hal_uart.o
    0x0800201a   0x0800201a   0x00000002   PAD
    0x0800201c   0x0800201c   0x00000014   Code   RO         2630    .text.HardFault_Handler  port_c.o
    0x08002030   0x08002030   0x0000001a   Code   RO           44    .text.LL_AHB2_GRP1_EnableClock  gpio.o
    0x0800204a   0x0800204a   0x00000002   PAD
    0x0800204c   0x0800204c   0x0000001e   Code   RO           63    .text.LL_AHB2_GRP1_EnableClock  usart.o
    0x0800206a   0x0800206a   0x00000002   PAD
    0x0800206c   0x0800206c   0x0000001e   Code   RO           61    .text.LL_APB1_GRP1_EnableClock  usart.o
    0x0800208a   0x0800208a   0x00000002   PAD
    0x0800208c   0x0800208c   0x00000010   Code   RO          398    .text.LL_PWR_IsEnabledBkUpAccess  stm32wlxx_hal_rcc.o
    0x0800209c   0x0800209c   0x00000010   Code   RO          493    .text.LL_RCC_ForceBackupDomainReset  stm32wlxx_hal_rcc_ex.o
    0x080020ac   0x080020ac   0x00000010   Code   RO          450    .text.LL_RCC_GetAHB3Prescaler  stm32wlxx_hal_rcc.o
    0x080020bc   0x080020bc   0x0000000e   Code   RO          446    .text.LL_RCC_GetAHBPrescaler  stm32wlxx_hal_rcc.o
    0x080020ca   0x080020ca   0x00000002   PAD
    0x080020cc   0x080020cc   0x0000000e   Code   RO          454    .text.LL_RCC_GetAPB1Prescaler  stm32wlxx_hal_rcc.o
    0x080020da   0x080020da   0x00000002   PAD
    0x080020dc   0x080020dc   0x0000000e   Code   RO          458    .text.LL_RCC_GetAPB2Prescaler  stm32wlxx_hal_rcc.o
    0x080020ea   0x080020ea   0x00000002   PAD
    0x080020ec   0x080020ec   0x0000000e   Code   RO          277    .text.LL_RCC_GetLPUARTClockSource  stm32wlxx_hal_uart.o
    0x080020fa   0x080020fa   0x00000002   PAD
    0x080020fc   0x080020fc   0x0000000e   Code   RO          491    .text.LL_RCC_GetRTCClockSource  stm32wlxx_hal_rcc_ex.o
    0x0800210a   0x0800210a   0x00000002   PAD
    0x0800210c   0x0800210c   0x0000000e   Code   RO          362    .text.LL_RCC_GetSysClkSource  stm32wlxx_hal_rcc.o
    0x0800211a   0x0800211a   0x00000002   PAD
    0x0800211c   0x0800211c   0x00000010   Code   RO          275    .text.LL_RCC_GetUSARTClockSource  stm32wlxx_hal_uart.o
    0x0800212c   0x0800212c   0x0000000e   Code   RO          384    .text.LL_RCC_HSE_Disable  stm32wlxx_hal_rcc.o
    0x0800213a   0x0800213a   0x00000002   PAD
    0x0800213c   0x0800213c   0x0000000e   Code   RO          366    .text.LL_RCC_HSE_DisableTcxo  stm32wlxx_hal_rcc.o
    0x0800214a   0x0800214a   0x00000002   PAD
    0x0800214c   0x0800214c   0x0000000e   Code   RO          380    .text.LL_RCC_HSE_Enable  stm32wlxx_hal_rcc.o
    0x0800215a   0x0800215a   0x00000002   PAD
    0x0800215c   0x0800215c   0x0000000e   Code   RO          382    .text.LL_RCC_HSE_EnableTcxo  stm32wlxx_hal_rcc.o
    0x0800216a   0x0800216a   0x00000002   PAD
    0x0800216c   0x0800216c   0x0000000c   Code   RO          438    .text.LL_RCC_HSE_IsEnabledDiv2  stm32wlxx_hal_rcc.o
    0x08002178   0x08002178   0x0000000c   Code   RO          364    .text.LL_RCC_HSE_IsReady  stm32wlxx_hal_rcc.o
    0x08002184   0x08002184   0x0000000e   Code   RO          390    .text.LL_RCC_HSI_Disable  stm32wlxx_hal_rcc.o
    0x08002192   0x08002192   0x00000002   PAD
    0x08002194   0x08002194   0x0000000e   Code   RO          386    .text.LL_RCC_HSI_Enable  stm32wlxx_hal_rcc.o
    0x080021a2   0x080021a2   0x00000002   PAD
    0x080021a4   0x080021a4   0x0000000c   Code   RO          388    .text.LL_RCC_HSI_IsReady  stm32wlxx_hal_rcc.o
    0x080021b0   0x080021b0   0x00000014   Code   RO          360    .text.LL_RCC_HSI_SetCalibTrimming  stm32wlxx_hal_rcc.o
    0x080021c4   0x080021c4   0x0000000e   Code   RO          410    .text.LL_RCC_IsActiveFlag_HPRE  stm32wlxx_hal_rcc.o
    0x080021d2   0x080021d2   0x00000002   PAD
    0x080021d4   0x080021d4   0x0000000e   Code   RO          418    .text.LL_RCC_IsActiveFlag_PPRE1  stm32wlxx_hal_rcc.o
    0x080021e2   0x080021e2   0x00000002   PAD
    0x080021e4   0x080021e4   0x0000000e   Code   RO          422    .text.LL_RCC_IsActiveFlag_PPRE2  stm32wlxx_hal_rcc.o
    0x080021f2   0x080021f2   0x00000002   PAD
    0x080021f4   0x080021f4   0x00000010   Code   RO          414    .text.LL_RCC_IsActiveFlag_SHDHPRE  stm32wlxx_hal_rcc.o
    0x08002204   0x08002204   0x0000000e   Code   RO          400    .text.LL_RCC_LSE_IsReady  stm32wlxx_hal_rcc.o
    0x08002212   0x08002212   0x00000002   PAD
    0x08002214   0x08002214   0x0000000e   Code   RO          497    .text.LL_RCC_LSE_IsReady  stm32wlxx_hal_rcc_ex.o
    0x08002222   0x08002222   0x00000002   PAD
    0x08002224   0x08002224   0x00000010   Code   RO          392    .text.LL_RCC_LSI_Disable  stm32wlxx_hal_rcc.o
    0x08002234   0x08002234   0x00000010   Code   RO          396    .text.LL_RCC_LSI_Enable  stm32wlxx_hal_rcc.o
    0x08002244   0x08002244   0x0000000e   Code   RO          394    .text.LL_RCC_LSI_IsReady  stm32wlxx_hal_rcc.o
    0x08002252   0x08002252   0x00000002   PAD
    0x08002254   0x08002254   0x0000000e   Code   RO          378    .text.LL_RCC_MSI_Disable  stm32wlxx_hal_rcc.o
    0x08002262   0x08002262   0x00000002   PAD
    0x08002264   0x08002264   0x0000000e   Code   RO          352    .text.LL_RCC_MSI_Enable  stm32wlxx_hal_rcc.o
    0x08002272   0x08002272   0x00000002   PAD
    0x08002274   0x08002274   0x0000000c   Code   RO          434    .text.LL_RCC_MSI_GetRange  stm32wlxx_hal_rcc.o
    0x08002280   0x08002280   0x0000000e   Code   RO          436    .text.LL_RCC_MSI_GetRangeAfterStandby  stm32wlxx_hal_rcc.o
    0x0800228e   0x0800228e   0x00000002   PAD
    0x08002290   0x08002290   0x0000000c   Code   RO          432    .text.LL_RCC_MSI_IsEnabledRangeSelect  stm32wlxx_hal_rcc.o
    0x0800229c   0x0800229c   0x0000000c   Code   RO          354    .text.LL_RCC_MSI_IsReady  stm32wlxx_hal_rcc.o
    0x080022a8   0x080022a8   0x00000014   Code   RO          358    .text.LL_RCC_MSI_SetCalibTrimming  stm32wlxx_hal_rcc.o
    0x080022bc   0x080022bc   0x0000000e   Code   RO          402    .text.LL_RCC_PLL_Disable  stm32wlxx_hal_rcc.o
    0x080022ca   0x080022ca   0x00000002   PAD
    0x080022cc   0x080022cc   0x0000000e   Code   RO          404    .text.LL_RCC_PLL_Enable  stm32wlxx_hal_rcc.o
    0x080022da   0x080022da   0x00000002   PAD
    0x080022dc   0x080022dc   0x0000000e   Code   RO          442    .text.LL_RCC_PLL_GetDivider  stm32wlxx_hal_rcc.o
    0x080022ea   0x080022ea   0x00000002   PAD
    0x080022ec   0x080022ec   0x0000000e   Code   RO          372    .text.LL_RCC_PLL_GetMainSource  stm32wlxx_hal_rcc.o
    0x080022fa   0x080022fa   0x00000002   PAD
    0x080022fc   0x080022fc   0x0000000e   Code   RO          440    .text.LL_RCC_PLL_GetN  stm32wlxx_hal_rcc.o
    0x0800230a   0x0800230a   0x00000002   PAD
    0x0800230c   0x0800230c   0x0000000e   Code   RO          444    .text.LL_RCC_PLL_GetR  stm32wlxx_hal_rcc.o
    0x0800231a   0x0800231a   0x00000002   PAD
    0x0800231c   0x0800231c   0x0000000c   Code   RO          368    .text.LL_RCC_PLL_IsReady  stm32wlxx_hal_rcc.o
    0x08002328   0x08002328   0x00000010   Code   RO          495    .text.LL_RCC_ReleaseBackupDomainReset  stm32wlxx_hal_rcc_ex.o
    0x08002338   0x08002338   0x00000012   Code   RO          513    .text.LL_RCC_SetADCClockSource  stm32wlxx_hal_rcc_ex.o
    0x0800234a   0x0800234a   0x00000002   PAD
    0x0800234c   0x0800234c   0x00000016   Code   RO          412    .text.LL_RCC_SetAHB3Prescaler  stm32wlxx_hal_rcc.o
    0x08002362   0x08002362   0x00000002   PAD
    0x08002364   0x08002364   0x00000012   Code   RO          408    .text.LL_RCC_SetAHBPrescaler  stm32wlxx_hal_rcc.o
    0x08002376   0x08002376   0x00000002   PAD
    0x08002378   0x08002378   0x00000012   Code   RO          416    .text.LL_RCC_SetAPB1Prescaler  stm32wlxx_hal_rcc.o
    0x0800238a   0x0800238a   0x00000002   PAD
    0x0800238c   0x0800238c   0x00000012   Code   RO          420    .text.LL_RCC_SetAPB2Prescaler  stm32wlxx_hal_rcc.o
    0x0800239e   0x0800239e   0x00000002   PAD
    0x080023a0   0x080023a0   0x00000024   Code   RO          507    .text.LL_RCC_SetI2CClockSource  stm32wlxx_hal_rcc_ex.o
    0x080023c4   0x080023c4   0x00000012   Code   RO          509    .text.LL_RCC_SetI2SClockSource  stm32wlxx_hal_rcc_ex.o
    0x080023d6   0x080023d6   0x00000002   PAD
    0x080023d8   0x080023d8   0x00000020   Code   RO          505    .text.LL_RCC_SetLPTIMClockSource  stm32wlxx_hal_rcc_ex.o
    0x080023f8   0x080023f8   0x00000012   Code   RO          503    .text.LL_RCC_SetLPUARTClockSource  stm32wlxx_hal_rcc_ex.o
    0x0800240a   0x0800240a   0x00000002   PAD
    0x0800240c   0x0800240c   0x00000012   Code   RO          511    .text.LL_RCC_SetRNGClockSource  stm32wlxx_hal_rcc_ex.o
    0x0800241e   0x0800241e   0x00000002   PAD
    0x08002420   0x08002420   0x00000012   Code   RO          499    .text.LL_RCC_SetRTCClockSource  stm32wlxx_hal_rcc_ex.o
    0x08002432   0x08002432   0x00000002   PAD
    0x08002434   0x08002434   0x00000012   Code   RO          424    .text.LL_RCC_SetSysClkSource  stm32wlxx_hal_rcc.o
    0x08002446   0x08002446   0x00000002   PAD
    0x08002448   0x08002448   0x00000014   Code   RO          501    .text.LL_RCC_SetUSARTClockSource  stm32wlxx_hal_rcc_ex.o
    0x0800245c   0x0800245c   0x000000ca   Code   RO           19    .text.MPU_Config    main.o
    0x08002526   0x08002526   0x00000002   PAD
    0x08002528   0x08002528   0x00000012   Code   RO           42    .text.MX_GPIO_Init  gpio.o
    0x0800253a   0x0800253a   0x00000002   PAD
    0x0800253c   0x0800253c   0x00000086   Code   RO           57    .text.MX_USART2_UART_Init  usart.o
    0x080025c2   0x080025c2   0x00000002   PAD
    0x080025c4   0x080025c4   0x00000020   Code   RO           83    .text.MemManage_Handler  stm32wlxx_it.o
    0x080025e4   0x080025e4   0x0000001c   Code   RO           81    .text.NMI_Handler   stm32wlxx_it.o
    0x08002600   0x08002600   0x00000036   Code   RO          988    .text.NVIC_EncodePriority  stm32wlxx_hal_cortex.o
    0x08002636   0x08002636   0x00000002   PAD
    0x08002638   0x08002638   0x0000008c   Code   RO          474    .text.RCC_SetFlashLatency  stm32wlxx_hal_rcc.o
    0x080026c4   0x080026c4   0x00000046   Code   RO          374    .text.RCC_SetFlashLatencyFromMSIRange  stm32wlxx_hal_rcc.o
    0x0800270a   0x0800270a   0x00000002   PAD
    0x0800270c   0x0800270c   0x00000034   Code   RO         1004    .text.SysTick_Config  stm32wlxx_hal_cortex.o
    0x08002740   0x08002740   0x0000002a   Code   RO         2620    .text.SysTick_Config  port_c.o
    0x0800276a   0x0800276a   0x00000002   PAD
    0x0800276c   0x0800276c   0x00000020   Code   RO           91    .text.SysTick_Handler  stm32wlxx_it.o
    0x0800278c   0x0800278c   0x0000008e   Code   RO           17    .text.SystemClock_Config  main.o
    0x0800281a   0x0800281a   0x00000002   PAD
    0x0800281c   0x0800281c   0x00000002   Code   RO         1222    .text.SystemInit    system_stm32wlxx.o
    0x0800281e   0x0800281e   0x00000002   PAD
    0x08002820   0x08002820   0x00000060   Code   RO          323    .text.UARTEx_SetNbDataToProcess  stm32wlxx_hal_uart_ex.o
    0x08002880   0x08002880   0x000000cc   Code   RO          153    .text.UART_AdvFeatureConfig  stm32wlxx_hal_uart.o
    0x0800294c   0x0800294c   0x00000074   Code   RO          155    .text.UART_CheckIdleState  stm32wlxx_hal_uart.o
    0x080029c0   0x080029c0   0x00000010   Code   RO          237    .text.UART_DMAAbortOnError  stm32wlxx_hal_uart.o
    0x080029d0   0x080029d0   0x0000005a   Code   RO          207    .text.UART_EndRxTransfer  stm32wlxx_hal_uart.o
    0x08002a2a   0x08002a2a   0x00000002   PAD
    0x08002a2c   0x08002a2c   0x00000022   Code   RO          243    .text.UART_EndTransmit_IT  stm32wlxx_hal_uart.o
    0x08002a4e   0x08002a4e   0x00000002   PAD
    0x08002a50   0x08002a50   0x000000d4   Code   RO          283    .text.UART_RxISR_16BIT  stm32wlxx_hal_uart.o
    0x08002b24   0x08002b24   0x000001de   Code   RO          279    .text.UART_RxISR_16BIT_FIFOEN  stm32wlxx_hal_uart.o
    0x08002d02   0x08002d02   0x00000002   PAD
    0x08002d04   0x08002d04   0x000000d4   Code   RO          285    .text.UART_RxISR_8BIT  stm32wlxx_hal_uart.o
    0x08002dd8   0x08002dd8   0x000001e2   Code   RO          281    .text.UART_RxISR_8BIT_FIFOEN  stm32wlxx_hal_uart.o
    0x08002fba   0x08002fba   0x00000002   PAD
    0x08002fbc   0x08002fbc   0x00000290   Code   RO          151    .text.UART_SetConfig  stm32wlxx_hal_uart.o
    0x0800324c   0x0800324c   0x00000130   Code   RO          185    .text.UART_Start_Receive_IT  stm32wlxx_hal_uart.o
    0x0800337c   0x0800337c   0x000000ee   Code   RO          169    .text.UART_WaitOnFlagUntilTimeout  stm32wlxx_hal_uart.o
    0x0800346a   0x0800346a   0x00000002   PAD
    0x0800346c   0x0800346c   0x0000000c   Code   RO           93    .text.USART2_IRQHandler  stm32wlxx_it.o
    0x08003478   0x08003478   0x00000024   Code   RO           87    .text.UsageFault_Handler  stm32wlxx_it.o
    0x0800349c   0x0800349c   0x00000024   Code   RO          992    .text.__NVIC_EnableIRQ  stm32wlxx_hal_cortex.o
    0x080034c0   0x080034c0   0x00000010   Code   RO          984    .text.__NVIC_GetPriorityGrouping  stm32wlxx_hal_cortex.o
    0x080034d0   0x080034d0   0x00000022   Code   RO          986    .text.__NVIC_SetPriority  stm32wlxx_hal_cortex.o
    0x080034f2   0x080034f2   0x00000002   PAD
    0x080034f4   0x080034f4   0x0000000e   Code   RO         2624    .text.__NVIC_SetPriority  port_c.o
    0x08003502   0x08003502   0x00000002   PAD
    0x08003504   0x08003504   0x00000020   Code   RO          980    .text.__NVIC_SetPriorityGrouping  stm32wlxx_hal_cortex.o
    0x08003524   0x08003524   0x0000000e   Code   RO         1819    .text.__ffs         tos_mmheap.o
    0x08003532   0x08003532   0x00000002   PAD
    0x08003534   0x08003534   0x0000000a   Code   RO         1815    .text.__fls         tos_mmheap.o
    0x0800353e   0x0800353e   0x00000002   PAD
    0x08003540   0x08003540   0x0000000a   Code   RO         1894    .text._list_add     tos_mutex.o
    0x0800354a   0x0800354a   0x00000002   PAD
    0x0800354c   0x0800354c   0x0000000a   Code   RO         1955    .text._list_add     tos_pend.o
    0x08003556   0x08003556   0x00000002   PAD
    0x08003558   0x08003558   0x0000000a   Code   RO         2211    .text._list_add     tos_sched.o
    0x08003562   0x08003562   0x00000002   PAD
    0x08003564   0x08003564   0x0000000a   Code   RO         2443    .text._list_add     tos_task.o
    0x0800356e   0x0800356e   0x00000002   PAD
    0x08003570   0x08003570   0x0000000a   Code   RO         2486    .text._list_add     tos_tick.o
    0x0800357a   0x0800357a   0x00000002   PAD
    0x0800357c   0x0800357c   0x0000000a   Code   RO         2584    .text._list_add     tos_timer.o
    0x08003586   0x08003586   0x00000002   PAD
    0x08003588   0x08003588   0x00000006   Code   RO         1890    .text._list_del     tos_mutex.o
    0x0800358e   0x0800358e   0x00000002   PAD
    0x08003590   0x08003590   0x00000006   Code   RO         1949    .text._list_del     tos_pend.o
    0x08003596   0x08003596   0x00000002   PAD
    0x08003598   0x08003598   0x00000006   Code   RO         2213    .text._list_del     tos_sched.o
    0x0800359e   0x0800359e   0x00000002   PAD
    0x080035a0   0x080035a0   0x00000006   Code   RO         2449    .text._list_del     tos_task.o
    0x080035a6   0x080035a6   0x00000002   PAD
    0x080035a8   0x080035a8   0x00000006   Code   RO         2490    .text._list_del     tos_tick.o
    0x080035ae   0x080035ae   0x00000002   PAD
    0x080035b0   0x080035b0   0x00000006   Code   RO         2578    .text._list_del     tos_timer.o
    0x080035b6   0x080035b6   0x00000002   PAD
    0x080035b8   0x080035b8   0x00000008   Code   RO         2215    .text._list_del_node  tos_sched.o
    0x080035c0   0x080035c0   0x0000001e   Code   RO         1733    .text.adjust_request_size  tos_mmheap.o
    0x080035de   0x080035de   0x00000002   PAD
    0x080035e0   0x080035e0   0x00000006   Code   RO         1777    .text.align_down    tos_mmheap.o
    0x080035e6   0x080035e6   0x00000002   PAD
    0x080035e8   0x080035e8   0x0000000a   Code   RO         1745    .text.align_ptr     tos_mmheap.o
    0x080035f2   0x080035f2   0x00000002   PAD
    0x080035f4   0x080035f4   0x0000000a   Code   RO         1809    .text.align_up      tos_mmheap.o
    0x080035fe   0x080035fe   0x00000002   PAD
    0x08003600   0x08003600   0x0000001c   Code   RO         1833    .text.blk_absorb    tos_mmheap.o
    0x0800361c   0x0800361c   0x00000018   Code   RO         1823    .text.blk_can_split  tos_mmheap.o
    0x08003634   0x08003634   0x00000004   Code   RO         1751    .text.blk_from_ptr  tos_mmheap.o
    0x08003638   0x08003638   0x00000020   Code   RO         1759    .text.blk_insert    tos_mmheap.o
    0x08003658   0x08003658   0x00000008   Code   RO         1767    .text.blk_is_free   tos_mmheap.o
    0x08003660   0x08003660   0x0000000e   Code   RO         1805    .text.blk_is_last   tos_mmheap.o
    0x0800366e   0x0800366e   0x00000002   PAD
    0x08003670   0x08003670   0x00000008   Code   RO         1827    .text.blk_is_prev_free  tos_mmheap.o
    0x08003678   0x08003678   0x0000000c   Code   RO         1787    .text.blk_link_next  tos_mmheap.o
    0x08003684   0x08003684   0x0000003e   Code   RO         1735    .text.blk_locate_free  tos_mmheap.o
    0x080036c2   0x080036c2   0x00000002   PAD
    0x080036c4   0x080036c4   0x00000016   Code   RO         1753    .text.blk_mark_as_free  tos_mmheap.o
    0x080036da   0x080036da   0x00000002   PAD
    0x080036dc   0x080036dc   0x00000016   Code   RO         1769    .text.blk_mark_as_used  tos_mmheap.o
    0x080036f2   0x080036f2   0x00000002   PAD
    0x080036f4   0x080036f4   0x00000028   Code   RO         1757    .text.blk_merge_next  tos_mmheap.o
    0x0800371c   0x0800371c   0x00000028   Code   RO         1755    .text.blk_merge_prev  tos_mmheap.o
    0x08003744   0x08003744   0x0000001c   Code   RO         1763    .text.blk_next      tos_mmheap.o
    0x08003760   0x08003760   0x00000022   Code   RO         1737    .text.blk_prepare_used  tos_mmheap.o
    0x08003782   0x08003782   0x00000002   PAD
    0x08003784   0x08003784   0x00000004   Code   RO         1829    .text.blk_prev      tos_mmheap.o
    0x08003788   0x08003788   0x00000020   Code   RO         1831    .text.blk_remove    tos_mmheap.o
    0x080037a8   0x080037a8   0x0000005c   Code   RO         1813    .text.blk_search_suitable  tos_mmheap.o
    0x08003804   0x08003804   0x0000000a   Code   RO         1783    .text.blk_set_free  tos_mmheap.o
    0x0800380e   0x0800380e   0x00000002   PAD
    0x08003810   0x08003810   0x0000000a   Code   RO         1791    .text.blk_set_prev_free  tos_mmheap.o
    0x0800381a   0x0800381a   0x00000002   PAD
    0x0800381c   0x0800381c   0x0000000a   Code   RO         1785    .text.blk_set_prev_used  tos_mmheap.o
    0x08003826   0x08003826   0x00000002   PAD
    0x08003828   0x08003828   0x0000000c   Code   RO         1781    .text.blk_set_size  tos_mmheap.o
    0x08003834   0x08003834   0x0000000a   Code   RO         1789    .text.blk_set_used  tos_mmheap.o
    0x0800383e   0x0800383e   0x00000002   PAD
    0x08003840   0x08003840   0x00000008   Code   RO         1765    .text.blk_size      tos_mmheap.o
    0x08003848   0x08003848   0x0000003c   Code   RO         1825    .text.blk_split     tos_mmheap.o
    0x08003884   0x08003884   0x00000004   Code   RO         1743    .text.blk_to_ptr    tos_mmheap.o
    0x08003888   0x08003888   0x00000030   Code   RO         1821    .text.blk_trim_free  tos_mmheap.o
    0x080038b8   0x080038b8   0x00000034   Code   RO         1747    .text.blk_trim_free_leading  tos_mmheap.o
    0x080038ec   0x080038ec   0x0000002c   Code   RO         1771    .text.blk_trim_used  tos_mmheap.o
    0x08003918   0x08003918   0x00000004   Code   RO         2665    .text.cpu_context_switch  tos_cpu.o
    0x0800391c   0x0800391c   0x00000004   Code   RO         2673    .text.cpu_fault_diagnosis  tos_cpu.o
    0x08003920   0x08003920   0x00000030   Code   RO         2657    .text.cpu_init      tos_cpu.o
    0x08003950   0x08003950   0x00000004   Code   RO         2667    .text.cpu_irq_context_switch  tos_cpu.o
    0x08003954   0x08003954   0x00000006   Code   RO         2663    .text.cpu_sched_start  tos_cpu.o
    0x0800395a   0x0800395a   0x00000002   PAD
    0x0800395c   0x0800395c   0x00000014   Code   RO         2659    .text.cpu_systick_init  tos_cpu.o
    0x08003970   0x08003970   0x0000003e   Code   RO         2671    .text.cpu_task_stack_draught_depth  tos_cpu.o
    0x080039ae   0x080039ae   0x00000002   PAD
    0x080039b0   0x080039b0   0x0000009a   Code   RO         2669    .text.cpu_task_stk_init  tos_cpu.o
    0x08003a4a   0x08003a4a   0x00000002   PAD
    0x08003a4c   0x08003a4c   0x00000074   Code   RO         2599    .text.cpu_tlib_kernel_stk_init  tos_tlib.o
    0x08003ac0   0x08003ac0   0x00000086   Code   RO         1584    .text.event_do_post  tos_event.o
    0x08003b46   0x08003b46   0x00000002   PAD
    0x08003b48   0x08003b48   0x0000002c   Code   RO         1580    .text.event_is_match  tos_event.o
    0x08003b74   0x08003b74   0x0000002e   Code   RO         2690    .text.fault_backtrace  tos_fault.o
    0x08003ba2   0x08003ba2   0x00000002   PAD
    0x08003ba4   0x08003ba4   0x000000cc   Code   RO         2700    .text.fault_call_stack_backtrace  tos_fault.o
    0x08003c70   0x08003c70   0x00000020   Code   RO         2686    .text.fault_default_log_writer  tos_fault.o
    0x08003c90   0x08003c90   0x000000b0   Code   RO         2698    .text.fault_dump_cpu_frame  tos_fault.o
    0x08003d40   0x08003d40   0x00000134   Code   RO         2694    .text.fault_dump_information  tos_fault.o
    0x08003e74   0x08003e74   0x00000080   Code   RO         2708    .text.fault_dump_stack  tos_fault.o
    0x08003ef4   0x08003ef4   0x000000b0   Code   RO         2696    .text.fault_dump_task  tos_fault.o
    0x08003fa4   0x08003fa4   0x0000009c   Code   RO         2692    .text.fault_gather_information  tos_fault.o
    0x08004040   0x08004040   0x00000016   Code   RO         2710    .text.fault_is_code  tos_fault.o
    0x08004056   0x08004056   0x00000002   PAD
    0x08004058   0x08004058   0x00000006   Code   RO         2706    .text.fault_is_on_task  tos_fault.o
    0x0800405e   0x0800405e   0x00000002   PAD
    0x08004060   0x08004060   0x00000006   Code   RO         2704    .text.fault_is_thumb  tos_fault.o
    0x08004066   0x08004066   0x00000002   PAD
    0x08004068   0x08004068   0x0000000e   Code   RO         2702    .text.fault_spin    tos_fault.o
    0x08004076   0x08004076   0x00000002   PAD
    0x08004078   0x08004078   0x00000020   Code   RO          118    .text.fputc         stdio.o
    0x08004098   0x08004098   0x0000000c   Code   RO         1817    .text.generic_fls   tos_mmheap.o
    0x080040a4   0x080040a4   0x00000042   Code   RO         1835    .text.insert_free_block  tos_mmheap.o
    0x080040e6   0x080040e6   0x00000002   PAD
    0x080040e8   0x080040e8   0x0000000a   Code   RO         2336    .text.knl_idle_entry  tos_sys.o
    0x080040f2   0x080040f2   0x00000002   PAD
    0x080040f4   0x080040f4   0x00000048   Code   RO         2312    .text.knl_idle_init  tos_sys.o
    0x0800413c   0x0800413c   0x00000012   Code   RO         2334    .text.knl_is_idle   tos_sys.o
    0x0800414e   0x0800414e   0x00000002   PAD
    0x08004150   0x08004150   0x00000012   Code   RO         2320    .text.knl_is_inirq  tos_sys.o
    0x08004162   0x08004162   0x00000002   PAD
    0x08004164   0x08004164   0x00000012   Code   RO         2322    .text.knl_is_sched_locked  tos_sys.o
    0x08004176   0x08004176   0x00000002   PAD
    0x08004178   0x08004178   0x00000014   Code   RO         2324    .text.knl_is_self   tos_sys.o
    0x0800418c   0x0800418c   0x0000000c   Code   RO         1511    .text.knl_object_alloc_is_dynamic  tos_char_fifo.o
    0x08004198   0x08004198   0x0000000c   Code   RO         2086    .text.knl_object_alloc_is_dynamic  tos_ring_queue.o
    0x080041a4   0x080041a4   0x0000000c   Code   RO         2383    .text.knl_object_alloc_is_dynamic  tos_task.o
    0x080041b0   0x080041b0   0x0000000c   Code   RO         1499    .text.knl_object_alloc_is_static  tos_char_fifo.o
    0x080041bc   0x080041bc   0x0000000c   Code   RO         1564    .text.knl_object_alloc_is_static  tos_event.o
    0x080041c8   0x080041c8   0x0000000c   Code   RO         1864    .text.knl_object_alloc_is_static  tos_mutex.o
    0x080041d4   0x080041d4   0x0000000c   Code   RO         2074    .text.knl_object_alloc_is_static  tos_ring_queue.o
    0x080041e0   0x080041e0   0x0000000c   Code   RO         2240    .text.knl_object_alloc_is_static  tos_sem.o
    0x080041ec   0x080041ec   0x0000000c   Code   RO         2367    .text.knl_object_alloc_is_static  tos_task.o
    0x080041f8   0x080041f8   0x00000006   Code   RO         1503    .text.knl_object_alloc_reset  tos_char_fifo.o
    0x080041fe   0x080041fe   0x00000002   PAD
    0x08004200   0x08004200   0x00000006   Code   RO         1568    .text.knl_object_alloc_reset  tos_event.o
    0x08004206   0x08004206   0x00000002   PAD
    0x08004208   0x08004208   0x00000006   Code   RO         1868    .text.knl_object_alloc_reset  tos_mutex.o
    0x0800420e   0x0800420e   0x00000002   PAD
    0x08004210   0x08004210   0x00000006   Code   RO         2078    .text.knl_object_alloc_reset  tos_ring_queue.o
    0x08004216   0x08004216   0x00000002   PAD
    0x08004218   0x08004218   0x00000006   Code   RO         2244    .text.knl_object_alloc_reset  tos_sem.o
    0x0800421e   0x0800421e   0x00000002   PAD
    0x08004220   0x08004220   0x00000006   Code   RO         2437    .text.knl_object_alloc_reset  tos_task.o
    0x08004226   0x08004226   0x00000002   PAD
    0x08004228   0x08004228   0x00000006   Code   RO         1507    .text.knl_object_alloc_set_dynamic  tos_char_fifo.o
    0x0800422e   0x0800422e   0x00000002   PAD
    0x08004230   0x08004230   0x00000006   Code   RO         2082    .text.knl_object_alloc_set_dynamic  tos_ring_queue.o
    0x08004236   0x08004236   0x00000002   PAD
    0x08004238   0x08004238   0x00000006   Code   RO         2379    .text.knl_object_alloc_set_dynamic  tos_task.o
    0x0800423e   0x0800423e   0x00000002   PAD
    0x08004240   0x08004240   0x00000006   Code   RO         1493    .text.knl_object_alloc_set_static  tos_char_fifo.o
    0x08004246   0x08004246   0x00000002   PAD
    0x08004248   0x08004248   0x00000006   Code   RO         1558    .text.knl_object_alloc_set_static  tos_event.o
    0x0800424e   0x0800424e   0x00000002   PAD
    0x08004250   0x08004250   0x00000006   Code   RO         1690    .text.knl_object_alloc_set_static  tos_mmblk.o
    0x08004256   0x08004256   0x00000002   PAD
    0x08004258   0x08004258   0x00000006   Code   RO         1858    .text.knl_object_alloc_set_static  tos_mutex.o
    0x0800425e   0x0800425e   0x00000002   PAD
    0x08004260   0x08004260   0x00000006   Code   RO         2068    .text.knl_object_alloc_set_static  tos_ring_queue.o
    0x08004266   0x08004266   0x00000002   PAD
    0x08004268   0x08004268   0x00000006   Code   RO         2232    .text.knl_object_alloc_set_static  tos_sem.o
    0x0800426e   0x0800426e   0x00000002   PAD
    0x08004270   0x08004270   0x00000006   Code   RO         2359    .text.knl_object_alloc_set_static  tos_task.o
    0x08004276   0x08004276   0x00000002   PAD
    0x08004278   0x08004278   0x00000006   Code   RO         1501    .text.knl_object_deinit  tos_char_fifo.o
    0x0800427e   0x0800427e   0x00000002   PAD
    0x08004280   0x08004280   0x00000006   Code   RO         1566    .text.knl_object_deinit  tos_event.o
    0x08004286   0x08004286   0x00000002   PAD
    0x08004288   0x08004288   0x00000006   Code   RO         1866    .text.knl_object_deinit  tos_mutex.o
    0x0800428e   0x0800428e   0x00000002   PAD
    0x08004290   0x08004290   0x00000006   Code   RO         2076    .text.knl_object_deinit  tos_ring_queue.o
    0x08004296   0x08004296   0x00000002   PAD
    0x08004298   0x08004298   0x00000006   Code   RO         2142    .text.knl_object_deinit  tos_rwlock.o
    0x0800429e   0x0800429e   0x00000002   PAD
    0x080042a0   0x080042a0   0x00000006   Code   RO         2242    .text.knl_object_deinit  tos_sem.o
    0x080042a6   0x080042a6   0x00000002   PAD
    0x080042a8   0x080042a8   0x00000006   Code   RO         2441    .text.knl_object_deinit  tos_task.o
    0x080042ae   0x080042ae   0x00000002   PAD
    0x080042b0   0x080042b0   0x00000008   Code   RO         1491    .text.knl_object_init  tos_char_fifo.o
    0x080042b8   0x080042b8   0x00000008   Code   RO         1556    .text.knl_object_init  tos_event.o
    0x080042c0   0x080042c0   0x00000008   Code   RO         1688    .text.knl_object_init  tos_mmblk.o
    0x080042c8   0x080042c8   0x00000008   Code   RO         1856    .text.knl_object_init  tos_mutex.o
    0x080042d0   0x080042d0   0x00000008   Code   RO         2066    .text.knl_object_init  tos_ring_queue.o
    0x080042d8   0x080042d8   0x00000008   Code   RO         2136    .text.knl_object_init  tos_rwlock.o
    0x080042e0   0x080042e0   0x00000008   Code   RO         2230    .text.knl_object_init  tos_sem.o
    0x080042e8   0x080042e8   0x00000008   Code   RO         2277    .text.knl_object_init  tos_stopwatch.o
    0x080042f0   0x080042f0   0x00000008   Code   RO         2357    .text.knl_object_init  tos_task.o
    0x080042f8   0x080042f8   0x00000010   Code   RO         1497    .text.knl_object_verify  tos_char_fifo.o
    0x08004308   0x08004308   0x00000010   Code   RO         1562    .text.knl_object_verify  tos_event.o
    0x08004318   0x08004318   0x00000010   Code   RO         1694    .text.knl_object_verify  tos_mmblk.o
    0x08004328   0x08004328   0x00000010   Code   RO         1862    .text.knl_object_verify  tos_mutex.o
    0x08004338   0x08004338   0x00000010   Code   RO         2072    .text.knl_object_verify  tos_ring_queue.o
    0x08004348   0x08004348   0x00000010   Code   RO         2140    .text.knl_object_verify  tos_rwlock.o
    0x08004358   0x08004358   0x00000010   Code   RO         2238    .text.knl_object_verify  tos_sem.o
    0x08004368   0x08004368   0x00000010   Code   RO         2281    .text.knl_object_verify  tos_stopwatch.o
    0x08004378   0x08004378   0x00000010   Code   RO         2351    .text.knl_object_verify  tos_task.o
    0x08004388   0x08004388   0x00000044   Code   RO         2330    .text.knl_sched     tos_sys.o
    0x080043cc   0x080043cc   0x000000b0   Code   RO           15    .text.main          main.o
    0x0800447c   0x0800447c   0x0000002a   Code   RO         1797    .text.mapping_insert  tos_mmheap.o
    0x080044a6   0x080044a6   0x00000002   PAD
    0x080044a8   0x080044a8   0x0000002c   Code   RO         1811    .text.mapping_search  tos_mmheap.o
    0x080044d4   0x080044d4   0x00000044   Code   RO         1725    .text.mmheap_ctl_init  tos_mmheap.o
    0x08004518   0x08004518   0x0000000a   Code   RO         1723    .text.mmheap_init   tos_mmheap.o
    0x08004522   0x08004522   0x00000002   PAD
    0x08004524   0x08004524   0x00000038   Code   RO         1775    .text.mmheap_pool_is_exist  tos_mmheap.o
    0x0800455c   0x0800455c   0x00000014   Code   RO         1773    .text.mmheap_pool_is_full  tos_mmheap.o
    0x08004570   0x08004570   0x00000016   Code   RO         1793    .text.mmheap_pool_record  tos_mmheap.o
    0x08004586   0x08004586   0x00000002   PAD
    0x08004588   0x08004588   0x00000048   Code   RO         1801    .text.mmheap_pool_unrecord  tos_mmheap.o
    0x080045d0   0x080045d0   0x00000014   Code   RO         1880    .text.mutex_fresh_owner_mark  tos_mutex.o
    0x080045e4   0x080045e4   0x00000022   Code   RO         1886    .text.mutex_new_owner_mark  tos_mutex.o
    0x08004606   0x08004606   0x00000002   PAD
    0x08004608   0x08004608   0x00000044   Code   RO         1850    .text.mutex_old_owner_release  tos_mutex.o
    0x0800464c   0x0800464c   0x00000014   Code   RO         1848    .text.mutex_release  tos_mutex.o
    0x08004660   0x08004660   0x00000004   Code   RO         1779    .text.offset_to_blk  tos_mmheap.o
    0x08004664   0x08004664   0x00000016   Code   RO         1907    .text.pend_highest_pending_prio_get  tos_pend.o
    0x0800467a   0x0800467a   0x00000002   PAD
    0x0800467c   0x0800467c   0x00000006   Code   RO         1911    .text.pend_highest_pending_task_get  tos_pend.o
    0x08004682   0x08004682   0x00000002   PAD
    0x08004684   0x08004684   0x00000004   Code   RO         1925    .text.pend_is_nopending  tos_pend.o
    0x08004688   0x08004688   0x00000032   Code   RO         1929    .text.pend_list_add  tos_pend.o
    0x080046ba   0x080046ba   0x00000002   PAD
    0x080046bc   0x080046bc   0x00000018   Code   RO         1927    .text.pend_list_adjust  tos_pend.o
    0x080046d4   0x080046d4   0x0000001a   Code   RO         1913    .text.pend_list_remove  tos_pend.o
    0x080046ee   0x080046ee   0x00000002   PAD
    0x080046f0   0x080046f0   0x00000004   Code   RO         1923    .text.pend_object_deinit  tos_pend.o
    0x080046f4   0x080046f4   0x00000004   Code   RO         1919    .text.pend_object_init  tos_pend.o
    0x080046f8   0x080046f8   0x00000030   Code   RO         1931    .text.pend_state2errno  tos_pend.o
    0x08004728   0x08004728   0x0000003a   Code   RO         1941    .text.pend_task_block  tos_pend.o
    0x08004762   0x08004762   0x00000002   PAD
    0x08004764   0x08004764   0x0000003c   Code   RO         1933    .text.pend_task_wakeup  tos_pend.o
    0x080047a0   0x080047a0   0x0000000c   Code   RO         1947    .text.pend_wakeup   tos_pend.o
    0x080047ac   0x080047ac   0x00000022   Code   RO         1945    .text.pend_wakeup_all  tos_pend.o
    0x080047ce   0x080047ce   0x00000002   PAD
    0x080047d0   0x080047d0   0x00000008   Code   RO         1943    .text.pend_wakeup_one  tos_pend.o
    0x080047d8   0x080047d8   0x00000032   Code   RO         2626    .text.port_fault_diagnosis  port_c.o
    0x0800480a   0x0800480a   0x00000002   PAD
    0x0800480c   0x0800480c   0x0000028c   Code   RO         2628    .text.port_fault_do_diagnosis  port_c.o
    0x08004a98   0x08004a98   0x00000004   Code   RO         2618    .text.port_systick_config  port_c.o
    0x08004a9c   0x08004a9c   0x00000004   Code   RO         2622    .text.port_systick_priority_set  port_c.o
    0x08004aa0   0x08004aa0   0x00000054   Code   RO           11    .text.print_boot    main.o
    0x08004af4   0x08004af4   0x0000001e   Code   RO         2195    .text.readyqueue_add  tos_sched.o
    0x08004b12   0x08004b12   0x00000002   PAD
    0x08004b14   0x08004b14   0x00000032   Code   RO         2185    .text.readyqueue_add_head  tos_sched.o
    0x08004b46   0x08004b46   0x00000002   PAD
    0x08004b48   0x08004b48   0x00000032   Code   RO         2191    .text.readyqueue_add_tail  tos_sched.o
    0x08004b7a   0x08004b7a   0x00000002   PAD
    0x08004b7c   0x08004b7c   0x00000020   Code   RO         2175    .text.readyqueue_first_task_get  tos_sched.o
    0x08004b9c   0x08004b9c   0x00000014   Code   RO         2179    .text.readyqueue_highest_ready_task_get  tos_sched.o
    0x08004bb0   0x08004bb0   0x00000026   Code   RO         2181    .text.readyqueue_init  tos_sched.o
    0x08004bd6   0x08004bd6   0x00000002   PAD
    0x08004bd8   0x08004bd8   0x0000001c   Code   RO         2173    .text.readyqueue_is_prio_onlyone  tos_sched.o
    0x08004bf4   0x08004bf4   0x00000026   Code   RO         2205    .text.readyqueue_move_head_to_tail  tos_sched.o
    0x08004c1a   0x08004c1a   0x00000002   PAD
    0x08004c1c   0x08004c1c   0x0000002e   Code   RO         2203    .text.readyqueue_prio_highest_get  tos_sched.o
    0x08004c4a   0x08004c4a   0x00000002   PAD
    0x08004c4c   0x08004c4c   0x00000022   Code   RO         2209    .text.readyqueue_prio_insert  tos_sched.o
    0x08004c6e   0x08004c6e   0x00000002   PAD
    0x08004c70   0x08004c70   0x0000001e   Code   RO         2187    .text.readyqueue_prio_mark  tos_sched.o
    0x08004c8e   0x08004c8e   0x00000002   PAD
    0x08004c90   0x08004c90   0x00000024   Code   RO         2201    .text.readyqueue_prio_remove  tos_sched.o
    0x08004cb4   0x08004cb4   0x00000046   Code   RO         2197    .text.readyqueue_remove  tos_sched.o
    0x08004cfa   0x08004cfa   0x00000002   PAD
    0x08004cfc   0x08004cfc   0x0000005e   Code   RO         1799    .text.remove_free_block  tos_mmheap.o
    0x08004d5a   0x08004d5a   0x00000002   PAD
    0x08004d5c   0x08004d5c   0x00000010   Code   RO         2092    .text.ring_q_item_copy_from  tos_ring_queue.o
    0x08004d6c   0x08004d6c   0x00000022   Code   RO         2100    .text.ring_q_item_copy_to  tos_ring_queue.o
    0x08004d8e   0x08004d8e   0x00000002   PAD
    0x08004d90   0x08004d90   0x00000018   Code   RO         2102    .text.ring_q_item_decrease  tos_ring_queue.o
    0x08004da8   0x08004da8   0x00000018   Code   RO         2094    .text.ring_q_item_increase  tos_ring_queue.o
    0x08004dc0   0x08004dc0   0x0000007e   Code   RO         2121    .text.robin_sched   tos_robin.o
    0x08004e3e   0x08004e3e   0x00000002   PAD
    0x08004e40   0x08004e40   0x0000006e   Code   RO         2258    .text.sem_do_post   tos_sem.o
    0x08004eae   0x08004eae   0x00000002   PAD
    0x08004eb0   0x08004eb0   0x00000004   Code   RO         2572    .text.soft_timer_init  tos_timer.o
    0x08004eb4   0x08004eb4   0x00000090   Code   RO         2570    .text.soft_timer_update  tos_timer.o
    0x08004f44   0x08004f44   0x00000004   Code   RO         1259    .text.syscall_cancle_delay  tlib.o
    0x08004f48   0x08004f48   0x00000008   Code   RO         1257    .text.syscall_delay  tlib.o
    0x08004f50   0x08004f50   0x0000000a   Code   RO         1319    .text.syscall_event_create  tlib.o
    0x08004f5a   0x08004f5a   0x00000002   PAD
    0x08004f5c   0x08004f5c   0x00000004   Code   RO         1321    .text.syscall_event_destroy  tlib.o
    0x08004f60   0x08004f60   0x00000020   Code   RO         1323    .text.syscall_event_pend  tlib.o
    0x08004f80   0x08004f80   0x0000000a   Code   RO         1325    .text.syscall_event_post  tlib.o
    0x08004f8a   0x08004f8a   0x00000002   PAD
    0x08004f8c   0x08004f8c   0x0000000a   Code   RO         1327    .text.syscall_event_post_keep  tlib.o
    0x08004f96   0x08004f96   0x00000002   PAD
    0x08004f98   0x08004f98   0x0000000c   Code   RO         1335    .text.syscall_fifo_create  tlib.o
    0x08004fa4   0x08004fa4   0x0000000a   Code   RO         1337    .text.syscall_fifo_create_dyn  tlib.o
    0x08004fae   0x08004fae   0x00000002   PAD
    0x08004fb0   0x08004fb0   0x00000004   Code   RO         1339    .text.syscall_fifo_destroy  tlib.o
    0x08004fb4   0x08004fb4   0x00000004   Code   RO         1341    .text.syscall_fifo_destroy_dyn  tlib.o
    0x08004fb8   0x08004fb8   0x00000004   Code   RO         1343    .text.syscall_fifo_flush  tlib.o
    0x08004fbc   0x08004fbc   0x00000014   Code   RO         1345    .text.syscall_fifo_is_empty  tlib.o
    0x08004fd0   0x08004fd0   0x00000014   Code   RO         1347    .text.syscall_fifo_is_full  tlib.o
    0x08004fe4   0x08004fe4   0x0000000a   Code   RO         1349    .text.syscall_fifo_pop  tlib.o
    0x08004fee   0x08004fee   0x00000002   PAD
    0x08004ff0   0x08004ff0   0x00000010   Code   RO         1351    .text.syscall_fifo_pop_stream  tlib.o
    0x08005000   0x08005000   0x00000008   Code   RO         1353    .text.syscall_fifo_push  tlib.o
    0x08005008   0x08005008   0x00000010   Code   RO         1355    .text.syscall_fifo_push_stream  tlib.o
    0x08005018   0x08005018   0x0000000a   Code   RO         1273    .text.syscall_get_depth  tlib.o
    0x08005022   0x08005022   0x00000002   PAD
    0x08005024   0x08005024   0x00000030   Code   RO         1253    .text.syscall_io_ctl  tlib.o
    0x08005054   0x08005054   0x000000c4   Code   RO         1255    .text.syscall_io_write  tlib.o
    0x08005118   0x08005118   0x000002d6   Code   RO         1241    .text.syscall_kernel  tlib.o
    0x080053ee   0x080053ee   0x00000002   PAD
    0x080053f0   0x080053f0   0x00000312   Code   RO         1365    .text.syscall_kernel_knl  tlib.o
    0x08005702   0x08005702   0x00000002   PAD
    0x08005704   0x08005704   0x0000000a   Code   RO         1293    .text.syscall_mmblk_alloc  tlib.o
    0x0800570e   0x0800570e   0x00000002   PAD
    0x08005710   0x08005710   0x0000000e   Code   RO         1291    .text.syscall_mmblk_create  tlib.o
    0x0800571e   0x0800571e   0x00000002   PAD
    0x08005720   0x08005720   0x0000000a   Code   RO         1295    .text.syscall_mmblk_free  tlib.o
    0x0800572a   0x0800572a   0x00000002   PAD
    0x0800572c   0x0800572c   0x0000000a   Code   RO         1275    .text.syscall_mmheap_add  tlib.o
    0x08005736   0x08005736   0x00000002   PAD
    0x08005738   0x08005738   0x0000001a   Code   RO         1279    .text.syscall_mmheap_aloc  tlib.o
    0x08005752   0x08005752   0x00000002   PAD
    0x08005754   0x08005754   0x0000001c   Code   RO         1281    .text.syscall_mmheap_aloc_align  tlib.o
    0x08005770   0x08005770   0x00000004   Code   RO         1285    .text.syscall_mmheap_free  tlib.o
    0x08005774   0x08005774   0x00000004   Code   RO         1289    .text.syscall_mmheap_pool_check_total  tlib.o
    0x08005778   0x08005778   0x0000000a   Code   RO         1287    .text.syscall_mmheap_pool_chk  tlib.o
    0x08005782   0x08005782   0x00000002   PAD
    0x08005784   0x08005784   0x0000001c   Code   RO         1283    .text.syscall_mmheap_realloc  tlib.o
    0x080057a0   0x080057a0   0x00000004   Code   RO         1277    .text.syscall_mmheap_rmv  tlib.o
    0x080057a4   0x080057a4   0x00000004   Code   RO         1297    .text.syscall_mutex_create  tlib.o
    0x080057a8   0x080057a8   0x00000004   Code   RO         1299    .text.syscall_mutex_destory  tlib.o
    0x080057ac   0x080057ac   0x00000004   Code   RO         1301    .text.syscall_mutex_pend  tlib.o
    0x080057b0   0x080057b0   0x0000000c   Code   RO         1303    .text.syscall_mutex_pend_timed  tlib.o
    0x080057bc   0x080057bc   0x00000004   Code   RO         1305    .text.syscall_mutex_post  tlib.o
    0x080057c0   0x080057c0   0x00000008   Code   RO         1269    .text.syscall_prio_chg  tlib.o
    0x080057c8   0x080057c8   0x00000004   Code   RO         1267    .text.syscall_resume  tlib.o
    0x080057cc   0x080057cc   0x00000004   Code   RO         1329    .text.syscall_rwlock_create  tlib.o
    0x080057d0   0x080057d0   0x00000004   Code   RO         1331    .text.syscall_rwlock_destory  tlib.o
    0x080057d4   0x080057d4   0x0000000c   Code   RO         1333    .text.syscall_rwlock_rpend_timed  tlib.o
    0x080057e0   0x080057e0   0x00000004   Code   RO         1263    .text.syscall_sched_lock  tlib.o
    0x080057e4   0x080057e4   0x00000004   Code   RO         1265    .text.syscall_sched_unlock  tlib.o
    0x080057e8   0x080057e8   0x00000008   Code   RO         1307    .text.syscall_sem_create  tlib.o
    0x080057f0   0x080057f0   0x0000000a   Code   RO         1309    .text.syscall_sem_create_max  tlib.o
    0x080057fa   0x080057fa   0x00000002   PAD
    0x080057fc   0x080057fc   0x00000004   Code   RO         1311    .text.syscall_sem_destory  tlib.o
    0x08005800   0x08005800   0x0000000c   Code   RO         1313    .text.syscall_sem_pend  tlib.o
    0x0800580c   0x0800580c   0x00000004   Code   RO         1315    .text.syscall_sem_post  tlib.o
    0x08005810   0x08005810   0x00000004   Code   RO         1317    .text.syscall_sem_post_all  tlib.o
    0x08005814   0x08005814   0x00000004   Code   RO         1261    .text.syscall_suspend  tlib.o
    0x08005818   0x08005818   0x00000048   Code   RO         1243    .text.syscall_task_create  tlib.o
    0x08005860   0x08005860   0x0000002a   Code   RO         1245    .text.syscall_task_create_dyn  tlib.o
    0x0800588a   0x0800588a   0x00000002   PAD
    0x0800588c   0x0800588c   0x00000028   Code   RO         1357    .text.syscall_task_create_ktd  tlib.o
    0x080058b4   0x080058b4   0x00000024   Code   RO         1359    .text.syscall_task_create_ktd_dyn  tlib.o
    0x080058d8   0x080058d8   0x00000004   Code   RO         1361    .text.syscall_task_dest_ktd  tlib.o
    0x080058dc   0x080058dc   0x00000004   Code   RO         1363    .text.syscall_task_dest_ktd_dyn  tlib.o
    0x080058e0   0x080058e0   0x00000004   Code   RO         1247    .text.syscall_task_remove  tlib.o
    0x080058e4   0x080058e4   0x00000004   Code   RO         1249    .text.syscall_task_remove_dyn  tlib.o
    0x080058e8   0x080058e8   0x0000000c   Code   RO         1251    .text.syscall_tcb_get  tlib.o
    0x080058f4   0x080058f4   0x0000000c   Code   RO         1271    .text.syscall_walkthrough  tlib.o
    0x08005900   0x08005900   0x00000004   Code   RO         1367    .text.syscall_yield  tlib.o
    0x08005904   0x08005904   0x00000080   Code   RO         2369    .text.task_do_destroy  tos_task.o
    0x08005984   0x08005984   0x00000006   Code   RO         2361    .text.task_exit     tos_task.o
    0x0800598a   0x0800598a   0x00000002   PAD
    0x0800598c   0x0800598c   0x0000002a   Code   RO         2375    .text.task_free     tos_task.o
    0x080059b6   0x080059b6   0x00000002   PAD
    0x080059b8   0x080059b8   0x0000003a   Code   RO         2371    .text.task_free_all  tos_task.o
    0x080059f2   0x080059f2   0x00000002   PAD
    0x080059f4   0x080059f4   0x0000002a   Code   RO         2399    .text.task_highest_pending_prio_get  tos_task.o
    0x08005a1e   0x08005a1e   0x00000002   PAD
    0x08005a20   0x08005a20   0x00000020   Code   RO         2445    .text.task_mutex_release  tos_task.o
    0x08005a40   0x08005a40   0x00000054   Code   RO         2353    .text.task_reset    tos_task.o
    0x08005a94   0x08005a94   0x00000180   Code   RO         1369    .text.task_shell_walker  tlib.o
    0x08005c14   0x08005c14   0x0000000a   Code   RO         1935    .text.task_state_is_pending  tos_pend.o
    0x08005c1e   0x08005c1e   0x00000002   PAD
    0x08005c20   0x08005c20   0x0000000a   Code   RO         2401    .text.task_state_is_pending  tos_task.o
    0x08005c2a   0x08005c2a   0x00000002   PAD
    0x08005c2c   0x08005c2c   0x0000000c   Code   RO         2405    .text.task_state_is_ready  tos_task.o
    0x08005c38   0x08005c38   0x0000000a   Code   RO         1937    .text.task_state_is_sleeping  tos_pend.o
    0x08005c42   0x08005c42   0x00000002   PAD
    0x08005c44   0x08005c44   0x0000000a   Code   RO         2403    .text.task_state_is_sleeping  tos_task.o
    0x08005c4e   0x08005c4e   0x00000002   PAD
    0x08005c50   0x08005c50   0x0000000a   Code   RO         1939    .text.task_state_is_suspended  tos_pend.o
    0x08005c5a   0x08005c5a   0x00000002   PAD
    0x08005c5c   0x08005c5c   0x0000000a   Code   RO         2413    .text.task_state_is_suspended  tos_task.o
    0x08005c66   0x08005c66   0x00000002   PAD
    0x08005c68   0x08005c68   0x0000000e   Code   RO         1917    .text.task_state_reset_pending  tos_pend.o
    0x08005c76   0x08005c76   0x00000002   PAD
    0x08005c78   0x08005c78   0x0000000e   Code   RO         2474    .text.task_state_reset_sleeping  tos_tick.o
    0x08005c86   0x08005c86   0x00000002   PAD
    0x08005c88   0x08005c88   0x0000000e   Code   RO         2415    .text.task_state_reset_suspended  tos_task.o
    0x08005c96   0x08005c96   0x00000002   PAD
    0x08005c98   0x08005c98   0x00000008   Code   RO         2447    .text.task_state_set_deleted  tos_task.o
    0x08005ca0   0x08005ca0   0x0000000e   Code   RO         1953    .text.task_state_set_pend  tos_pend.o
    0x08005cae   0x08005cae   0x00000002   PAD
    0x08005cb0   0x08005cb0   0x00000008   Code   RO         2363    .text.task_state_set_ready  tos_task.o
    0x08005cb8   0x08005cb8   0x0000000e   Code   RO         2468    .text.task_state_set_sleeping  tos_tick.o
    0x08005cc6   0x08005cc6   0x00000002   PAD
    0x08005cc8   0x08005cc8   0x0000000e   Code   RO         2409    .text.task_state_set_suspended  tos_task.o
    0x08005cd6   0x08005cd6   0x00000002   PAD
    0x08005cd8   0x08005cd8   0x00000012   Code   RO         2464    .text.tick_list_add  tos_tick.o
    0x08005cea   0x08005cea   0x00000002   PAD
    0x08005cec   0x08005cec   0x00000012   Code   RO         2470    .text.tick_list_remove  tos_tick.o
    0x08005cfe   0x08005cfe   0x00000002   PAD
    0x08005d00   0x08005d00   0x0000009e   Code   RO         2466    .text.tick_task_place  tos_tick.o
    0x08005d9e   0x08005d9e   0x00000002   PAD
    0x08005da0   0x08005da0   0x0000006a   Code   RO         2472    .text.tick_task_takeoff  tos_tick.o
    0x08005e0a   0x08005e0a   0x00000002   PAD
    0x08005e0c   0x08005e0c   0x0000007e   Code   RO         2476    .text.tick_update   tos_tick.o
    0x08005e8a   0x08005e8a   0x00000002   PAD
    0x08005e8c   0x08005e8c   0x0000007a   Code   RO         2558    .text.timer_place   tos_timer.o
    0x08005f06   0x08005f06   0x00000002   PAD
    0x08005f08   0x08005f08   0x00000050   Code   RO         2542    .text.timer_takeoff  tos_timer.o
    0x08005f58   0x08005f58   0x0000001a   Code   RO         2601    .text.tlib_init     tos_tlib.o
    0x08005f72   0x08005f72   0x00000002   PAD
    0x08005f74   0x08005f74   0x00000030   Code   RO         1489    .text.tos_chr_fifo_create  tos_char_fifo.o
    0x08005fa4   0x08005fa4   0x00000032   Code   RO         1505    .text.tos_chr_fifo_create_dyn  tos_char_fifo.o
    0x08005fd6   0x08005fd6   0x00000002   PAD
    0x08005fd8   0x08005fd8   0x0000004c   Code   RO         1495    .text.tos_chr_fifo_destroy  tos_char_fifo.o
    0x08006024   0x08006024   0x0000004c   Code   RO         1509    .text.tos_chr_fifo_destroy_dyn  tos_char_fifo.o
    0x08006070   0x08006070   0x0000002c   Code   RO         1521    .text.tos_chr_fifo_flush  tos_char_fifo.o
    0x0800609c   0x0800609c   0x0000001c   Code   RO         1523    .text.tos_chr_fifo_is_empty  tos_char_fifo.o
    0x080060b8   0x080060b8   0x0000001c   Code   RO         1525    .text.tos_chr_fifo_is_full  tos_char_fifo.o
    0x080060d4   0x080060d4   0x00000034   Code   RO         1517    .text.tos_chr_fifo_pop  tos_char_fifo.o
    0x08006108   0x08006108   0x00000062   Code   RO         1519    .text.tos_chr_fifo_pop_stream  tos_char_fifo.o
    0x0800616a   0x0800616a   0x00000002   PAD
    0x0800616c   0x0800616c   0x0000003a   Code   RO         1513    .text.tos_chr_fifo_push  tos_char_fifo.o
    0x080061a6   0x080061a6   0x00000002   PAD
    0x080061a8   0x080061a8   0x0000004a   Code   RO         1515    .text.tos_chr_fifo_push_stream  tos_char_fifo.o
    0x080061f2   0x080061f2   0x00000002   PAD
    0x080061f4   0x080061f4   0x00000004   Code   RO         2647    .text.tos_cpu_clz   tos_cpu.o
    0x080061f8   0x080061f8   0x00000004   Code   RO         2655    .text.tos_cpu_cpsr_restore  tos_cpu.o
    0x080061fc   0x080061fc   0x00000004   Code   RO         2653    .text.tos_cpu_cpsr_save  tos_cpu.o
    0x08006200   0x08006200   0x00000004   Code   RO         2649    .text.tos_cpu_int_disable  tos_cpu.o
    0x08006204   0x08006204   0x00000028   Code   RO         1554    .text.tos_event_create  tos_event.o
    0x0800622c   0x0800622c   0x00000060   Code   RO         1560    .text.tos_event_destroy  tos_event.o
    0x0800628c   0x0800628c   0x000000e2   Code   RO         1578    .text.tos_event_pend  tos_event.o
    0x0800636e   0x0800636e   0x00000002   PAD
    0x08006370   0x08006370   0x00000006   Code   RO         1582    .text.tos_event_post  tos_event.o
    0x08006376   0x08006376   0x00000002   PAD
    0x08006378   0x08006378   0x00000006   Code   RO         1586    .text.tos_event_post_keep  tos_event.o
    0x0800637e   0x0800637e   0x00000002   PAD
    0x08006380   0x08006380   0x0000000c   Code   RO         2688    .text.tos_fault_log_writer_set  tos_fault.o
    0x0800638c   0x0800638c   0x0000002c   Code   RO         2310    .text.tos_knl_init  tos_sys.o
    0x080063b8   0x080063b8   0x00000020   Code   RO         2314    .text.tos_knl_irq_enter  tos_sys.o
    0x080063d8   0x080063d8   0x00000060   Code   RO         2318    .text.tos_knl_irq_leave  tos_sys.o
    0x08006438   0x08006438   0x00000014   Code   RO         2316    .text.tos_knl_is_running  tos_sys.o
    0x0800644c   0x0800644c   0x0000004e   Code   RO         2326    .text.tos_knl_sched_lock  tos_sys.o
    0x0800649a   0x0800649a   0x00000002   PAD
    0x0800649c   0x0800649c   0x00000054   Code   RO         2328    .text.tos_knl_sched_unlock  tos_sys.o
    0x080064f0   0x080064f0   0x0000003e   Code   RO         2332    .text.tos_knl_start  tos_sys.o
    0x0800652e   0x0800652e   0x00000002   PAD
    0x08006530   0x08006530   0x00000006   Code   RO         1892    .text.tos_list_add  tos_mutex.o
    0x08006536   0x08006536   0x00000002   PAD
    0x08006538   0x08006538   0x00000006   Code   RO         2189    .text.tos_list_add  tos_sched.o
    0x0800653e   0x0800653e   0x00000002   PAD
    0x08006540   0x08006540   0x00000006   Code   RO         2355    .text.tos_list_add  tos_task.o
    0x08006546   0x08006546   0x00000002   PAD
    0x08006548   0x08006548   0x00000008   Code   RO         1951    .text.tos_list_add_tail  tos_pend.o
    0x08006550   0x08006550   0x00000008   Code   RO         2193    .text.tos_list_add_tail  tos_sched.o
    0x08006558   0x08006558   0x00000008   Code   RO         2484    .text.tos_list_add_tail  tos_tick.o
    0x08006560   0x08006560   0x00000008   Code   RO         2582    .text.tos_list_add_tail  tos_timer.o
    0x08006568   0x08006568   0x00000008   Code   RO         1888    .text.tos_list_del  tos_mutex.o
    0x08006570   0x08006570   0x00000008   Code   RO         1915    .text.tos_list_del  tos_pend.o
    0x08006578   0x08006578   0x00000008   Code   RO         2199    .text.tos_list_del  tos_sched.o
    0x08006580   0x08006580   0x00000008   Code   RO         2373    .text.tos_list_del  tos_task.o
    0x08006588   0x08006588   0x00000008   Code   RO         2488    .text.tos_list_del  tos_tick.o
    0x08006590   0x08006590   0x00000008   Code   RO         2574    .text.tos_list_del  tos_timer.o
    0x08006598   0x08006598   0x0000000c   Code   RO         1909    .text.tos_list_empty  tos_pend.o
    0x080065a4   0x080065a4   0x0000000c   Code   RO         2177    .text.tos_list_empty  tos_sched.o
    0x080065b0   0x080065b0   0x0000000c   Code   RO         2397    .text.tos_list_empty  tos_task.o
    0x080065bc   0x080065bc   0x0000000c   Code   RO         2478    .text.tos_list_empty  tos_tick.o
    0x080065c8   0x080065c8   0x0000000c   Code   RO         2576    .text.tos_list_empty  tos_timer.o
    0x080065d4   0x080065d4   0x00000006   Code   RO         1854    .text.tos_list_init  tos_mutex.o
    0x080065da   0x080065da   0x00000002   PAD
    0x080065dc   0x080065dc   0x00000006   Code   RO         1921    .text.tos_list_init  tos_pend.o
    0x080065e2   0x080065e2   0x00000002   PAD
    0x080065e4   0x080065e4   0x00000006   Code   RO         2183    .text.tos_list_init  tos_sched.o
    0x080065ea   0x080065ea   0x00000002   PAD
    0x080065ec   0x080065ec   0x00000006   Code   RO         2439    .text.tos_list_init  tos_task.o
    0x080065f2   0x080065f2   0x00000002   PAD
    0x080065f4   0x080065f4   0x00000016   Code   RO         2207    .text.tos_list_move_tail  tos_sched.o
    0x0800660a   0x0800660a   0x00000002   PAD
    0x0800660c   0x0800660c   0x00000054   Code   RO         1708    .text.tos_mmblk_alloc  tos_mmblk.o
    0x08006660   0x08006660   0x00000052   Code   RO         1710    .text.tos_mmblk_free  tos_mmblk.o
    0x080066b2   0x080066b2   0x00000002   PAD
    0x080066b4   0x080066b4   0x00000082   Code   RO         1686    .text.tos_mmblk_pool_create  tos_mmblk.o
    0x08006736   0x08006736   0x00000002   PAD
    0x08006738   0x08006738   0x0000007a   Code   RO         1741    .text.tos_mmheap_aligned_alloc  tos_mmheap.o
    0x080067b2   0x080067b2   0x00000002   PAD
    0x080067b4   0x080067b4   0x00000024   Code   RO         1731    .text.tos_mmheap_alloc  tos_mmheap.o
    0x080067d8   0x080067d8   0x0000001c   Code   RO         1739    .text.tos_mmheap_calloc  tos_mmheap.o
    0x080067f4   0x080067f4   0x00000054   Code   RO         1807    .text.tos_mmheap_check  tos_mmheap.o
    0x08006848   0x08006848   0x00000024   Code   RO         1749    .text.tos_mmheap_free  tos_mmheap.o
    0x0800686c   0x0800686c   0x000000a4   Code   RO         1729    .text.tos_mmheap_pool_add  tos_mmheap.o
    0x08006910   0x08006910   0x0000005e   Code   RO         1803    .text.tos_mmheap_pool_check  tos_mmheap.o
    0x0800696e   0x0800696e   0x00000002   PAD
    0x08006970   0x08006970   0x00000052   Code   RO         1795    .text.tos_mmheap_pool_rmv  tos_mmheap.o
    0x080069c2   0x080069c2   0x00000002   PAD
    0x080069c4   0x080069c4   0x000000a8   Code   RO         1761    .text.tos_mmheap_realloc  tos_mmheap.o
    0x08006a6c   0x08006a6c   0x00000044   Code   RO         1852    .text.tos_mutex_create  tos_mutex.o
    0x08006ab0   0x08006ab0   0x0000007e   Code   RO         1860    .text.tos_mutex_destroy  tos_mutex.o
    0x08006b2e   0x08006b2e   0x00000002   PAD
    0x08006b30   0x08006b30   0x0000000c   Code   RO         1882    .text.tos_mutex_pend  tos_mutex.o
    0x08006b3c   0x08006b3c   0x0000010c   Code   RO         1878    .text.tos_mutex_pend_timed  tos_mutex.o
    0x08006c48   0x08006c48   0x000000a6   Code   RO         1884    .text.tos_mutex_post  tos_mutex.o
    0x08006cee   0x08006cee   0x00000002   PAD
    0x08006cf0   0x08006cf0   0x0000002c   Code   RO         2064    .text.tos_ring_q_create  tos_ring_queue.o
    0x08006d1c   0x08006d1c   0x00000040   Code   RO         2080    .text.tos_ring_q_create_dyn  tos_ring_queue.o
    0x08006d5c   0x08006d5c   0x0000005c   Code   RO         2096    .text.tos_ring_q_dequeue  tos_ring_queue.o
    0x08006db8   0x08006db8   0x00000050   Code   RO         2070    .text.tos_ring_q_destroy  tos_ring_queue.o
    0x08006e08   0x08006e08   0x00000056   Code   RO         2084    .text.tos_ring_q_destroy_dyn  tos_ring_queue.o
    0x08006e5e   0x08006e5e   0x00000002   PAD
    0x08006e60   0x08006e60   0x0000006a   Code   RO         2088    .text.tos_ring_q_enqueue  tos_ring_queue.o
    0x08006eca   0x08006eca   0x00000002   PAD
    0x08006ecc   0x08006ecc   0x00000034   Code   RO         2104    .text.tos_ring_q_flush  tos_ring_queue.o
    0x08006f00   0x08006f00   0x00000024   Code   RO         2098    .text.tos_ring_q_is_empty  tos_ring_queue.o
    0x08006f24   0x08006f24   0x00000028   Code   RO         2090    .text.tos_ring_q_is_full  tos_ring_queue.o
    0x08006f4c   0x08006f4c   0x00000046   Code   RO         2134    .text.tos_rwlock_create  tos_rwlock.o
    0x08006f92   0x08006f92   0x00000002   PAD
    0x08006f94   0x08006f94   0x0000004c   Code   RO         2138    .text.tos_rwlock_destroy  tos_rwlock.o
    0x08006fe0   0x08006fe0   0x000000fc   Code   RO         2144    .text.tos_rwlock_rpend_timed  tos_rwlock.o
    0x080070dc   0x080070dc   0x00000008   Code   RO         2234    .text.tos_sem_create  tos_sem.o
    0x080070e4   0x080070e4   0x00000030   Code   RO         2228    .text.tos_sem_create_max  tos_sem.o
    0x08007114   0x08007114   0x0000006a   Code   RO         2236    .text.tos_sem_destroy  tos_sem.o
    0x0800717e   0x0800717e   0x00000002   PAD
    0x08007180   0x08007180   0x000000b6   Code   RO         2262    .text.tos_sem_pend  tos_sem.o
    0x08007236   0x08007236   0x00000002   PAD
    0x08007238   0x08007238   0x00000006   Code   RO         2256    .text.tos_sem_post  tos_sem.o
    0x0800723e   0x0800723e   0x00000002   PAD
    0x08007240   0x08007240   0x00000006   Code   RO         2260    .text.tos_sem_post_all  tos_sem.o
    0x08007246   0x08007246   0x00000002   PAD
    0x08007248   0x08007248   0x00000036   Code   RO         2285    .text.tos_stopwatch_countdown  tos_stopwatch.o
    0x0800727e   0x0800727e   0x00000002   PAD
    0x08007280   0x08007280   0x0000001a   Code   RO         2275    .text.tos_stopwatch_create  tos_stopwatch.o
    0x0800729a   0x0800729a   0x00000002   PAD
    0x0800729c   0x0800729c   0x0000002c   Code   RO         2295    .text.tos_stopwatch_is_expired  tos_stopwatch.o
    0x080072c8   0x080072c8   0x00000044   Code   RO         2293    .text.tos_stopwatch_remain  tos_stopwatch.o
    0x0800730c   0x0800730c   0x0000001c   Code   RO         2503    .text.tos_systick_get  tos_time.o
    0x08007328   0x08007328   0x00000114   Code   RO         2349    .text.tos_task_create  tos_task.o
    0x0800743c   0x0800743c   0x0000009e   Code   RO         2377    .text.tos_task_create_dyn  tos_task.o
    0x080074da   0x080074da   0x00000002   PAD
    0x080074dc   0x080074dc   0x000000ce   Code   RO         2389    .text.tos_task_create_dyn_tlib  tos_task.o
    0x080075aa   0x080075aa   0x00000002   PAD
    0x080075ac   0x080075ac   0x00000118   Code   RO         2385    .text.tos_task_create_tlib  tos_task.o
    0x080076c4   0x080076c4   0x00000028   Code   RO         2421    .text.tos_task_curr_task_get  tos_task.o
    0x080076ec   0x080076ec   0x0000006a   Code   RO         2417    .text.tos_task_delay  tos_task.o
    0x08007756   0x08007756   0x00000002   PAD
    0x08007758   0x08007758   0x00000088   Code   RO         2419    .text.tos_task_delay_abort  tos_task.o
    0x080077e0   0x080077e0   0x00000078   Code   RO         2365    .text.tos_task_destroy  tos_task.o
    0x08007858   0x08007858   0x000000b0   Code   RO         2381    .text.tos_task_destroy_dyn  tos_task.o
    0x08007908   0x08007908   0x00000034   Code   RO         2433    .text.tos_task_destroy_dyn_stk_chk  tos_task.o
    0x0800793c   0x0800793c   0x000000b0   Code   RO         2391    .text.tos_task_destroy_dyn_tlib  tos_task.o
    0x080079ec   0x080079ec   0x00000004   Code   RO         2435    .text.tos_task_destroy_stk_chk  tos_task.o
    0x080079f0   0x080079f0   0x0000008e   Code   RO         2387    .text.tos_task_destroy_tlib  tos_task.o
    0x08007a7e   0x08007a7e   0x00000002   PAD
    0x08007a80   0x08007a80   0x000000d4   Code   RO         2395    .text.tos_task_prio_change  tos_task.o
    0x08007b54   0x08007b54   0x00000066   Code   RO         2411    .text.tos_task_resume  tos_task.o
    0x08007bba   0x08007bba   0x00000002   PAD
    0x08007bbc   0x08007bbc   0x0000004e   Code   RO         2431    .text.tos_task_stack_draught_depth  tos_task.o
    0x08007c0a   0x08007c0a   0x00000002   PAD
    0x08007c0c   0x08007c0c   0x0000009e   Code   RO         2407    .text.tos_task_suspend  tos_task.o
    0x08007caa   0x08007caa   0x00000002   PAD
    0x08007cac   0x08007cac   0x0000003c   Code   RO         2425    .text.tos_task_walkthru  tos_task.o
    0x08007ce8   0x08007ce8   0x00000034   Code   RO         2393    .text.tos_task_yield  tos_task.o
    0x08007d1c   0x08007d1c   0x00000032   Code   RO         2482    .text.tos_tick_handler  tos_tick.o
    0x08007d4e   0x08007d4e   0x00000002   PAD
    0x08007d50   0x08007d50   0x0000008c   Code   RO         2597    .text.tos_tlib_task_stack_check  tos_tlib.o
    0x08007ddc   0x08007ddc   0x00000020   Code   RO         2978    i.__0printf         mc_w.l(printfa.o)
    0x08007dfc   0x08007dfc   0x00000010   Code   RO         2982    i.__0vprintf        mc_w.l(printfa.o)
    0x08007e0c   0x08007e0c   0x0000000e   Code   RO         3045    i.__scatterload_copy  mc_w.l(handlers.o)
    0x08007e1a   0x08007e1a   0x00000002   Code   RO         3046    i.__scatterload_null  mc_w.l(handlers.o)
    0x08007e1c   0x08007e1c   0x0000000e   Code   RO         3047    i.__scatterload_zeroinit  mc_w.l(handlers.o)
    0x08007e2a   0x08007e2a   0x00000002   PAD
    0x08007e2c   0x08007e2c   0x00000184   Code   RO         2985    i._fp_digits        mc_w.l(printfa.o)
    0x08007fb0   0x08007fb0   0x000006dc   Code   RO         2986    i._printf_core      mc_w.l(printfa.o)
    0x0800868c   0x0800868c   0x00000024   Code   RO         2987    i._printf_post_padding  mc_w.l(printfa.o)
    0x080086b0   0x080086b0   0x0000002e   Code   RO         2988    i._printf_pre_padding  mc_w.l(printfa.o)
    0x080086de   0x080086de   0x00000002   PAD
    0x080086e0   0x080086e0   0x00000024   Code   RO         2726    i.puts              mc_w.l(puts.o)
    0x08008704   0x08008704   0x0000000c   PAD
    0x08008710   0x08008710   0x00000020   Data   RO         1373    .rodata..Lswitch.table  tlib.o
    0x08008730   0x08008730   0x00000040   Data   RO         1227    .rodata.AHBPrescTable  system_stm32wlxx.o
    0x08008770   0x08008770   0x00000020   Data   RO         1228    .rodata.APBPrescTable  system_stm32wlxx.o
    0x08008790   0x08008790   0x00000040   Data   RO         1229    .rodata.MSIRangeTable  system_stm32wlxx.o
    0x080087d0   0x080087d0   0x00000006   Data   RO          476    .rodata.RCC_SetFlashLatency.FLASH_CLK_SRC_RANGE_VOS1  stm32wlxx_hal_rcc.o
    0x080087d6   0x080087d6   0x00000006   Data   RO          477    .rodata.RCC_SetFlashLatency.FLASH_CLK_SRC_RANGE_VOS2  stm32wlxx_hal_rcc.o
    0x080087dc   0x080087dc   0x00000018   Data   RO          291    .rodata.UARTPrescTable  stm32wlxx_hal_uart.o
    0x080087f4   0x080087f4   0x00000004   Data   RO         1606    .rodata.k_idle_task_stk_addr  tos_global.o
    0x080087f8   0x080087f8   0x00000004   Data   RO         1607    .rodata.k_idle_task_stk_size  tos_global.o
    0x080087fc   0x080087fc   0x00000180   Data   RO           25    .rodata.str1.1      main.o
    0x0800897c   0x0800897c   0x00000116   Data   RO         1372    .rodata.str1.1      tlib.o
    0x08008a92   0x08008a92   0x000003f4   Data   RO         2632    .rodata.str1.1      port_c.o
    0x08008e86   0x08008e86   0x00000130   Data   RO         2712    .rodata.str1.1      tos_fault.o
    0x08008fb6   0x08008fb6   0x00000002   PAD
    0x08008fb8   0x08008fb8   0x00000020   Data   RO         3043    Region$$Table       anon$$obj.o


    Execution Region RW_IRAM1 (Exec base: 0x20000000, Load base: 0x08008fd8, Size: 0x00007fe8, Max: 0x00008000, ABSOLUTE)

    Exec Addr    Load Addr    Size         Type   Attr      Idx    E Section Name        Object

    0x20000000   0x08008fd8   0x00000004   Data   RW         2732    .data               mc_w.l(stdout.o)
    0x20000004   0x08008fdc   0x00000004   Data   RW         1226    .data.SystemCoreClock  system_stm32wlxx.o
    0x20000008   0x08008fe0   0x00000020   Data   RW           26    .data.boot_message  main.o
    0x20000028   0x08009000   0x00000008   Data   RW         1608    .data.k_cpu_tick_per_second  tos_global.o
    0x20000030   0x08009008   0x00000008   Data   RW         1610    .data.k_dead_task_list  tos_global.o
    0x20000038   0x08009010   0x00000004   Data   RW         1613    .data.k_fault_log_writer  tos_global.o
    0x2000003c   0x08009014   0x00000004   Data   RW         1614    .data.k_robin_default_timeslice  tos_global.o
    0x20000040   0x08009018   0x00000008   Data   RW         1611    .data.k_stat_list   tos_global.o
    0x20000048   0x08009020   0x00000008   Data   RW         1612    .data.k_tick_list   tos_global.o
    0x20000050   0x08009028   0x00000010   Data   RW         1615    .data.k_timer_ctl   tos_global.o
    0x20000060   0x08009038   0x00000001   Data   RW         1180    .data.uwTickFreq    stm32wlxx_hal.o
    0x20000061   0x08009039   0x00000003   PAD
    0x20000064   0x0800903c   0x00000004   Data   RW         1179    .data.uwTickPrio    stm32wlxx_hal.o
    0x20000068        -       0x00000008   Zero   RW         1371    .bss.TOS_UART_2     tlib.o
    0x20000070        -       0x00000098   Zero   RW           28    .bss.app_entry_tcb  main.o
    0x20000108        -       0x00000400   Zero   RW           29    .bss.app_stack      main.o
    0x20000508        -       0x00000094   Zero   RW           69    .bss.huart2         usart.o
    0x2000059c        -       0x00000004   Zero   RW         1609    .bss.k_cpu_cycle_per_tick  tos_global.o
    0x200005a0        -       0x00000004   Zero   RW         1603    .bss.k_curr_task    tos_global.o
    0x200005a4   0x08009040   0x00000004   PAD
    0x200005a8        -       0x00000098   Zero   RW         1617    .bss.k_idle_task    tos_global.o
    0x20000640        -       0x00000080   Zero   RW         1605    .bss.k_idle_task_stk  tos_global.o
    0x200006c0        -       0x00000001   Zero   RW         1599    .bss.k_irq_nest_cnt  tos_global.o
    0x200006c1        -       0x00000001   Zero   RW         1601    .bss.k_knl_state    tos_global.o
    0x200006c2   0x08009040   0x00000002   PAD
    0x200006c4        -       0x00000018   Zero   RW         1620    .bss.k_mmblk_kernel_stk_ctl  tos_global.o
    0x200006dc        -       0x00000c84   Zero   RW         1618    .bss.k_mmheap_ctl   tos_global.o
    0x20001360        -       0x00000004   Zero   RW         1604    .bss.k_next_task    tos_global.o
    0x20001364        -       0x00000058   Zero   RW         1616    .bss.k_rdyq         tos_global.o
    0x200013bc        -       0x00000001   Zero   RW         1600    .bss.k_sched_lock_nest_cnt  tos_global.o
    0x200013bd   0x08009040   0x00000003   PAD
    0x200013c0        -       0x00006800   Zero   RW         1619    .bss.k_stack_pool   tos_global.o
    0x20007bc0        -       0x00000008   Zero   RW         1602    .bss.k_tick_count   tos_global.o
    0x20007bc8        -       0x00000018   Zero   RW          644    .bss.pFlash         stm32wlxx_hal_flash.o
    0x20007be0        -       0x00000001   Zero   RW           27    .bss.rx_data        main.o
    0x20007be1   0x08009040   0x00000003   PAD
    0x20007be4        -       0x00000004   Zero   RW         1181    .bss.uwTick         stm32wlxx_hal.o
    0x20007be8        -       0x00000400   Zero   RW            1    STACK               startup_stm32wle5xx.o


==============================================================================

Image component sizes


      Code (inc. data)   RO Data    RW Data    ZI Data      Debug   Object Name

        44          0          0          0          0       2008   gpio.o
       696         36        384         32       1177      15441   main.o
       786        136       1012          0          0       7844   port_c.o
       448         18          0          0          0        412   port_s.o
        40         10        312          0       1024        796   startup_stm32wle5xx.o
        32          0          0          0          0        971   stdio.o
       168          0          0          5          4      13458   stm32wlxx_hal.o
       412          0          0          0          0      10142   stm32wlxx_hal_cortex.o
       240          0          0          0          0       8019   stm32wlxx_hal_dma.o
       400          0          0          0         24       5558   stm32wlxx_hal_flash.o
       248          0          0          0          0       6810   stm32wlxx_hal_flash_ex.o
       438          0          0          0          0       4909   stm32wlxx_hal_gpio.o
         2          0          0          0          0        419   stm32wlxx_hal_msp.o
        18          0          0          0          0       5899   stm32wlxx_hal_pwr.o
        16          0          0          0          0      11842   stm32wlxx_hal_pwr_ex.o
      2912         12         12          0          0      16778   stm32wlxx_hal_rcc.o
       568          0          0          0          0      13585   stm32wlxx_hal_rcc_ex.o
      4292         30         24          0          0      31367   stm32wlxx_hal_uart.o
       346         16          0          0          0      10569   stm32wlxx_hal_uart_ex.o
       208        112          0          0          0       1115   stm32wlxx_it.o
         2          0        160          4          0       2500   system_stm32wlxx.o
      2848        436        310          0          8      24687   tlib.o
        12          0          0          0          0        344   tlib_port.o
       704          0          0          0          0       9566   tos_char_fifo.o
       318          0          0          0          0       6133   tos_cpu.o
       606          0          0          0          0      10815   tos_event.o
      1286        436        304          0          0       7772   tos_fault.o
         0          0          8         56      30243       6191   tos_global.o
       326          0          0          0          0       8361   tos_mmblk.o
      2178          0          0          0          0      17932   tos_mmheap.o
       872          0          0          0          0      11597   tos_mutex.o
       468          4          0          0          0      10863   tos_pend.o
       770          0          0          0          0       9714   tos_ring_queue.o
       126          0          0          0          0       4643   tos_robin.o
       428          0          0          0          0      10836   tos_rwlock.o
       588          0          0          0          0       7643   tos_sched.o
       520          0          0          0          0       9176   tos_sem.o
       216          0          0          0          0       7297   tos_stopwatch.o
       640          8          0          0          0       9005   tos_sys.o
      3132          0          0          0          0      19554   tos_task.o
       548          0          0          0          0       6591   tos_tick.o
        28          0          0          0          0       4971   tos_time.o
       394          0          0          0          0      12021   tos_timer.o
       282         32          0          0          0       4470   tos_tlib.o
       332          0          0          0        148       9144   usart.o

    ----------------------------------------------------------------------
     30448       1286       2560        100      32640     399768   Object Totals
         0          0         32          0          0          0   (incl. Generated)
       510          0          2          3         12          0   (incl. Padding)

    ----------------------------------------------------------------------

      Code (inc. data)   RO Data    RW Data    ZI Data      Debug   Library Member Name

         0          0          0          0          0          0   entry.o
         0          0          0          0          0          0   entry10a.o
         0          0          0          0          0          0   entry11a.o
         8          4          0          0          0          0   entry2.o
         4          0          0          0          0          0   entry5.o
         0          0          0          0          0          0   entry7b.o
         0          0          0          0          0          0   entry8b.o
         8          4          0          0          0          0   entry9a.o
        30          0          0          0          0          0   handlers.o
        36          8          0          0          0         68   init.o
         0          0          0          0          0          0   iusefp.o
        30          0          0          0          0         68   llshl.o
        36          0          0          0          0         68   llsshr.o
        32          0          0          0          0         68   llushr.o
        36          0          0          0          0         68   memcpya.o
        36          0          0          0          0        108   memseta.o
      2274         98          0          0          0        520   printfa.o
        36          6          0          0          0         80   puts.o
         0          0          0          4          0          0   stdout.o
        24          0          0          0          0         76   strncpy.o
        44          0          0          0          0         80   uidiv.o
        98          0          0          0          0         92   uldiv.o
        48          0          0          0          0         68   cdrcmple.o
       334          0          0          0          0        148   dadd.o
       222          0          0          0          0        100   ddiv.o
       186          0          0          0          0        176   depilogue.o
        48          0          0          0          0         68   dfixul.o
       228          0          0          0          0         96   dmul.o

    ----------------------------------------------------------------------
      3816        132          0          4          0       1952   Library Totals
        18         12          0          0          0          0   (incl. Padding)

    ----------------------------------------------------------------------

      Code (inc. data)   RO Data    RW Data    ZI Data      Debug   Library Name

      2732        120          0          4          0       1296   mc_w.l
      1066          0          0          0          0        656   mf_w.l

    ----------------------------------------------------------------------
      3816        132          0          4          0       1952   Library Totals

    ----------------------------------------------------------------------

==============================================================================


      Code (inc. data)   RO Data    RW Data    ZI Data      Debug   

     34264       1418       2560        104      32640     400140   Grand Totals
     34264       1418       2560        104      32640     400140   ELF Image Totals
     34264       1418       2560        104          0          0   ROM Totals

==============================================================================

    Total RO  Size (Code + RO Data)                36824 (  35.96kB)
    Total RW  Size (RW Data + ZI Data)             32744 (  31.98kB)
    Total ROM Size (Code + RO Data + RW Data)      36928 (  36.06kB)

==============================================================================

