<html>
<body>
<pre>
<h1>µVision Build Log</h1>
<h2>Tool Versions:</h2>
IDE-Version: ¦ÌVision V5.24.2.0
Copyright (C) 2017 ARM Ltd and ARM Germany GmbH. All rights reserved.
License Information: Luo Jerry, SiChuanUniversity, LIC=RC93N-Y7JIZ-GKABG-V9M8A-01QVU-5DP4V
 
Tool Versions:
Toolchain:       MDK-ARM Plus  Version: 5.24.1
Toolchain Path:  D:\Keil5\ARM\ARMCLANG\Bin
C Compiler:      ArmClang.exe V6.7
Assembler:       Armasm.exe V6.7
Linker/Locator:  ArmLink.exe V6.7
Library Manager: ArmAr.exe V6.7
Hex Converter:   FromElf.exe V6.7
CPU DLL:         SARMCM3.DLL V5.24.1
Dialog DLL:      DCM.DLL V1.16.0.0
Target DLL:      STLink\ST-LINKIII-KEIL_SWO.dll V3.0.1.0
Dialog DLL:      TCM.DLL V1.32.0.0
 
<h2>Project:</h2>
C:\Users\Jerry\Desktop\tos_tlib\TLIB_KEIL\TOS_KERNEL_PRJ_KEIL\MDK-ARM\tos_tlib_kernel.uvprojx
Project File Date:  09/15/2023

<h2>Output:</h2>
*** Using Compiler 'V6.7', folder: 'D:\Keil5\ARM\ARMCLANG\Bin'
Rebuild Project 'tos_tlib_kernel' - Target 'tos_tlib_kernel'
assembling startup_stm32wle5xx.s...
compiling stm32wlxx_hal_uart_ex.c...
compiling stm32wlxx_hal_flash.c...
compiling stm32wlxx_hal_tim.c...
compiling stm32wlxx_hal_msp.c...
compiling usart.c...
compiling stm32wlxx_hal_tim_ex.c...
compiling gpio.c...
compiling stdio.c...
compiling stm32wlxx_it.c...
compiling main.c...
compiling stm32wlxx_hal_flash_ex.c...
compiling stm32wlxx_hal_rcc_ex.c...
compiling stm32wlxx_hal_rcc.c...
compiling stm32wlxx_hal_gpio.c...
assembling tlib_port.s...
compiling stm32wlxx_hal_dma.c...
compiling stm32wlxx_hal_dma_ex.c...
compiling stm32wlxx_hal_uart.c...
compiling stm32wlxx_hal_pwr.c...
compiling stm32wlxx_hal_pwr_ex.c...
compiling stm32wlxx_hal_cortex.c...
compiling system_stm32wlxx.c...
compiling stm32wlxx_hal.c...
compiling stm32wlxx_hal_exti.c...
compiling tos_barrier.c...
compiling tos_binary_heap.c...
compiling tos_bitmap.c...
compiling tlib.c...
compiling tos_completion.c...
compiling tos_char_fifo.c...
compiling tos_countdownlatch.c...
compiling tos_message_queue.c...
compiling tos_global.c...
compiling tos_event.c...
compiling tos_mail_queue.c...
compiling tos_mmblk.c...
compiling tos_priority_mail_queue.c...
compiling tos_pend.c...
compiling tos_priority_message_queue.c...
compiling tos_mutex.c...
compiling tos_mmheap.c...
compiling tos_robin.c...
compiling tos_ring_queue.c...
compiling tos_priority_queue.c...
compiling tos_sched.c...
compiling tos_rwlock.c...
assembling port_s.S...
compiling tos_sem.c...
compiling tos_sys.c...
compiling tos_stopwatch.c...
compiling tos_tick.c...
compiling tos_time.c...
compiling tos_tlib.c...
compiling tos_task.c...
compiling tos_timer.c...
compiling port_c.c...
compiling tos_cpu.c...
compiling tos_fault.c...
linking...
Program Size: Code=34264 RO-data=2560 RW-data=104 ZI-data=32640  
FromELF: creating hex file...
"tos_tlib_kernel\tos_tlib_kernel.axf" - 0 Error(s), 0 Warning(s).

<h2>Software Packages used:</h2>

Package Vendor: ARM
                http://www.keil.com/pack/ARM.CMSIS.5.0.1.pack
                ARM.CMSIS.5.0.1
                CMSIS (Cortex Microcontroller Software Interface Standard)
   * Component: CORE Version: 5.0.1

Package Vendor: Keil
                http://www.keil.com/pack/Keil.STM32WLxx_DFP.1.1.0.pack
                Keil.STM32WLxx_DFP.1.1.0
                STMicroelectronics STM32WL Series Device Support

<h2>Collection of Component include folders:</h2>
  .\RTE\_tos_tlib_kernel
  D:\Keil5\ARM\PACK\ARM\CMSIS\5.0.1\CMSIS\Include
  D:\Keil5\ARM\PACK\Keil\STM32WLxx_DFP\1.1.0\Drivers\CMSIS\Device\ST\STM32WLxx\Include

<h2>Collection of Component Files used:</h2>

   * Component: ARM::CMSIS:CORE:5.0.1
Build Time Elapsed:  00:00:04
</pre>
</body>
</html>
