<!doctype html public "-//w3c//dtd html 4.0 transitional//en">
<html><head>
<title>Static Call Graph - [32_TOS\32_TOS.axf]</title></head>
<body><HR>
<H1>Static Call Graph for image 32_TOS\32_TOS.axf</H1><HR>
<BR><P>#&#060CALLGRAPH&#062# ARM Linker, 6070001: Last Updated: Mon Sep  4 12:24:21 2023
<BR><P>
<H3>Maximum Stack Usage =        232 bytes + Unknown(Functions without stacksize, Cycles, Untraceable Function Pointers)</H3><H3>
Call chain for Maximum Stack Depth:</H3>
main &rArr; SystemClock_Config &rArr; HAL_RCC_OscConfig &rArr; HAL_InitTick &rArr; HAL_RCC_GetHCLKFreq &rArr; HAL_RCC_GetSysClockFreq
<P>
<H3>
Functions with no stack information
</H3><UL>
 <LI><a href="#[207]">port_int_disable</a>
 <LI><a href="#[208]">port_int_enable</a>
 <LI><a href="#[1a5]">port_cpsr_save</a>
 <LI><a href="#[1a4]">port_cpsr_restore</a>
 <LI><a href="#[1a3]">port_clz</a>
 <LI><a href="#[f7]">port_sched_start</a>
 <LI><a href="#[54]">port_context_switch</a>
 <LI><a href="#[f5]">port_irq_context_switch</a>
 <LI><a href="#[8]">PendSV_Handler</a>
 <LI><a href="#[6]">SVC_Handler</a>
 <LI><a href="#[1e4]">syscall</a>
</UL>
</UL>
<P>
<H3>
Mutually Recursive functions
</H3> <LI><a href="#[1c]">ADC_IRQHandler</a>&nbsp;&nbsp;&nbsp;&rArr;&nbsp;&nbsp;&nbsp;<a href="#[1c]">ADC_IRQHandler</a><BR>
 <LI><a href="#[4]">BusFault_Handler</a>&nbsp;&nbsp;&nbsp;&rArr;&nbsp;&nbsp;&nbsp;<a href="#[4]">BusFault_Handler</a><BR>
 <LI><a href="#[2]">HardFault_Handler</a>&nbsp;&nbsp;&nbsp;&rArr;&nbsp;&nbsp;&nbsp;<a href="#[2]">HardFault_Handler</a><BR>
 <LI><a href="#[3]">MemManage_Handler</a>&nbsp;&nbsp;&nbsp;&rArr;&nbsp;&nbsp;&nbsp;<a href="#[3]">MemManage_Handler</a><BR>
 <LI><a href="#[1]">NMI_Handler</a>&nbsp;&nbsp;&nbsp;&rArr;&nbsp;&nbsp;&nbsp;<a href="#[1]">NMI_Handler</a><BR>
 <LI><a href="#[5]">UsageFault_Handler</a>&nbsp;&nbsp;&nbsp;&rArr;&nbsp;&nbsp;&nbsp;<a href="#[5]">UsageFault_Handler</a><BR>
</UL>
<P>
<H3>
Function Pointers
</H3><UL>
 <LI><a href="#[1c]">ADC_IRQHandler</a> from startup_stm32wle5xx.o(.text) referenced from startup_stm32wle5xx.o(RESET)
 <LI><a href="#[3a]">AES_IRQHandler</a> from startup_stm32wle5xx.o(.text) referenced from startup_stm32wle5xx.o(RESET)
 <LI><a href="#[4]">BusFault_Handler</a> from stm32wlxx_it.o(.text.BusFault_Handler) referenced from startup_stm32wle5xx.o(RESET)
 <LI><a href="#[1e]">COMP_IRQHandler</a> from startup_stm32wle5xx.o(.text) referenced from startup_stm32wle5xx.o(RESET)
 <LI><a href="#[1d]">DAC_IRQHandler</a> from startup_stm32wle5xx.o(.text) referenced from startup_stm32wle5xx.o(RESET)
 <LI><a href="#[15]">DMA1_Channel1_IRQHandler</a> from startup_stm32wle5xx.o(.text) referenced from startup_stm32wle5xx.o(RESET)
 <LI><a href="#[16]">DMA1_Channel2_IRQHandler</a> from startup_stm32wle5xx.o(.text) referenced from startup_stm32wle5xx.o(RESET)
 <LI><a href="#[17]">DMA1_Channel3_IRQHandler</a> from startup_stm32wle5xx.o(.text) referenced from startup_stm32wle5xx.o(RESET)
 <LI><a href="#[18]">DMA1_Channel4_IRQHandler</a> from startup_stm32wle5xx.o(.text) referenced from startup_stm32wle5xx.o(RESET)
 <LI><a href="#[19]">DMA1_Channel5_IRQHandler</a> from startup_stm32wle5xx.o(.text) referenced from startup_stm32wle5xx.o(RESET)
 <LI><a href="#[1a]">DMA1_Channel6_IRQHandler</a> from startup_stm32wle5xx.o(.text) referenced from startup_stm32wle5xx.o(RESET)
 <LI><a href="#[1b]">DMA1_Channel7_IRQHandler</a> from startup_stm32wle5xx.o(.text) referenced from startup_stm32wle5xx.o(RESET)
 <LI><a href="#[3d]">DMA2_Channel1_IRQHandler</a> from startup_stm32wle5xx.o(.text) referenced from startup_stm32wle5xx.o(RESET)
 <LI><a href="#[3e]">DMA2_Channel2_IRQHandler</a> from startup_stm32wle5xx.o(.text) referenced from startup_stm32wle5xx.o(RESET)
 <LI><a href="#[3f]">DMA2_Channel3_IRQHandler</a> from startup_stm32wle5xx.o(.text) referenced from startup_stm32wle5xx.o(RESET)
 <LI><a href="#[40]">DMA2_Channel4_IRQHandler</a> from startup_stm32wle5xx.o(.text) referenced from startup_stm32wle5xx.o(RESET)
 <LI><a href="#[41]">DMA2_Channel5_IRQHandler</a> from startup_stm32wle5xx.o(.text) referenced from startup_stm32wle5xx.o(RESET)
 <LI><a href="#[42]">DMA2_Channel6_IRQHandler</a> from startup_stm32wle5xx.o(.text) referenced from startup_stm32wle5xx.o(RESET)
 <LI><a href="#[43]">DMA2_Channel7_IRQHandler</a> from startup_stm32wle5xx.o(.text) referenced from startup_stm32wle5xx.o(RESET)
 <LI><a href="#[44]">DMAMUX1_OVR_IRQHandler</a> from startup_stm32wle5xx.o(.text) referenced from startup_stm32wle5xx.o(RESET)
 <LI><a href="#[7]">DebugMon_Handler</a> from stm32wlxx_it.o(.text.DebugMon_Handler) referenced from startup_stm32wle5xx.o(RESET)
 <LI><a href="#[10]">EXTI0_IRQHandler</a> from startup_stm32wle5xx.o(.text) referenced from startup_stm32wle5xx.o(RESET)
 <LI><a href="#[32]">EXTI15_10_IRQHandler</a> from startup_stm32wle5xx.o(.text) referenced from startup_stm32wle5xx.o(RESET)
 <LI><a href="#[11]">EXTI1_IRQHandler</a> from startup_stm32wle5xx.o(.text) referenced from startup_stm32wle5xx.o(RESET)
 <LI><a href="#[12]">EXTI2_IRQHandler</a> from startup_stm32wle5xx.o(.text) referenced from startup_stm32wle5xx.o(RESET)
 <LI><a href="#[13]">EXTI3_IRQHandler</a> from startup_stm32wle5xx.o(.text) referenced from startup_stm32wle5xx.o(RESET)
 <LI><a href="#[14]">EXTI4_IRQHandler</a> from startup_stm32wle5xx.o(.text) referenced from startup_stm32wle5xx.o(RESET)
 <LI><a href="#[1f]">EXTI9_5_IRQHandler</a> from startup_stm32wle5xx.o(.text) referenced from startup_stm32wle5xx.o(RESET)
 <LI><a href="#[e]">FLASH_IRQHandler</a> from startup_stm32wle5xx.o(.text) referenced from startup_stm32wle5xx.o(RESET)
 <LI><a href="#[36]">HSEM_IRQHandler</a> from startup_stm32wle5xx.o(.text) referenced from startup_stm32wle5xx.o(RESET)
 <LI><a href="#[2]">HardFault_Handler</a> from stm32wlxx_it.o(.text.HardFault_Handler) referenced from startup_stm32wle5xx.o(RESET)
 <LI><a href="#[28]">I2C1_ER_IRQHandler</a> from startup_stm32wle5xx.o(.text) referenced from startup_stm32wle5xx.o(RESET)
 <LI><a href="#[27]">I2C1_EV_IRQHandler</a> from startup_stm32wle5xx.o(.text) referenced from startup_stm32wle5xx.o(RESET)
 <LI><a href="#[2a]">I2C2_ER_IRQHandler</a> from startup_stm32wle5xx.o(.text) referenced from startup_stm32wle5xx.o(RESET)
 <LI><a href="#[29]">I2C2_EV_IRQHandler</a> from startup_stm32wle5xx.o(.text) referenced from startup_stm32wle5xx.o(RESET)
 <LI><a href="#[38]">I2C3_ER_IRQHandler</a> from startup_stm32wle5xx.o(.text) referenced from startup_stm32wle5xx.o(RESET)
 <LI><a href="#[37]">I2C3_EV_IRQHandler</a> from startup_stm32wle5xx.o(.text) referenced from startup_stm32wle5xx.o(RESET)
 <LI><a href="#[30]">LPTIM1_IRQHandler</a> from startup_stm32wle5xx.o(.text) referenced from startup_stm32wle5xx.o(RESET)
 <LI><a href="#[31]">LPTIM2_IRQHandler</a> from startup_stm32wle5xx.o(.text) referenced from startup_stm32wle5xx.o(RESET)
 <LI><a href="#[34]">LPTIM3_IRQHandler</a> from startup_stm32wle5xx.o(.text) referenced from startup_stm32wle5xx.o(RESET)
 <LI><a href="#[2f]">LPUART1_IRQHandler</a> from startup_stm32wle5xx.o(.text) referenced from startup_stm32wle5xx.o(RESET)
 <LI><a href="#[3]">MemManage_Handler</a> from stm32wlxx_it.o(.text.MemManage_Handler) referenced from startup_stm32wle5xx.o(RESET)
 <LI><a href="#[1]">NMI_Handler</a> from stm32wlxx_it.o(.text.NMI_Handler) referenced from startup_stm32wle5xx.o(RESET)
 <LI><a href="#[3c]">PKA_IRQHandler</a> from startup_stm32wle5xx.o(.text) referenced from startup_stm32wle5xx.o(RESET)
 <LI><a href="#[b]">PVD_PVM_IRQHandler</a> from startup_stm32wle5xx.o(.text) referenced from startup_stm32wle5xx.o(RESET)
 <LI><a href="#[8]">PendSV_Handler</a> from port_s.o(.text) referenced from startup_stm32wle5xx.o(RESET)
 <LI><a href="#[f]">RCC_IRQHandler</a> from startup_stm32wle5xx.o(.text) referenced from startup_stm32wle5xx.o(RESET)
 <LI><a href="#[3b]">RNG_IRQHandler</a> from startup_stm32wle5xx.o(.text) referenced from startup_stm32wle5xx.o(RESET)
 <LI><a href="#[33]">RTC_Alarm_IRQHandler</a> from startup_stm32wle5xx.o(.text) referenced from startup_stm32wle5xx.o(RESET)
 <LI><a href="#[d]">RTC_WKUP_IRQHandler</a> from startup_stm32wle5xx.o(.text) referenced from startup_stm32wle5xx.o(RESET)
 <LI><a href="#[0]">Reset_Handler</a> from startup_stm32wle5xx.o(.text) referenced from startup_stm32wle5xx.o(RESET)
 <LI><a href="#[2b]">SPI1_IRQHandler</a> from startup_stm32wle5xx.o(.text) referenced from startup_stm32wle5xx.o(RESET)
 <LI><a href="#[2c]">SPI2_IRQHandler</a> from startup_stm32wle5xx.o(.text) referenced from startup_stm32wle5xx.o(RESET)
 <LI><a href="#[35]">SUBGHZSPI_IRQHandler</a> from startup_stm32wle5xx.o(.text) referenced from startup_stm32wle5xx.o(RESET)
 <LI><a href="#[39]">SUBGHZ_Radio_IRQHandler</a> from startup_stm32wle5xx.o(.text) referenced from startup_stm32wle5xx.o(RESET)
 <LI><a href="#[6]">SVC_Handler</a> from port_s.o(.text) referenced from startup_stm32wle5xx.o(RESET)
 <LI><a href="#[9]">SysTick_Handler</a> from stm32wlxx_it.o(.text.SysTick_Handler) referenced from startup_stm32wle5xx.o(RESET)
 <LI><a href="#[46]">SystemInit</a> from system_stm32wlxx.o(.text.SystemInit) referenced from startup_stm32wle5xx.o(.text)
 <LI><a href="#[c]">TAMP_STAMP_LSECSS_SSRU_IRQHandler</a> from startup_stm32wle5xx.o(.text) referenced from startup_stm32wle5xx.o(RESET)
 <LI><a href="#[25]">TIM16_IRQHandler</a> from startup_stm32wle5xx.o(.text) referenced from startup_stm32wle5xx.o(RESET)
 <LI><a href="#[26]">TIM17_IRQHandler</a> from startup_stm32wle5xx.o(.text) referenced from startup_stm32wle5xx.o(RESET)
 <LI><a href="#[20]">TIM1_BRK_IRQHandler</a> from startup_stm32wle5xx.o(.text) referenced from startup_stm32wle5xx.o(RESET)
 <LI><a href="#[23]">TIM1_CC_IRQHandler</a> from startup_stm32wle5xx.o(.text) referenced from startup_stm32wle5xx.o(RESET)
 <LI><a href="#[22]">TIM1_TRG_COM_IRQHandler</a> from startup_stm32wle5xx.o(.text) referenced from startup_stm32wle5xx.o(RESET)
 <LI><a href="#[21]">TIM1_UP_IRQHandler</a> from startup_stm32wle5xx.o(.text) referenced from startup_stm32wle5xx.o(RESET)
 <LI><a href="#[24]">TIM2_IRQHandler</a> from startup_stm32wle5xx.o(.text) referenced from startup_stm32wle5xx.o(RESET)
 <LI><a href="#[2d]">USART1_IRQHandler</a> from startup_stm32wle5xx.o(.text) referenced from startup_stm32wle5xx.o(RESET)
 <LI><a href="#[2e]">USART2_IRQHandler</a> from startup_stm32wle5xx.o(.text) referenced from startup_stm32wle5xx.o(RESET)
 <LI><a href="#[5]">UsageFault_Handler</a> from stm32wlxx_it.o(.text.UsageFault_Handler) referenced from startup_stm32wle5xx.o(RESET)
 <LI><a href="#[a]">WWDG_IRQHandler</a> from startup_stm32wle5xx.o(.text) referenced from startup_stm32wle5xx.o(RESET)
 <LI><a href="#[47]">__main</a> from entry.o(.ARM.Collect$$$$00000000) referenced from startup_stm32wle5xx.o(.text)
 <LI><a href="#[4b]">app_entry</a> from app_entry.o(MYRO) referenced 2 times from main.o(.text.main)
 <LI><a href="#[4d]">fputc</a> from stdio.o(.text.fputc) referenced from printf5.o(i.__0printf$5)
 <LI><a href="#[4a]">knl_idle_entry</a> from tos_sys.o(.text.knl_idle_entry) referenced 2 times from tos_sys.o(.text.knl_idle_init)
 <LI><a href="#[45]">main</a> from main.o(.text.main) referenced from entry9a.o(.ARM.Collect$$$$0000000B)
 <LI><a href="#[48]">syscall_kernel</a> from tlib.o(.text.syscall_kernel) referenced 2 times from tos_tlib.o(.text.cpu_tlib_kernel_stk_init)
 <LI><a href="#[4c]">task_exit</a> from tos_task.o(.text.task_exit) referenced 2 times from tos_task.o(.text.tos_task_create)
 <LI><a href="#[4c]">task_exit</a> from tos_task.o(.text.task_exit) referenced 2 times from tos_task.o(.text.tos_task_create_tlib)
 <LI><a href="#[4e]">test</a> from app_entry.o(MYRO) referenced 2 times from app_entry.o(MYRO)
 <LI><a href="#[4f]">test2</a> from app_entry.o(MYRO) referenced 2 times from app_entry.o(MYRO)
 <LI><a href="#[49]">tos_task_destroy_dyn</a> from tos_task.o(.text.tos_task_destroy_dyn) referenced 2 times from tos_tlib.o(.text.cpu_tlib_kernel_stk_init)
</UL>
<P>
<H3>
Global Symbols
</H3>
<P><STRONG><a name="[47]"></a>__main</STRONG> (Thumb, 0 bytes, Stack size unknown bytes, entry.o(.ARM.Collect$$$$00000000))
<BR>[Address Reference Count : 1]<UL><LI> startup_stm32wle5xx.o(.text)
</UL>
<P><STRONG><a name="[201]"></a>_main_stk</STRONG> (Thumb, 0 bytes, Stack size unknown bytes, entry2.o(.ARM.Collect$$$$00000001))

<P><STRONG><a name="[50]"></a>_main_scatterload</STRONG> (Thumb, 0 bytes, Stack size unknown bytes, entry5.o(.ARM.Collect$$$$00000004))
<BR><BR>[Calls]<UL><LI><a href="#[51]">&gt;&gt;</a>&nbsp;&nbsp;&nbsp;__scatterload
</UL>

<P><STRONG><a name="[5b]"></a>__main_after_scatterload</STRONG> (Thumb, 0 bytes, Stack size unknown bytes, entry5.o(.ARM.Collect$$$$00000004))
<BR><BR>[Called By]<UL><LI><a href="#[51]">&gt;&gt;</a>&nbsp;&nbsp;&nbsp;__scatterload
</UL>

<P><STRONG><a name="[202]"></a>_main_clock</STRONG> (Thumb, 0 bytes, Stack size unknown bytes, entry7b.o(.ARM.Collect$$$$00000008))

<P><STRONG><a name="[203]"></a>_main_cpp_init</STRONG> (Thumb, 0 bytes, Stack size unknown bytes, entry8b.o(.ARM.Collect$$$$0000000A))

<P><STRONG><a name="[204]"></a>_main_init</STRONG> (Thumb, 0 bytes, Stack size unknown bytes, entry9a.o(.ARM.Collect$$$$0000000B))

<P><STRONG><a name="[205]"></a>__rt_final_cpp</STRONG> (Thumb, 0 bytes, Stack size unknown bytes, entry10a.o(.ARM.Collect$$$$0000000D))

<P><STRONG><a name="[206]"></a>__rt_final_exit</STRONG> (Thumb, 0 bytes, Stack size unknown bytes, entry11a.o(.ARM.Collect$$$$0000000F))

<P><STRONG><a name="[0]"></a>Reset_Handler</STRONG> (Thumb, 8 bytes, Stack size 0 bytes, startup_stm32wle5xx.o(.text))
<BR>[Address Reference Count : 1]<UL><LI> startup_stm32wle5xx.o(RESET)
</UL>
<P><STRONG><a name="[1c]"></a>ADC_IRQHandler</STRONG> (Thumb, 0 bytes, Stack size 0 bytes, startup_stm32wle5xx.o(.text))
<BR><BR>[Calls]<UL><LI><a href="#[1c]">&gt;&gt;</a>&nbsp;&nbsp;&nbsp;ADC_IRQHandler
</UL>
<BR>[Called By]<UL><LI><a href="#[1c]">&gt;&gt;</a>&nbsp;&nbsp;&nbsp;ADC_IRQHandler
</UL>
<BR>[Address Reference Count : 1]<UL><LI> startup_stm32wle5xx.o(RESET)
</UL>
<P><STRONG><a name="[3a]"></a>AES_IRQHandler</STRONG> (Thumb, 0 bytes, Stack size 0 bytes, startup_stm32wle5xx.o(.text))
<BR>[Address Reference Count : 1]<UL><LI> startup_stm32wle5xx.o(RESET)
</UL>
<P><STRONG><a name="[1e]"></a>COMP_IRQHandler</STRONG> (Thumb, 0 bytes, Stack size 0 bytes, startup_stm32wle5xx.o(.text))
<BR>[Address Reference Count : 1]<UL><LI> startup_stm32wle5xx.o(RESET)
</UL>
<P><STRONG><a name="[1d]"></a>DAC_IRQHandler</STRONG> (Thumb, 0 bytes, Stack size 0 bytes, startup_stm32wle5xx.o(.text))
<BR>[Address Reference Count : 1]<UL><LI> startup_stm32wle5xx.o(RESET)
</UL>
<P><STRONG><a name="[15]"></a>DMA1_Channel1_IRQHandler</STRONG> (Thumb, 0 bytes, Stack size 0 bytes, startup_stm32wle5xx.o(.text))
<BR>[Address Reference Count : 1]<UL><LI> startup_stm32wle5xx.o(RESET)
</UL>
<P><STRONG><a name="[16]"></a>DMA1_Channel2_IRQHandler</STRONG> (Thumb, 0 bytes, Stack size 0 bytes, startup_stm32wle5xx.o(.text))
<BR>[Address Reference Count : 1]<UL><LI> startup_stm32wle5xx.o(RESET)
</UL>
<P><STRONG><a name="[17]"></a>DMA1_Channel3_IRQHandler</STRONG> (Thumb, 0 bytes, Stack size 0 bytes, startup_stm32wle5xx.o(.text))
<BR>[Address Reference Count : 1]<UL><LI> startup_stm32wle5xx.o(RESET)
</UL>
<P><STRONG><a name="[18]"></a>DMA1_Channel4_IRQHandler</STRONG> (Thumb, 0 bytes, Stack size 0 bytes, startup_stm32wle5xx.o(.text))
<BR>[Address Reference Count : 1]<UL><LI> startup_stm32wle5xx.o(RESET)
</UL>
<P><STRONG><a name="[19]"></a>DMA1_Channel5_IRQHandler</STRONG> (Thumb, 0 bytes, Stack size 0 bytes, startup_stm32wle5xx.o(.text))
<BR>[Address Reference Count : 1]<UL><LI> startup_stm32wle5xx.o(RESET)
</UL>
<P><STRONG><a name="[1a]"></a>DMA1_Channel6_IRQHandler</STRONG> (Thumb, 0 bytes, Stack size 0 bytes, startup_stm32wle5xx.o(.text))
<BR>[Address Reference Count : 1]<UL><LI> startup_stm32wle5xx.o(RESET)
</UL>
<P><STRONG><a name="[1b]"></a>DMA1_Channel7_IRQHandler</STRONG> (Thumb, 0 bytes, Stack size 0 bytes, startup_stm32wle5xx.o(.text))
<BR>[Address Reference Count : 1]<UL><LI> startup_stm32wle5xx.o(RESET)
</UL>
<P><STRONG><a name="[3d]"></a>DMA2_Channel1_IRQHandler</STRONG> (Thumb, 0 bytes, Stack size 0 bytes, startup_stm32wle5xx.o(.text))
<BR>[Address Reference Count : 1]<UL><LI> startup_stm32wle5xx.o(RESET)
</UL>
<P><STRONG><a name="[3e]"></a>DMA2_Channel2_IRQHandler</STRONG> (Thumb, 0 bytes, Stack size 0 bytes, startup_stm32wle5xx.o(.text))
<BR>[Address Reference Count : 1]<UL><LI> startup_stm32wle5xx.o(RESET)
</UL>
<P><STRONG><a name="[3f]"></a>DMA2_Channel3_IRQHandler</STRONG> (Thumb, 0 bytes, Stack size 0 bytes, startup_stm32wle5xx.o(.text))
<BR>[Address Reference Count : 1]<UL><LI> startup_stm32wle5xx.o(RESET)
</UL>
<P><STRONG><a name="[40]"></a>DMA2_Channel4_IRQHandler</STRONG> (Thumb, 0 bytes, Stack size 0 bytes, startup_stm32wle5xx.o(.text))
<BR>[Address Reference Count : 1]<UL><LI> startup_stm32wle5xx.o(RESET)
</UL>
<P><STRONG><a name="[41]"></a>DMA2_Channel5_IRQHandler</STRONG> (Thumb, 0 bytes, Stack size 0 bytes, startup_stm32wle5xx.o(.text))
<BR>[Address Reference Count : 1]<UL><LI> startup_stm32wle5xx.o(RESET)
</UL>
<P><STRONG><a name="[42]"></a>DMA2_Channel6_IRQHandler</STRONG> (Thumb, 0 bytes, Stack size 0 bytes, startup_stm32wle5xx.o(.text))
<BR>[Address Reference Count : 1]<UL><LI> startup_stm32wle5xx.o(RESET)
</UL>
<P><STRONG><a name="[43]"></a>DMA2_Channel7_IRQHandler</STRONG> (Thumb, 0 bytes, Stack size 0 bytes, startup_stm32wle5xx.o(.text))
<BR>[Address Reference Count : 1]<UL><LI> startup_stm32wle5xx.o(RESET)
</UL>
<P><STRONG><a name="[44]"></a>DMAMUX1_OVR_IRQHandler</STRONG> (Thumb, 0 bytes, Stack size 0 bytes, startup_stm32wle5xx.o(.text))
<BR>[Address Reference Count : 1]<UL><LI> startup_stm32wle5xx.o(RESET)
</UL>
<P><STRONG><a name="[10]"></a>EXTI0_IRQHandler</STRONG> (Thumb, 0 bytes, Stack size 0 bytes, startup_stm32wle5xx.o(.text))
<BR>[Address Reference Count : 1]<UL><LI> startup_stm32wle5xx.o(RESET)
</UL>
<P><STRONG><a name="[32]"></a>EXTI15_10_IRQHandler</STRONG> (Thumb, 0 bytes, Stack size 0 bytes, startup_stm32wle5xx.o(.text))
<BR>[Address Reference Count : 1]<UL><LI> startup_stm32wle5xx.o(RESET)
</UL>
<P><STRONG><a name="[11]"></a>EXTI1_IRQHandler</STRONG> (Thumb, 0 bytes, Stack size 0 bytes, startup_stm32wle5xx.o(.text))
<BR>[Address Reference Count : 1]<UL><LI> startup_stm32wle5xx.o(RESET)
</UL>
<P><STRONG><a name="[12]"></a>EXTI2_IRQHandler</STRONG> (Thumb, 0 bytes, Stack size 0 bytes, startup_stm32wle5xx.o(.text))
<BR>[Address Reference Count : 1]<UL><LI> startup_stm32wle5xx.o(RESET)
</UL>
<P><STRONG><a name="[13]"></a>EXTI3_IRQHandler</STRONG> (Thumb, 0 bytes, Stack size 0 bytes, startup_stm32wle5xx.o(.text))
<BR>[Address Reference Count : 1]<UL><LI> startup_stm32wle5xx.o(RESET)
</UL>
<P><STRONG><a name="[14]"></a>EXTI4_IRQHandler</STRONG> (Thumb, 0 bytes, Stack size 0 bytes, startup_stm32wle5xx.o(.text))
<BR>[Address Reference Count : 1]<UL><LI> startup_stm32wle5xx.o(RESET)
</UL>
<P><STRONG><a name="[1f]"></a>EXTI9_5_IRQHandler</STRONG> (Thumb, 0 bytes, Stack size 0 bytes, startup_stm32wle5xx.o(.text))
<BR>[Address Reference Count : 1]<UL><LI> startup_stm32wle5xx.o(RESET)
</UL>
<P><STRONG><a name="[e]"></a>FLASH_IRQHandler</STRONG> (Thumb, 0 bytes, Stack size 0 bytes, startup_stm32wle5xx.o(.text))
<BR>[Address Reference Count : 1]<UL><LI> startup_stm32wle5xx.o(RESET)
</UL>
<P><STRONG><a name="[36]"></a>HSEM_IRQHandler</STRONG> (Thumb, 0 bytes, Stack size 0 bytes, startup_stm32wle5xx.o(.text))
<BR>[Address Reference Count : 1]<UL><LI> startup_stm32wle5xx.o(RESET)
</UL>
<P><STRONG><a name="[28]"></a>I2C1_ER_IRQHandler</STRONG> (Thumb, 0 bytes, Stack size 0 bytes, startup_stm32wle5xx.o(.text))
<BR>[Address Reference Count : 1]<UL><LI> startup_stm32wle5xx.o(RESET)
</UL>
<P><STRONG><a name="[27]"></a>I2C1_EV_IRQHandler</STRONG> (Thumb, 0 bytes, Stack size 0 bytes, startup_stm32wle5xx.o(.text))
<BR>[Address Reference Count : 1]<UL><LI> startup_stm32wle5xx.o(RESET)
</UL>
<P><STRONG><a name="[2a]"></a>I2C2_ER_IRQHandler</STRONG> (Thumb, 0 bytes, Stack size 0 bytes, startup_stm32wle5xx.o(.text))
<BR>[Address Reference Count : 1]<UL><LI> startup_stm32wle5xx.o(RESET)
</UL>
<P><STRONG><a name="[29]"></a>I2C2_EV_IRQHandler</STRONG> (Thumb, 0 bytes, Stack size 0 bytes, startup_stm32wle5xx.o(.text))
<BR>[Address Reference Count : 1]<UL><LI> startup_stm32wle5xx.o(RESET)
</UL>
<P><STRONG><a name="[38]"></a>I2C3_ER_IRQHandler</STRONG> (Thumb, 0 bytes, Stack size 0 bytes, startup_stm32wle5xx.o(.text))
<BR>[Address Reference Count : 1]<UL><LI> startup_stm32wle5xx.o(RESET)
</UL>
<P><STRONG><a name="[37]"></a>I2C3_EV_IRQHandler</STRONG> (Thumb, 0 bytes, Stack size 0 bytes, startup_stm32wle5xx.o(.text))
<BR>[Address Reference Count : 1]<UL><LI> startup_stm32wle5xx.o(RESET)
</UL>
<P><STRONG><a name="[30]"></a>LPTIM1_IRQHandler</STRONG> (Thumb, 0 bytes, Stack size 0 bytes, startup_stm32wle5xx.o(.text))
<BR>[Address Reference Count : 1]<UL><LI> startup_stm32wle5xx.o(RESET)
</UL>
<P><STRONG><a name="[31]"></a>LPTIM2_IRQHandler</STRONG> (Thumb, 0 bytes, Stack size 0 bytes, startup_stm32wle5xx.o(.text))
<BR>[Address Reference Count : 1]<UL><LI> startup_stm32wle5xx.o(RESET)
</UL>
<P><STRONG><a name="[34]"></a>LPTIM3_IRQHandler</STRONG> (Thumb, 0 bytes, Stack size 0 bytes, startup_stm32wle5xx.o(.text))
<BR>[Address Reference Count : 1]<UL><LI> startup_stm32wle5xx.o(RESET)
</UL>
<P><STRONG><a name="[2f]"></a>LPUART1_IRQHandler</STRONG> (Thumb, 0 bytes, Stack size 0 bytes, startup_stm32wle5xx.o(.text))
<BR>[Address Reference Count : 1]<UL><LI> startup_stm32wle5xx.o(RESET)
</UL>
<P><STRONG><a name="[3c]"></a>PKA_IRQHandler</STRONG> (Thumb, 0 bytes, Stack size 0 bytes, startup_stm32wle5xx.o(.text))
<BR>[Address Reference Count : 1]<UL><LI> startup_stm32wle5xx.o(RESET)
</UL>
<P><STRONG><a name="[b]"></a>PVD_PVM_IRQHandler</STRONG> (Thumb, 0 bytes, Stack size 0 bytes, startup_stm32wle5xx.o(.text))
<BR>[Address Reference Count : 1]<UL><LI> startup_stm32wle5xx.o(RESET)
</UL>
<P><STRONG><a name="[f]"></a>RCC_IRQHandler</STRONG> (Thumb, 0 bytes, Stack size 0 bytes, startup_stm32wle5xx.o(.text))
<BR>[Address Reference Count : 1]<UL><LI> startup_stm32wle5xx.o(RESET)
</UL>
<P><STRONG><a name="[3b]"></a>RNG_IRQHandler</STRONG> (Thumb, 0 bytes, Stack size 0 bytes, startup_stm32wle5xx.o(.text))
<BR>[Address Reference Count : 1]<UL><LI> startup_stm32wle5xx.o(RESET)
</UL>
<P><STRONG><a name="[33]"></a>RTC_Alarm_IRQHandler</STRONG> (Thumb, 0 bytes, Stack size 0 bytes, startup_stm32wle5xx.o(.text))
<BR>[Address Reference Count : 1]<UL><LI> startup_stm32wle5xx.o(RESET)
</UL>
<P><STRONG><a name="[d]"></a>RTC_WKUP_IRQHandler</STRONG> (Thumb, 0 bytes, Stack size 0 bytes, startup_stm32wle5xx.o(.text))
<BR>[Address Reference Count : 1]<UL><LI> startup_stm32wle5xx.o(RESET)
</UL>
<P><STRONG><a name="[2b]"></a>SPI1_IRQHandler</STRONG> (Thumb, 0 bytes, Stack size 0 bytes, startup_stm32wle5xx.o(.text))
<BR>[Address Reference Count : 1]<UL><LI> startup_stm32wle5xx.o(RESET)
</UL>
<P><STRONG><a name="[2c]"></a>SPI2_IRQHandler</STRONG> (Thumb, 0 bytes, Stack size 0 bytes, startup_stm32wle5xx.o(.text))
<BR>[Address Reference Count : 1]<UL><LI> startup_stm32wle5xx.o(RESET)
</UL>
<P><STRONG><a name="[35]"></a>SUBGHZSPI_IRQHandler</STRONG> (Thumb, 0 bytes, Stack size 0 bytes, startup_stm32wle5xx.o(.text))
<BR>[Address Reference Count : 1]<UL><LI> startup_stm32wle5xx.o(RESET)
</UL>
<P><STRONG><a name="[39]"></a>SUBGHZ_Radio_IRQHandler</STRONG> (Thumb, 0 bytes, Stack size 0 bytes, startup_stm32wle5xx.o(.text))
<BR>[Address Reference Count : 1]<UL><LI> startup_stm32wle5xx.o(RESET)
</UL>
<P><STRONG><a name="[c]"></a>TAMP_STAMP_LSECSS_SSRU_IRQHandler</STRONG> (Thumb, 0 bytes, Stack size 0 bytes, startup_stm32wle5xx.o(.text))
<BR>[Address Reference Count : 1]<UL><LI> startup_stm32wle5xx.o(RESET)
</UL>
<P><STRONG><a name="[25]"></a>TIM16_IRQHandler</STRONG> (Thumb, 0 bytes, Stack size 0 bytes, startup_stm32wle5xx.o(.text))
<BR>[Address Reference Count : 1]<UL><LI> startup_stm32wle5xx.o(RESET)
</UL>
<P><STRONG><a name="[26]"></a>TIM17_IRQHandler</STRONG> (Thumb, 0 bytes, Stack size 0 bytes, startup_stm32wle5xx.o(.text))
<BR>[Address Reference Count : 1]<UL><LI> startup_stm32wle5xx.o(RESET)
</UL>
<P><STRONG><a name="[20]"></a>TIM1_BRK_IRQHandler</STRONG> (Thumb, 0 bytes, Stack size 0 bytes, startup_stm32wle5xx.o(.text))
<BR>[Address Reference Count : 1]<UL><LI> startup_stm32wle5xx.o(RESET)
</UL>
<P><STRONG><a name="[23]"></a>TIM1_CC_IRQHandler</STRONG> (Thumb, 0 bytes, Stack size 0 bytes, startup_stm32wle5xx.o(.text))
<BR>[Address Reference Count : 1]<UL><LI> startup_stm32wle5xx.o(RESET)
</UL>
<P><STRONG><a name="[22]"></a>TIM1_TRG_COM_IRQHandler</STRONG> (Thumb, 0 bytes, Stack size 0 bytes, startup_stm32wle5xx.o(.text))
<BR>[Address Reference Count : 1]<UL><LI> startup_stm32wle5xx.o(RESET)
</UL>
<P><STRONG><a name="[21]"></a>TIM1_UP_IRQHandler</STRONG> (Thumb, 0 bytes, Stack size 0 bytes, startup_stm32wle5xx.o(.text))
<BR>[Address Reference Count : 1]<UL><LI> startup_stm32wle5xx.o(RESET)
</UL>
<P><STRONG><a name="[24]"></a>TIM2_IRQHandler</STRONG> (Thumb, 0 bytes, Stack size 0 bytes, startup_stm32wle5xx.o(.text))
<BR>[Address Reference Count : 1]<UL><LI> startup_stm32wle5xx.o(RESET)
</UL>
<P><STRONG><a name="[2d]"></a>USART1_IRQHandler</STRONG> (Thumb, 0 bytes, Stack size 0 bytes, startup_stm32wle5xx.o(.text))
<BR>[Address Reference Count : 1]<UL><LI> startup_stm32wle5xx.o(RESET)
</UL>
<P><STRONG><a name="[2e]"></a>USART2_IRQHandler</STRONG> (Thumb, 0 bytes, Stack size 0 bytes, startup_stm32wle5xx.o(.text))
<BR>[Address Reference Count : 1]<UL><LI> startup_stm32wle5xx.o(RESET)
</UL>
<P><STRONG><a name="[a]"></a>WWDG_IRQHandler</STRONG> (Thumb, 0 bytes, Stack size 0 bytes, startup_stm32wle5xx.o(.text))
<BR>[Address Reference Count : 1]<UL><LI> startup_stm32wle5xx.o(RESET)
</UL>
<P><STRONG><a name="[207]"></a>port_int_disable</STRONG> (Thumb, 0 bytes, Stack size unknown bytes, port_s.o(.text), UNUSED)

<P><STRONG><a name="[208]"></a>port_int_enable</STRONG> (Thumb, 0 bytes, Stack size unknown bytes, port_s.o(.text), UNUSED)

<P><STRONG><a name="[1a5]"></a>port_cpsr_save</STRONG> (Thumb, 0 bytes, Stack size unknown bytes, port_s.o(.text))
<BR><BR>[Called By]<UL><LI><a href="#[fc]">&gt;&gt;</a>&nbsp;&nbsp;&nbsp;tos_cpu_cpsr_save
</UL>

<P><STRONG><a name="[1a4]"></a>port_cpsr_restore</STRONG> (Thumb, 0 bytes, Stack size unknown bytes, port_s.o(.text))
<BR><BR>[Called By]<UL><LI><a href="#[ff]">&gt;&gt;</a>&nbsp;&nbsp;&nbsp;tos_cpu_cpsr_restore
</UL>

<P><STRONG><a name="[1a3]"></a>port_clz</STRONG> (Thumb, 0 bytes, Stack size unknown bytes, port_s.o(.text))
<BR><BR>[Called By]<UL><LI><a href="#[104]">&gt;&gt;</a>&nbsp;&nbsp;&nbsp;tos_cpu_clz
</UL>

<P><STRONG><a name="[f7]"></a>port_sched_start</STRONG> (Thumb, 0 bytes, Stack size unknown bytes, port_s.o(.text))
<BR><BR>[Called By]<UL><LI><a href="#[f6]">&gt;&gt;</a>&nbsp;&nbsp;&nbsp;cpu_sched_start
</UL>

<P><STRONG><a name="[54]"></a>port_context_switch</STRONG> (Thumb, 0 bytes, Stack size unknown bytes, port_s.o(.text))
<BR><BR>[Called By]<UL><LI><a href="#[f1]">&gt;&gt;</a>&nbsp;&nbsp;&nbsp;cpu_context_switch
<LI><a href="#[6]">&gt;&gt;</a>&nbsp;&nbsp;&nbsp;SVC_Handler
</UL>

<P><STRONG><a name="[f5]"></a>port_irq_context_switch</STRONG> (Thumb, 0 bytes, Stack size unknown bytes, port_s.o(.text))
<BR><BR>[Called By]<UL><LI><a href="#[f4]">&gt;&gt;</a>&nbsp;&nbsp;&nbsp;cpu_irq_context_switch
</UL>

<P><STRONG><a name="[8]"></a>PendSV_Handler</STRONG> (Thumb, 0 bytes, Stack size unknown bytes, port_s.o(.text))
<BR>[Address Reference Count : 1]<UL><LI> startup_stm32wle5xx.o(RESET)
</UL>
<P><STRONG><a name="[6]"></a>SVC_Handler</STRONG> (Thumb, 0 bytes, Stack size unknown bytes, port_s.o(.text))
<BR><BR>[Stack]<UL><LI>Max Depth = 224 + Unknown Stack Size
<LI>Call Chain = SVC_Handler &rArr; syscall_kernel_knl &rArr; syscall_task_create &rArr; tos_task_create_dyn_tlib &rArr; tos_mmheap_calloc &rArr; tos_mmheap_alloc &rArr; blk_prepare_used &rArr; blk_trim_free &rArr; blk_split &rArr; blk_mark_as_free &rArr; blk_link_next &rArr; blk_next
</UL>
<BR>[Calls]<UL><LI><a href="#[52]">&gt;&gt;</a>&nbsp;&nbsp;&nbsp;syscall_kernel_knl
<LI><a href="#[53]">&gt;&gt;</a>&nbsp;&nbsp;&nbsp;cpu_tlib_kernel_stk_init
<LI><a href="#[54]">&gt;&gt;</a>&nbsp;&nbsp;&nbsp;port_context_switch
</UL>
<BR>[Address Reference Count : 1]<UL><LI> startup_stm32wle5xx.o(RESET)
</UL>
<P><STRONG><a name="[55]"></a>__aeabi_uldivmod</STRONG> (Thumb, 98 bytes, Stack size 40 bytes, uldiv.o(.text))
<BR><BR>[Stack]<UL><LI>Max Depth = 40<LI>Call Chain = __aeabi_uldivmod
</UL>
<BR>[Calls]<UL><LI><a href="#[56]">&gt;&gt;</a>&nbsp;&nbsp;&nbsp;__aeabi_llsr
<LI><a href="#[57]">&gt;&gt;</a>&nbsp;&nbsp;&nbsp;__aeabi_llsl
</UL>
<BR>[Called By]<UL><LI><a href="#[ad]">&gt;&gt;</a>&nbsp;&nbsp;&nbsp;UART_SetConfig
<LI><a href="#[f2]">&gt;&gt;</a>&nbsp;&nbsp;&nbsp;cpu_init
<LI><a href="#[1dd]">&gt;&gt;</a>&nbsp;&nbsp;&nbsp;_printf_core
</UL>

<P><STRONG><a name="[1c1]"></a>__aeabi_memcpy</STRONG> (Thumb, 36 bytes, Stack size 0 bytes, memcpya.o(.text))
<BR><BR>[Called By]<UL><LI><a href="#[177]">&gt;&gt;</a>&nbsp;&nbsp;&nbsp;tos_mmheap_realloc
</UL>

<P><STRONG><a name="[209]"></a>__aeabi_memcpy4</STRONG> (Thumb, 0 bytes, Stack size 0 bytes, memcpya.o(.text), UNUSED)

<P><STRONG><a name="[20a]"></a>__aeabi_memcpy8</STRONG> (Thumb, 0 bytes, Stack size 0 bytes, memcpya.o(.text), UNUSED)

<P><STRONG><a name="[59]"></a>__aeabi_memset</STRONG> (Thumb, 14 bytes, Stack size 0 bytes, memseta.o(.text))
<BR><BR>[Called By]<UL><LI><a href="#[5a]">&gt;&gt;</a>&nbsp;&nbsp;&nbsp;_memset$wrapper
<LI><a href="#[58]">&gt;&gt;</a>&nbsp;&nbsp;&nbsp;__aeabi_memclr
</UL>

<P><STRONG><a name="[20b]"></a>__aeabi_memset4</STRONG> (Thumb, 0 bytes, Stack size 0 bytes, memseta.o(.text), UNUSED)

<P><STRONG><a name="[20c]"></a>__aeabi_memset8</STRONG> (Thumb, 0 bytes, Stack size 0 bytes, memseta.o(.text), UNUSED)

<P><STRONG><a name="[58]"></a>__aeabi_memclr</STRONG> (Thumb, 4 bytes, Stack size 0 bytes, memseta.o(.text))
<BR><BR>[Calls]<UL><LI><a href="#[59]">&gt;&gt;</a>&nbsp;&nbsp;&nbsp;__aeabi_memset
</UL>
<BR>[Called By]<UL><LI><a href="#[1ba]">&gt;&gt;</a>&nbsp;&nbsp;&nbsp;tos_mmheap_calloc
</UL>

<P><STRONG><a name="[b0]"></a>__aeabi_memclr4</STRONG> (Thumb, 0 bytes, Stack size 0 bytes, memseta.o(.text))
<BR><BR>[Called By]<UL><LI><a href="#[ac]">&gt;&gt;</a>&nbsp;&nbsp;&nbsp;HAL_UART_MspInit
<LI><a href="#[c6]">&gt;&gt;</a>&nbsp;&nbsp;&nbsp;SystemClock_Config
<LI><a href="#[110]">&gt;&gt;</a>&nbsp;&nbsp;&nbsp;mmheap_ctl_init
<LI><a href="#[1a2]">&gt;&gt;</a>&nbsp;&nbsp;&nbsp;tlib_init
</UL>

<P><STRONG><a name="[20d]"></a>__aeabi_memclr8</STRONG> (Thumb, 0 bytes, Stack size 0 bytes, memseta.o(.text), UNUSED)

<P><STRONG><a name="[5a]"></a>_memset$wrapper</STRONG> (Thumb, 18 bytes, Stack size 8 bytes, memseta.o(.text), UNUSED)
<BR><BR>[Calls]<UL><LI><a href="#[59]">&gt;&gt;</a>&nbsp;&nbsp;&nbsp;__aeabi_memset
</UL>

<P><STRONG><a name="[1d3]"></a>strncpy</STRONG> (Thumb, 24 bytes, Stack size 8 bytes, strncpy.o(.text))
<BR><BR>[Stack]<UL><LI>Max Depth = 8<LI>Call Chain = strncpy
</UL>
<BR>[Called By]<UL><LI><a href="#[107]">&gt;&gt;</a>&nbsp;&nbsp;&nbsp;tos_task_create
<LI><a href="#[1d5]">&gt;&gt;</a>&nbsp;&nbsp;&nbsp;tos_task_create_tlib
</UL>

<P><STRONG><a name="[57]"></a>__aeabi_llsl</STRONG> (Thumb, 30 bytes, Stack size 0 bytes, llshl.o(.text))
<BR><BR>[Called By]<UL><LI><a href="#[55]">&gt;&gt;</a>&nbsp;&nbsp;&nbsp;__aeabi_uldivmod
</UL>

<P><STRONG><a name="[20e]"></a>_ll_shift_l</STRONG> (Thumb, 0 bytes, Stack size 0 bytes, llshl.o(.text), UNUSED)

<P><STRONG><a name="[56]"></a>__aeabi_llsr</STRONG> (Thumb, 32 bytes, Stack size 0 bytes, llushr.o(.text))
<BR><BR>[Called By]<UL><LI><a href="#[55]">&gt;&gt;</a>&nbsp;&nbsp;&nbsp;__aeabi_uldivmod
</UL>

<P><STRONG><a name="[20f]"></a>_ll_ushift_r</STRONG> (Thumb, 0 bytes, Stack size 0 bytes, llushr.o(.text), UNUSED)

<P><STRONG><a name="[51]"></a>__scatterload</STRONG> (Thumb, 28 bytes, Stack size 0 bytes, init.o(.text))
<BR><BR>[Calls]<UL><LI><a href="#[5b]">&gt;&gt;</a>&nbsp;&nbsp;&nbsp;__main_after_scatterload
</UL>
<BR>[Called By]<UL><LI><a href="#[50]">&gt;&gt;</a>&nbsp;&nbsp;&nbsp;_main_scatterload
</UL>

<P><STRONG><a name="[210]"></a>__scatterload_rt2</STRONG> (Thumb, 0 bytes, Stack size 0 bytes, init.o(.text), UNUSED)

<P><STRONG><a name="[211]"></a>__decompress</STRONG> (Thumb, 0 bytes, Stack size unknown bytes, __dczerorl.o(.text), UNUSED)

<P><STRONG><a name="[212]"></a>__decompress0</STRONG> (Thumb, 58 bytes, Stack size unknown bytes, __dczerorl.o(.text), UNUSED)

<P><STRONG><a name="[4]"></a>BusFault_Handler</STRONG> (Thumb, 2 bytes, Stack size 0 bytes, stm32wlxx_it.o(.text.BusFault_Handler))
<BR><BR>[Calls]<UL><LI><a href="#[4]">&gt;&gt;</a>&nbsp;&nbsp;&nbsp;BusFault_Handler
</UL>
<BR>[Called By]<UL><LI><a href="#[4]">&gt;&gt;</a>&nbsp;&nbsp;&nbsp;BusFault_Handler
</UL>
<BR>[Address Reference Count : 1]<UL><LI> startup_stm32wle5xx.o(RESET)
</UL>
<P><STRONG><a name="[7]"></a>DebugMon_Handler</STRONG> (Thumb, 2 bytes, Stack size 0 bytes, stm32wlxx_it.o(.text.DebugMon_Handler))
<BR>[Address Reference Count : 1]<UL><LI> startup_stm32wle5xx.o(RESET)
</UL>
<P><STRONG><a name="[b1]"></a>Error_Handler</STRONG> (Thumb, 10 bytes, Stack size 0 bytes, main.o(.text.Error_Handler))
<BR><BR>[Called By]<UL><LI><a href="#[ac]">&gt;&gt;</a>&nbsp;&nbsp;&nbsp;HAL_UART_MspInit
<LI><a href="#[c6]">&gt;&gt;</a>&nbsp;&nbsp;&nbsp;SystemClock_Config
<LI><a href="#[bb]">&gt;&gt;</a>&nbsp;&nbsp;&nbsp;MX_USART2_UART_Init
<LI><a href="#[ba]">&gt;&gt;</a>&nbsp;&nbsp;&nbsp;MX_USART1_UART_Init
</UL>

<P><STRONG><a name="[b4]"></a>HAL_GPIO_Init</STRONG> (Thumb, 438 bytes, Stack size 40 bytes, stm32wlxx_hal_gpio.o(.text.HAL_GPIO_Init))
<BR><BR>[Stack]<UL><LI>Max Depth = 40<LI>Call Chain = HAL_GPIO_Init
</UL>
<BR>[Called By]<UL><LI><a href="#[ac]">&gt;&gt;</a>&nbsp;&nbsp;&nbsp;HAL_UART_MspInit
</UL>

<P><STRONG><a name="[69]"></a>HAL_GetTick</STRONG> (Thumb, 12 bytes, Stack size 0 bytes, stm32wlxx_hal.o(.text.HAL_GetTick))
<BR><BR>[Called By]<UL><LI><a href="#[b6]">&gt;&gt;</a>&nbsp;&nbsp;&nbsp;HAL_UART_Transmit
<LI><a href="#[67]">&gt;&gt;</a>&nbsp;&nbsp;&nbsp;HAL_RCCEx_PeriphCLKConfig
<LI><a href="#[93]">&gt;&gt;</a>&nbsp;&nbsp;&nbsp;HAL_RCC_OscConfig
<LI><a href="#[76]">&gt;&gt;</a>&nbsp;&nbsp;&nbsp;HAL_RCC_ClockConfig
<LI><a href="#[bc]">&gt;&gt;</a>&nbsp;&nbsp;&nbsp;RCC_SetFlashLatency
<LI><a href="#[b7]">&gt;&gt;</a>&nbsp;&nbsp;&nbsp;UART_WaitOnFlagUntilTimeout
<LI><a href="#[af]">&gt;&gt;</a>&nbsp;&nbsp;&nbsp;UART_CheckIdleState
</UL>

<P><STRONG><a name="[c1]"></a>HAL_IncTick</STRONG> (Thumb, 26 bytes, Stack size 0 bytes, stm32wlxx_hal.o(.text.HAL_IncTick))
<BR><BR>[Called By]<UL><LI><a href="#[9]">&gt;&gt;</a>&nbsp;&nbsp;&nbsp;SysTick_Handler
</UL>

<P><STRONG><a name="[5c]"></a>HAL_Init</STRONG> (Thumb, 46 bytes, Stack size 8 bytes, stm32wlxx_hal.o(.text.HAL_Init))
<BR><BR>[Stack]<UL><LI>Max Depth = 56<LI>Call Chain = HAL_Init &rArr; HAL_InitTick &rArr; HAL_RCC_GetHCLKFreq &rArr; HAL_RCC_GetSysClockFreq
</UL>
<BR>[Calls]<UL><LI><a href="#[60]">&gt;&gt;</a>&nbsp;&nbsp;&nbsp;HAL_MspInit
<LI><a href="#[5e]">&gt;&gt;</a>&nbsp;&nbsp;&nbsp;HAL_RCC_GetHCLKFreq
<LI><a href="#[5f]">&gt;&gt;</a>&nbsp;&nbsp;&nbsp;HAL_InitTick
<LI><a href="#[5d]">&gt;&gt;</a>&nbsp;&nbsp;&nbsp;HAL_NVIC_SetPriorityGrouping
</UL>
<BR>[Called By]<UL><LI><a href="#[45]">&gt;&gt;</a>&nbsp;&nbsp;&nbsp;main
</UL>

<P><STRONG><a name="[5f]"></a>HAL_InitTick</STRONG> (Thumb, 84 bytes, Stack size 16 bytes, stm32wlxx_hal.o(.text.HAL_InitTick))
<BR><BR>[Stack]<UL><LI>Max Depth = 48<LI>Call Chain = HAL_InitTick &rArr; HAL_RCC_GetHCLKFreq &rArr; HAL_RCC_GetSysClockFreq
</UL>
<BR>[Calls]<UL><LI><a href="#[5e]">&gt;&gt;</a>&nbsp;&nbsp;&nbsp;HAL_RCC_GetHCLKFreq
<LI><a href="#[61]">&gt;&gt;</a>&nbsp;&nbsp;&nbsp;HAL_SYSTICK_Config
<LI><a href="#[62]">&gt;&gt;</a>&nbsp;&nbsp;&nbsp;HAL_NVIC_SetPriority
</UL>
<BR>[Called By]<UL><LI><a href="#[93]">&gt;&gt;</a>&nbsp;&nbsp;&nbsp;HAL_RCC_OscConfig
<LI><a href="#[76]">&gt;&gt;</a>&nbsp;&nbsp;&nbsp;HAL_RCC_ClockConfig
<LI><a href="#[5c]">&gt;&gt;</a>&nbsp;&nbsp;&nbsp;HAL_Init
</UL>

<P><STRONG><a name="[60]"></a>HAL_MspInit</STRONG> (Thumb, 2 bytes, Stack size 0 bytes, stm32wlxx_hal_msp.o(.text.HAL_MspInit))
<BR><BR>[Called By]<UL><LI><a href="#[5c]">&gt;&gt;</a>&nbsp;&nbsp;&nbsp;HAL_Init
</UL>

<P><STRONG><a name="[62]"></a>HAL_NVIC_SetPriority</STRONG> (Thumb, 32 bytes, Stack size 16 bytes, stm32wlxx_hal_cortex.o(.text.HAL_NVIC_SetPriority))
<BR><BR>[Stack]<UL><LI>Max Depth = 16<LI>Call Chain = HAL_NVIC_SetPriority
</UL>
<BR>[Calls]<UL><LI><a href="#[65]">&gt;&gt;</a>&nbsp;&nbsp;&nbsp;__NVIC_SetPriority
<LI><a href="#[63]">&gt;&gt;</a>&nbsp;&nbsp;&nbsp;__NVIC_GetPriorityGrouping
<LI><a href="#[64]">&gt;&gt;</a>&nbsp;&nbsp;&nbsp;NVIC_EncodePriority
</UL>
<BR>[Called By]<UL><LI><a href="#[5f]">&gt;&gt;</a>&nbsp;&nbsp;&nbsp;HAL_InitTick
</UL>

<P><STRONG><a name="[5d]"></a>HAL_NVIC_SetPriorityGrouping</STRONG> (Thumb, 4 bytes, Stack size 0 bytes, stm32wlxx_hal_cortex.o(.text.HAL_NVIC_SetPriorityGrouping))
<BR><BR>[Calls]<UL><LI><a href="#[66]">&gt;&gt;</a>&nbsp;&nbsp;&nbsp;__NVIC_SetPriorityGrouping
</UL>
<BR>[Called By]<UL><LI><a href="#[5c]">&gt;&gt;</a>&nbsp;&nbsp;&nbsp;HAL_Init
</UL>

<P><STRONG><a name="[be]"></a>HAL_PWREx_GetVoltageRange</STRONG> (Thumb, 16 bytes, Stack size 0 bytes, stm32wlxx_hal_pwr_ex.o(.text.HAL_PWREx_GetVoltageRange))
<BR><BR>[Called By]<UL><LI><a href="#[95]">&gt;&gt;</a>&nbsp;&nbsp;&nbsp;RCC_SetFlashLatencyFromMSIRange
</UL>

<P><STRONG><a name="[68]"></a>HAL_PWR_EnableBkUpAccess</STRONG> (Thumb, 18 bytes, Stack size 0 bytes, stm32wlxx_hal_pwr.o(.text.HAL_PWR_EnableBkUpAccess))
<BR><BR>[Called By]<UL><LI><a href="#[67]">&gt;&gt;</a>&nbsp;&nbsp;&nbsp;HAL_RCCEx_PeriphCLKConfig
<LI><a href="#[93]">&gt;&gt;</a>&nbsp;&nbsp;&nbsp;HAL_RCC_OscConfig
</UL>

<P><STRONG><a name="[67]"></a>HAL_RCCEx_PeriphCLKConfig</STRONG> (Thumb, 330 bytes, Stack size 24 bytes, stm32wlxx_hal_rcc_ex.o(.text.HAL_RCCEx_PeriphCLKConfig))
<BR><BR>[Stack]<UL><LI>Max Depth = 24<LI>Call Chain = HAL_RCCEx_PeriphCLKConfig
</UL>
<BR>[Calls]<UL><LI><a href="#[6d]">&gt;&gt;</a>&nbsp;&nbsp;&nbsp;LL_RCC_LSE_IsReady
<LI><a href="#[6a]">&gt;&gt;</a>&nbsp;&nbsp;&nbsp;LL_RCC_GetRTCClockSource
<LI><a href="#[6b]">&gt;&gt;</a>&nbsp;&nbsp;&nbsp;LL_RCC_ForceBackupDomainReset
<LI><a href="#[68]">&gt;&gt;</a>&nbsp;&nbsp;&nbsp;HAL_PWR_EnableBkUpAccess
<LI><a href="#[69]">&gt;&gt;</a>&nbsp;&nbsp;&nbsp;HAL_GetTick
<LI><a href="#[6f]">&gt;&gt;</a>&nbsp;&nbsp;&nbsp;LL_RCC_SetUSARTClockSource
<LI><a href="#[6e]">&gt;&gt;</a>&nbsp;&nbsp;&nbsp;LL_RCC_SetRTCClockSource
<LI><a href="#[74]">&gt;&gt;</a>&nbsp;&nbsp;&nbsp;LL_RCC_SetRNGClockSource
<LI><a href="#[70]">&gt;&gt;</a>&nbsp;&nbsp;&nbsp;LL_RCC_SetLPUARTClockSource
<LI><a href="#[71]">&gt;&gt;</a>&nbsp;&nbsp;&nbsp;LL_RCC_SetLPTIMClockSource
<LI><a href="#[73]">&gt;&gt;</a>&nbsp;&nbsp;&nbsp;LL_RCC_SetI2SClockSource
<LI><a href="#[72]">&gt;&gt;</a>&nbsp;&nbsp;&nbsp;LL_RCC_SetI2CClockSource
<LI><a href="#[75]">&gt;&gt;</a>&nbsp;&nbsp;&nbsp;LL_RCC_SetADCClockSource
<LI><a href="#[6c]">&gt;&gt;</a>&nbsp;&nbsp;&nbsp;LL_RCC_ReleaseBackupDomainReset
</UL>
<BR>[Called By]<UL><LI><a href="#[ac]">&gt;&gt;</a>&nbsp;&nbsp;&nbsp;HAL_UART_MspInit
</UL>

<P><STRONG><a name="[76]"></a>HAL_RCC_ClockConfig</STRONG> (Thumb, 414 bytes, Stack size 24 bytes, stm32wlxx_hal_rcc.o(.text.HAL_RCC_ClockConfig))
<BR><BR>[Stack]<UL><LI>Max Depth = 72<LI>Call Chain = HAL_RCC_ClockConfig &rArr; HAL_InitTick &rArr; HAL_RCC_GetHCLKFreq &rArr; HAL_RCC_GetSysClockFreq
</UL>
<BR>[Calls]<UL><LI><a href="#[5e]">&gt;&gt;</a>&nbsp;&nbsp;&nbsp;HAL_RCC_GetHCLKFreq
<LI><a href="#[5f]">&gt;&gt;</a>&nbsp;&nbsp;&nbsp;HAL_InitTick
<LI><a href="#[81]">&gt;&gt;</a>&nbsp;&nbsp;&nbsp;LL_RCC_SetSysClkSource
<LI><a href="#[7d]">&gt;&gt;</a>&nbsp;&nbsp;&nbsp;LL_RCC_SetAPB2Prescaler
<LI><a href="#[7b]">&gt;&gt;</a>&nbsp;&nbsp;&nbsp;LL_RCC_SetAPB1Prescaler
<LI><a href="#[77]">&gt;&gt;</a>&nbsp;&nbsp;&nbsp;LL_RCC_SetAHBPrescaler
<LI><a href="#[79]">&gt;&gt;</a>&nbsp;&nbsp;&nbsp;LL_RCC_SetAHB3Prescaler
<LI><a href="#[83]">&gt;&gt;</a>&nbsp;&nbsp;&nbsp;LL_RCC_PLL_IsReady
<LI><a href="#[80]">&gt;&gt;</a>&nbsp;&nbsp;&nbsp;LL_RCC_MSI_IsReady
<LI><a href="#[7a]">&gt;&gt;</a>&nbsp;&nbsp;&nbsp;LL_RCC_IsActiveFlag_SHDHPRE
<LI><a href="#[7e]">&gt;&gt;</a>&nbsp;&nbsp;&nbsp;LL_RCC_IsActiveFlag_PPRE2
<LI><a href="#[7c]">&gt;&gt;</a>&nbsp;&nbsp;&nbsp;LL_RCC_IsActiveFlag_PPRE1
<LI><a href="#[78]">&gt;&gt;</a>&nbsp;&nbsp;&nbsp;LL_RCC_IsActiveFlag_HPRE
<LI><a href="#[84]">&gt;&gt;</a>&nbsp;&nbsp;&nbsp;LL_RCC_HSI_IsReady
<LI><a href="#[7f]">&gt;&gt;</a>&nbsp;&nbsp;&nbsp;LL_RCC_HSE_IsReady
<LI><a href="#[82]">&gt;&gt;</a>&nbsp;&nbsp;&nbsp;LL_RCC_GetSysClkSource
<LI><a href="#[69]">&gt;&gt;</a>&nbsp;&nbsp;&nbsp;HAL_GetTick
</UL>
<BR>[Called By]<UL><LI><a href="#[c6]">&gt;&gt;</a>&nbsp;&nbsp;&nbsp;SystemClock_Config
</UL>

<P><STRONG><a name="[5e]"></a>HAL_RCC_GetHCLKFreq</STRONG> (Thumb, 34 bytes, Stack size 8 bytes, stm32wlxx_hal_rcc.o(.text.HAL_RCC_GetHCLKFreq))
<BR><BR>[Stack]<UL><LI>Max Depth = 32<LI>Call Chain = HAL_RCC_GetHCLKFreq &rArr; HAL_RCC_GetSysClockFreq
</UL>
<BR>[Calls]<UL><LI><a href="#[86]">&gt;&gt;</a>&nbsp;&nbsp;&nbsp;LL_RCC_GetAHBPrescaler
<LI><a href="#[85]">&gt;&gt;</a>&nbsp;&nbsp;&nbsp;HAL_RCC_GetSysClockFreq
</UL>
<BR>[Called By]<UL><LI><a href="#[93]">&gt;&gt;</a>&nbsp;&nbsp;&nbsp;HAL_RCC_OscConfig
<LI><a href="#[76]">&gt;&gt;</a>&nbsp;&nbsp;&nbsp;HAL_RCC_ClockConfig
<LI><a href="#[5c]">&gt;&gt;</a>&nbsp;&nbsp;&nbsp;HAL_Init
<LI><a href="#[5f]">&gt;&gt;</a>&nbsp;&nbsp;&nbsp;HAL_InitTick
<LI><a href="#[89]">&gt;&gt;</a>&nbsp;&nbsp;&nbsp;HAL_RCC_GetPCLK2Freq
<LI><a href="#[87]">&gt;&gt;</a>&nbsp;&nbsp;&nbsp;HAL_RCC_GetPCLK1Freq
</UL>

<P><STRONG><a name="[87]"></a>HAL_RCC_GetPCLK1Freq</STRONG> (Thumb, 32 bytes, Stack size 8 bytes, stm32wlxx_hal_rcc.o(.text.HAL_RCC_GetPCLK1Freq))
<BR><BR>[Stack]<UL><LI>Max Depth = 40<LI>Call Chain = HAL_RCC_GetPCLK1Freq &rArr; HAL_RCC_GetHCLKFreq &rArr; HAL_RCC_GetSysClockFreq
</UL>
<BR>[Calls]<UL><LI><a href="#[5e]">&gt;&gt;</a>&nbsp;&nbsp;&nbsp;HAL_RCC_GetHCLKFreq
<LI><a href="#[88]">&gt;&gt;</a>&nbsp;&nbsp;&nbsp;LL_RCC_GetAPB1Prescaler
</UL>
<BR>[Called By]<UL><LI><a href="#[ad]">&gt;&gt;</a>&nbsp;&nbsp;&nbsp;UART_SetConfig
</UL>

<P><STRONG><a name="[89]"></a>HAL_RCC_GetPCLK2Freq</STRONG> (Thumb, 32 bytes, Stack size 8 bytes, stm32wlxx_hal_rcc.o(.text.HAL_RCC_GetPCLK2Freq))
<BR><BR>[Stack]<UL><LI>Max Depth = 40<LI>Call Chain = HAL_RCC_GetPCLK2Freq &rArr; HAL_RCC_GetHCLKFreq &rArr; HAL_RCC_GetSysClockFreq
</UL>
<BR>[Calls]<UL><LI><a href="#[5e]">&gt;&gt;</a>&nbsp;&nbsp;&nbsp;HAL_RCC_GetHCLKFreq
<LI><a href="#[8a]">&gt;&gt;</a>&nbsp;&nbsp;&nbsp;LL_RCC_GetAPB2Prescaler
</UL>
<BR>[Called By]<UL><LI><a href="#[ad]">&gt;&gt;</a>&nbsp;&nbsp;&nbsp;UART_SetConfig
</UL>

<P><STRONG><a name="[85]"></a>HAL_RCC_GetSysClockFreq</STRONG> (Thumb, 224 bytes, Stack size 24 bytes, stm32wlxx_hal_rcc.o(.text.HAL_RCC_GetSysClockFreq))
<BR><BR>[Stack]<UL><LI>Max Depth = 24<LI>Call Chain = HAL_RCC_GetSysClockFreq
</UL>
<BR>[Calls]<UL><LI><a href="#[92]">&gt;&gt;</a>&nbsp;&nbsp;&nbsp;LL_RCC_PLL_GetR
<LI><a href="#[90]">&gt;&gt;</a>&nbsp;&nbsp;&nbsp;LL_RCC_PLL_GetN
<LI><a href="#[8b]">&gt;&gt;</a>&nbsp;&nbsp;&nbsp;LL_RCC_PLL_GetMainSource
<LI><a href="#[91]">&gt;&gt;</a>&nbsp;&nbsp;&nbsp;LL_RCC_PLL_GetDivider
<LI><a href="#[8c]">&gt;&gt;</a>&nbsp;&nbsp;&nbsp;LL_RCC_MSI_IsEnabledRangeSelect
<LI><a href="#[8e]">&gt;&gt;</a>&nbsp;&nbsp;&nbsp;LL_RCC_MSI_GetRangeAfterStandby
<LI><a href="#[8d]">&gt;&gt;</a>&nbsp;&nbsp;&nbsp;LL_RCC_MSI_GetRange
<LI><a href="#[8f]">&gt;&gt;</a>&nbsp;&nbsp;&nbsp;LL_RCC_HSE_IsEnabledDiv2
<LI><a href="#[82]">&gt;&gt;</a>&nbsp;&nbsp;&nbsp;LL_RCC_GetSysClkSource
</UL>
<BR>[Called By]<UL><LI><a href="#[5e]">&gt;&gt;</a>&nbsp;&nbsp;&nbsp;HAL_RCC_GetHCLKFreq
<LI><a href="#[ad]">&gt;&gt;</a>&nbsp;&nbsp;&nbsp;UART_SetConfig
</UL>

<P><STRONG><a name="[93]"></a>HAL_RCC_OscConfig</STRONG> (Thumb, 1332 bytes, Stack size 32 bytes, stm32wlxx_hal_rcc.o(.text.HAL_RCC_OscConfig))
<BR><BR>[Stack]<UL><LI>Max Depth = 80<LI>Call Chain = HAL_RCC_OscConfig &rArr; HAL_InitTick &rArr; HAL_RCC_GetHCLKFreq &rArr; HAL_RCC_GetSysClockFreq
</UL>
<BR>[Calls]<UL><LI><a href="#[5e]">&gt;&gt;</a>&nbsp;&nbsp;&nbsp;HAL_RCC_GetHCLKFreq
<LI><a href="#[68]">&gt;&gt;</a>&nbsp;&nbsp;&nbsp;HAL_PWR_EnableBkUpAccess
<LI><a href="#[5f]">&gt;&gt;</a>&nbsp;&nbsp;&nbsp;HAL_InitTick
<LI><a href="#[95]">&gt;&gt;</a>&nbsp;&nbsp;&nbsp;RCC_SetFlashLatencyFromMSIRange
<LI><a href="#[83]">&gt;&gt;</a>&nbsp;&nbsp;&nbsp;LL_RCC_PLL_IsReady
<LI><a href="#[8b]">&gt;&gt;</a>&nbsp;&nbsp;&nbsp;LL_RCC_PLL_GetMainSource
<LI><a href="#[a1]">&gt;&gt;</a>&nbsp;&nbsp;&nbsp;LL_RCC_PLL_Enable
<LI><a href="#[9c]">&gt;&gt;</a>&nbsp;&nbsp;&nbsp;LL_RCC_PLL_Disable
<LI><a href="#[96]">&gt;&gt;</a>&nbsp;&nbsp;&nbsp;LL_RCC_MSI_SetCalibTrimming
<LI><a href="#[80]">&gt;&gt;</a>&nbsp;&nbsp;&nbsp;LL_RCC_MSI_IsReady
<LI><a href="#[9b]">&gt;&gt;</a>&nbsp;&nbsp;&nbsp;LL_RCC_MSI_Enable
<LI><a href="#[9f]">&gt;&gt;</a>&nbsp;&nbsp;&nbsp;LL_RCC_MSI_Disable
<LI><a href="#[9a]">&gt;&gt;</a>&nbsp;&nbsp;&nbsp;LL_RCC_LSI_IsReady
<LI><a href="#[a0]">&gt;&gt;</a>&nbsp;&nbsp;&nbsp;LL_RCC_LSI_Enable
<LI><a href="#[99]">&gt;&gt;</a>&nbsp;&nbsp;&nbsp;LL_RCC_LSI_Disable
<LI><a href="#[98]">&gt;&gt;</a>&nbsp;&nbsp;&nbsp;LL_RCC_LSE_IsReady
<LI><a href="#[94]">&gt;&gt;</a>&nbsp;&nbsp;&nbsp;LL_RCC_HSI_SetCalibTrimming
<LI><a href="#[84]">&gt;&gt;</a>&nbsp;&nbsp;&nbsp;LL_RCC_HSI_IsReady
<LI><a href="#[9e]">&gt;&gt;</a>&nbsp;&nbsp;&nbsp;LL_RCC_HSI_Enable
<LI><a href="#[a2]">&gt;&gt;</a>&nbsp;&nbsp;&nbsp;LL_RCC_HSI_Disable
<LI><a href="#[7f]">&gt;&gt;</a>&nbsp;&nbsp;&nbsp;LL_RCC_HSE_IsReady
<LI><a href="#[a3]">&gt;&gt;</a>&nbsp;&nbsp;&nbsp;LL_RCC_HSE_EnableTcxo
<LI><a href="#[9d]">&gt;&gt;</a>&nbsp;&nbsp;&nbsp;LL_RCC_HSE_Enable
<LI><a href="#[a5]">&gt;&gt;</a>&nbsp;&nbsp;&nbsp;LL_RCC_HSE_DisableTcxo
<LI><a href="#[a4]">&gt;&gt;</a>&nbsp;&nbsp;&nbsp;LL_RCC_HSE_Disable
<LI><a href="#[82]">&gt;&gt;</a>&nbsp;&nbsp;&nbsp;LL_RCC_GetSysClkSource
<LI><a href="#[97]">&gt;&gt;</a>&nbsp;&nbsp;&nbsp;LL_PWR_IsEnabledBkUpAccess
<LI><a href="#[69]">&gt;&gt;</a>&nbsp;&nbsp;&nbsp;HAL_GetTick
</UL>
<BR>[Called By]<UL><LI><a href="#[c6]">&gt;&gt;</a>&nbsp;&nbsp;&nbsp;SystemClock_Config
</UL>

<P><STRONG><a name="[61]"></a>HAL_SYSTICK_Config</STRONG> (Thumb, 4 bytes, Stack size 0 bytes, stm32wlxx_hal_cortex.o(.text.HAL_SYSTICK_Config))
<BR><BR>[Stack]<UL><LI>Max Depth = 16<LI>Call Chain = HAL_SYSTICK_Config &rArr; SysTick_Config
</UL>
<BR>[Calls]<UL><LI><a href="#[a6]">&gt;&gt;</a>&nbsp;&nbsp;&nbsp;SysTick_Config
</UL>
<BR>[Called By]<UL><LI><a href="#[5f]">&gt;&gt;</a>&nbsp;&nbsp;&nbsp;HAL_InitTick
</UL>

<P><STRONG><a name="[a7]"></a>HAL_UARTEx_EnableFifoMode</STRONG> (Thumb, 86 bytes, Stack size 8 bytes, stm32wlxx_hal_uart_ex.o(.text.HAL_UARTEx_EnableFifoMode))
<BR><BR>[Stack]<UL><LI>Max Depth = 16<LI>Call Chain = HAL_UARTEx_EnableFifoMode &rArr; UARTEx_SetNbDataToProcess
</UL>
<BR>[Calls]<UL><LI><a href="#[a8]">&gt;&gt;</a>&nbsp;&nbsp;&nbsp;UARTEx_SetNbDataToProcess
</UL>
<BR>[Called By]<UL><LI><a href="#[bb]">&gt;&gt;</a>&nbsp;&nbsp;&nbsp;MX_USART2_UART_Init
<LI><a href="#[ba]">&gt;&gt;</a>&nbsp;&nbsp;&nbsp;MX_USART1_UART_Init
</UL>

<P><STRONG><a name="[a9]"></a>HAL_UARTEx_SetRxFifoThreshold</STRONG> (Thumb, 90 bytes, Stack size 16 bytes, stm32wlxx_hal_uart_ex.o(.text.HAL_UARTEx_SetRxFifoThreshold))
<BR><BR>[Stack]<UL><LI>Max Depth = 24<LI>Call Chain = HAL_UARTEx_SetRxFifoThreshold &rArr; UARTEx_SetNbDataToProcess
</UL>
<BR>[Calls]<UL><LI><a href="#[a8]">&gt;&gt;</a>&nbsp;&nbsp;&nbsp;UARTEx_SetNbDataToProcess
</UL>
<BR>[Called By]<UL><LI><a href="#[bb]">&gt;&gt;</a>&nbsp;&nbsp;&nbsp;MX_USART2_UART_Init
<LI><a href="#[ba]">&gt;&gt;</a>&nbsp;&nbsp;&nbsp;MX_USART1_UART_Init
</UL>

<P><STRONG><a name="[aa]"></a>HAL_UARTEx_SetTxFifoThreshold</STRONG> (Thumb, 90 bytes, Stack size 16 bytes, stm32wlxx_hal_uart_ex.o(.text.HAL_UARTEx_SetTxFifoThreshold))
<BR><BR>[Stack]<UL><LI>Max Depth = 24<LI>Call Chain = HAL_UARTEx_SetTxFifoThreshold &rArr; UARTEx_SetNbDataToProcess
</UL>
<BR>[Calls]<UL><LI><a href="#[a8]">&gt;&gt;</a>&nbsp;&nbsp;&nbsp;UARTEx_SetNbDataToProcess
</UL>
<BR>[Called By]<UL><LI><a href="#[bb]">&gt;&gt;</a>&nbsp;&nbsp;&nbsp;MX_USART2_UART_Init
<LI><a href="#[ba]">&gt;&gt;</a>&nbsp;&nbsp;&nbsp;MX_USART1_UART_Init
</UL>

<P><STRONG><a name="[ab]"></a>HAL_UART_Init</STRONG> (Thumb, 106 bytes, Stack size 8 bytes, stm32wlxx_hal_uart.o(.text.HAL_UART_Init))
<BR><BR>[Stack]<UL><LI>Max Depth = 136<LI>Call Chain = HAL_UART_Init &rArr; HAL_UART_MspInit &rArr; HAL_GPIO_Init
</UL>
<BR>[Calls]<UL><LI><a href="#[ac]">&gt;&gt;</a>&nbsp;&nbsp;&nbsp;HAL_UART_MspInit
<LI><a href="#[ad]">&gt;&gt;</a>&nbsp;&nbsp;&nbsp;UART_SetConfig
<LI><a href="#[af]">&gt;&gt;</a>&nbsp;&nbsp;&nbsp;UART_CheckIdleState
<LI><a href="#[ae]">&gt;&gt;</a>&nbsp;&nbsp;&nbsp;UART_AdvFeatureConfig
</UL>
<BR>[Called By]<UL><LI><a href="#[bb]">&gt;&gt;</a>&nbsp;&nbsp;&nbsp;MX_USART2_UART_Init
<LI><a href="#[ba]">&gt;&gt;</a>&nbsp;&nbsp;&nbsp;MX_USART1_UART_Init
</UL>

<P><STRONG><a name="[ac]"></a>HAL_UART_MspInit</STRONG> (Thumb, 204 bytes, Stack size 88 bytes, usart.o(.text.HAL_UART_MspInit))
<BR><BR>[Stack]<UL><LI>Max Depth = 128<LI>Call Chain = HAL_UART_MspInit &rArr; HAL_GPIO_Init
</UL>
<BR>[Calls]<UL><LI><a href="#[67]">&gt;&gt;</a>&nbsp;&nbsp;&nbsp;HAL_RCCEx_PeriphCLKConfig
<LI><a href="#[b4]">&gt;&gt;</a>&nbsp;&nbsp;&nbsp;HAL_GPIO_Init
<LI><a href="#[b2]">&gt;&gt;</a>&nbsp;&nbsp;&nbsp;LL_APB2_GRP1_EnableClock
<LI><a href="#[b5]">&gt;&gt;</a>&nbsp;&nbsp;&nbsp;LL_APB1_GRP1_EnableClock
<LI><a href="#[b3]">&gt;&gt;</a>&nbsp;&nbsp;&nbsp;LL_AHB2_GRP1_EnableClock
<LI><a href="#[b1]">&gt;&gt;</a>&nbsp;&nbsp;&nbsp;Error_Handler
<LI><a href="#[b0]">&gt;&gt;</a>&nbsp;&nbsp;&nbsp;__aeabi_memclr4
</UL>
<BR>[Called By]<UL><LI><a href="#[ab]">&gt;&gt;</a>&nbsp;&nbsp;&nbsp;HAL_UART_Init
</UL>

<P><STRONG><a name="[b6]"></a>HAL_UART_Transmit</STRONG> (Thumb, 186 bytes, Stack size 32 bytes, stm32wlxx_hal_uart.o(.text.HAL_UART_Transmit))
<BR><BR>[Stack]<UL><LI>Max Depth = 64<LI>Call Chain = HAL_UART_Transmit &rArr; UART_WaitOnFlagUntilTimeout
</UL>
<BR>[Calls]<UL><LI><a href="#[b7]">&gt;&gt;</a>&nbsp;&nbsp;&nbsp;UART_WaitOnFlagUntilTimeout
<LI><a href="#[69]">&gt;&gt;</a>&nbsp;&nbsp;&nbsp;HAL_GetTick
</UL>
<BR>[Called By]<UL><LI><a href="#[4d]">&gt;&gt;</a>&nbsp;&nbsp;&nbsp;fputc
</UL>

<P><STRONG><a name="[2]"></a>HardFault_Handler</STRONG> (Thumb, 2 bytes, Stack size 0 bytes, stm32wlxx_it.o(.text.HardFault_Handler))
<BR><BR>[Calls]<UL><LI><a href="#[2]">&gt;&gt;</a>&nbsp;&nbsp;&nbsp;HardFault_Handler
</UL>
<BR>[Called By]<UL><LI><a href="#[2]">&gt;&gt;</a>&nbsp;&nbsp;&nbsp;HardFault_Handler
</UL>
<BR>[Address Reference Count : 1]<UL><LI> startup_stm32wle5xx.o(RESET)
</UL>
<P><STRONG><a name="[b8]"></a>MX_GPIO_Init</STRONG> (Thumb, 24 bytes, Stack size 8 bytes, gpio.o(.text.MX_GPIO_Init))
<BR><BR>[Stack]<UL><LI>Max Depth = 12<LI>Call Chain = MX_GPIO_Init &rArr; LL_AHB2_GRP1_EnableClock
</UL>
<BR>[Calls]<UL><LI><a href="#[b9]">&gt;&gt;</a>&nbsp;&nbsp;&nbsp;LL_AHB2_GRP1_EnableClock
</UL>
<BR>[Called By]<UL><LI><a href="#[45]">&gt;&gt;</a>&nbsp;&nbsp;&nbsp;main
</UL>

<P><STRONG><a name="[ba]"></a>MX_USART1_UART_Init</STRONG> (Thumb, 134 bytes, Stack size 8 bytes, usart.o(.text.MX_USART1_UART_Init))
<BR><BR>[Stack]<UL><LI>Max Depth = 144<LI>Call Chain = MX_USART1_UART_Init &rArr; HAL_UART_Init &rArr; HAL_UART_MspInit &rArr; HAL_GPIO_Init
</UL>
<BR>[Calls]<UL><LI><a href="#[ab]">&gt;&gt;</a>&nbsp;&nbsp;&nbsp;HAL_UART_Init
<LI><a href="#[aa]">&gt;&gt;</a>&nbsp;&nbsp;&nbsp;HAL_UARTEx_SetTxFifoThreshold
<LI><a href="#[a9]">&gt;&gt;</a>&nbsp;&nbsp;&nbsp;HAL_UARTEx_SetRxFifoThreshold
<LI><a href="#[a7]">&gt;&gt;</a>&nbsp;&nbsp;&nbsp;HAL_UARTEx_EnableFifoMode
<LI><a href="#[b1]">&gt;&gt;</a>&nbsp;&nbsp;&nbsp;Error_Handler
</UL>
<BR>[Called By]<UL><LI><a href="#[45]">&gt;&gt;</a>&nbsp;&nbsp;&nbsp;main
</UL>

<P><STRONG><a name="[bb]"></a>MX_USART2_UART_Init</STRONG> (Thumb, 134 bytes, Stack size 8 bytes, usart.o(.text.MX_USART2_UART_Init))
<BR><BR>[Stack]<UL><LI>Max Depth = 144<LI>Call Chain = MX_USART2_UART_Init &rArr; HAL_UART_Init &rArr; HAL_UART_MspInit &rArr; HAL_GPIO_Init
</UL>
<BR>[Calls]<UL><LI><a href="#[ab]">&gt;&gt;</a>&nbsp;&nbsp;&nbsp;HAL_UART_Init
<LI><a href="#[aa]">&gt;&gt;</a>&nbsp;&nbsp;&nbsp;HAL_UARTEx_SetTxFifoThreshold
<LI><a href="#[a9]">&gt;&gt;</a>&nbsp;&nbsp;&nbsp;HAL_UARTEx_SetRxFifoThreshold
<LI><a href="#[a7]">&gt;&gt;</a>&nbsp;&nbsp;&nbsp;HAL_UARTEx_EnableFifoMode
<LI><a href="#[b1]">&gt;&gt;</a>&nbsp;&nbsp;&nbsp;Error_Handler
</UL>
<BR>[Called By]<UL><LI><a href="#[45]">&gt;&gt;</a>&nbsp;&nbsp;&nbsp;main
</UL>

<P><STRONG><a name="[3]"></a>MemManage_Handler</STRONG> (Thumb, 2 bytes, Stack size 0 bytes, stm32wlxx_it.o(.text.MemManage_Handler))
<BR><BR>[Calls]<UL><LI><a href="#[3]">&gt;&gt;</a>&nbsp;&nbsp;&nbsp;MemManage_Handler
</UL>
<BR>[Called By]<UL><LI><a href="#[3]">&gt;&gt;</a>&nbsp;&nbsp;&nbsp;MemManage_Handler
</UL>
<BR>[Address Reference Count : 1]<UL><LI> startup_stm32wle5xx.o(RESET)
</UL>
<P><STRONG><a name="[1]"></a>NMI_Handler</STRONG> (Thumb, 2 bytes, Stack size 0 bytes, stm32wlxx_it.o(.text.NMI_Handler))
<BR><BR>[Calls]<UL><LI><a href="#[1]">&gt;&gt;</a>&nbsp;&nbsp;&nbsp;NMI_Handler
</UL>
<BR>[Called By]<UL><LI><a href="#[1]">&gt;&gt;</a>&nbsp;&nbsp;&nbsp;NMI_Handler
</UL>
<BR>[Address Reference Count : 1]<UL><LI> startup_stm32wle5xx.o(RESET)
</UL>
<P><STRONG><a name="[9]"></a>SysTick_Handler</STRONG> (Thumb, 32 bytes, Stack size 8 bytes, stm32wlxx_it.o(.text.SysTick_Handler))
<BR><BR>[Stack]<UL><LI>Max Depth = 88 + Unknown Stack Size
<LI>Call Chain = SysTick_Handler &rArr; tos_tick_handler &rArr; tick_update &rArr; pend_task_wakeup &rArr; tick_list_remove &rArr; tick_task_takeoff
</UL>
<BR>[Calls]<UL><LI><a href="#[c4]">&gt;&gt;</a>&nbsp;&nbsp;&nbsp;tos_tick_handler
<LI><a href="#[c2]">&gt;&gt;</a>&nbsp;&nbsp;&nbsp;tos_knl_is_running
<LI><a href="#[c5]">&gt;&gt;</a>&nbsp;&nbsp;&nbsp;tos_knl_irq_leave
<LI><a href="#[c3]">&gt;&gt;</a>&nbsp;&nbsp;&nbsp;tos_knl_irq_enter
<LI><a href="#[c1]">&gt;&gt;</a>&nbsp;&nbsp;&nbsp;HAL_IncTick
</UL>
<BR>[Address Reference Count : 1]<UL><LI> startup_stm32wle5xx.o(RESET)
</UL>
<P><STRONG><a name="[c6]"></a>SystemClock_Config</STRONG> (Thumb, 114 bytes, Stack size 120 bytes, main.o(.text.SystemClock_Config))
<BR><BR>[Stack]<UL><LI>Max Depth = 200<LI>Call Chain = SystemClock_Config &rArr; HAL_RCC_OscConfig &rArr; HAL_InitTick &rArr; HAL_RCC_GetHCLKFreq &rArr; HAL_RCC_GetSysClockFreq
</UL>
<BR>[Calls]<UL><LI><a href="#[93]">&gt;&gt;</a>&nbsp;&nbsp;&nbsp;HAL_RCC_OscConfig
<LI><a href="#[76]">&gt;&gt;</a>&nbsp;&nbsp;&nbsp;HAL_RCC_ClockConfig
<LI><a href="#[b1]">&gt;&gt;</a>&nbsp;&nbsp;&nbsp;Error_Handler
<LI><a href="#[b0]">&gt;&gt;</a>&nbsp;&nbsp;&nbsp;__aeabi_memclr4
</UL>
<BR>[Called By]<UL><LI><a href="#[45]">&gt;&gt;</a>&nbsp;&nbsp;&nbsp;main
</UL>

<P><STRONG><a name="[46]"></a>SystemInit</STRONG> (Thumb, 2 bytes, Stack size 0 bytes, system_stm32wlxx.o(.text.SystemInit))
<BR>[Address Reference Count : 1]<UL><LI> startup_stm32wle5xx.o(.text)
</UL>
<P><STRONG><a name="[ae]"></a>UART_AdvFeatureConfig</STRONG> (Thumb, 204 bytes, Stack size 0 bytes, stm32wlxx_hal_uart.o(.text.UART_AdvFeatureConfig))
<BR><BR>[Called By]<UL><LI><a href="#[ab]">&gt;&gt;</a>&nbsp;&nbsp;&nbsp;HAL_UART_Init
</UL>

<P><STRONG><a name="[af]"></a>UART_CheckIdleState</STRONG> (Thumb, 116 bytes, Stack size 24 bytes, stm32wlxx_hal_uart.o(.text.UART_CheckIdleState))
<BR><BR>[Stack]<UL><LI>Max Depth = 56<LI>Call Chain = UART_CheckIdleState &rArr; UART_WaitOnFlagUntilTimeout
</UL>
<BR>[Calls]<UL><LI><a href="#[b7]">&gt;&gt;</a>&nbsp;&nbsp;&nbsp;UART_WaitOnFlagUntilTimeout
<LI><a href="#[69]">&gt;&gt;</a>&nbsp;&nbsp;&nbsp;HAL_GetTick
</UL>
<BR>[Called By]<UL><LI><a href="#[ab]">&gt;&gt;</a>&nbsp;&nbsp;&nbsp;HAL_UART_Init
</UL>

<P><STRONG><a name="[ad]"></a>UART_SetConfig</STRONG> (Thumb, 656 bytes, Stack size 24 bytes, stm32wlxx_hal_uart.o(.text.UART_SetConfig))
<BR><BR>[Stack]<UL><LI>Max Depth = 64<LI>Call Chain = UART_SetConfig &rArr; HAL_RCC_GetPCLK2Freq &rArr; HAL_RCC_GetHCLKFreq &rArr; HAL_RCC_GetSysClockFreq
</UL>
<BR>[Calls]<UL><LI><a href="#[85]">&gt;&gt;</a>&nbsp;&nbsp;&nbsp;HAL_RCC_GetSysClockFreq
<LI><a href="#[89]">&gt;&gt;</a>&nbsp;&nbsp;&nbsp;HAL_RCC_GetPCLK2Freq
<LI><a href="#[87]">&gt;&gt;</a>&nbsp;&nbsp;&nbsp;HAL_RCC_GetPCLK1Freq
<LI><a href="#[c7]">&gt;&gt;</a>&nbsp;&nbsp;&nbsp;LL_RCC_GetUSARTClockSource
<LI><a href="#[c8]">&gt;&gt;</a>&nbsp;&nbsp;&nbsp;LL_RCC_GetLPUARTClockSource
<LI><a href="#[55]">&gt;&gt;</a>&nbsp;&nbsp;&nbsp;__aeabi_uldivmod
</UL>
<BR>[Called By]<UL><LI><a href="#[ab]">&gt;&gt;</a>&nbsp;&nbsp;&nbsp;HAL_UART_Init
</UL>

<P><STRONG><a name="[b7]"></a>UART_WaitOnFlagUntilTimeout</STRONG> (Thumb, 238 bytes, Stack size 32 bytes, stm32wlxx_hal_uart.o(.text.UART_WaitOnFlagUntilTimeout))
<BR><BR>[Stack]<UL><LI>Max Depth = 32<LI>Call Chain = UART_WaitOnFlagUntilTimeout
</UL>
<BR>[Calls]<UL><LI><a href="#[69]">&gt;&gt;</a>&nbsp;&nbsp;&nbsp;HAL_GetTick
</UL>
<BR>[Called By]<UL><LI><a href="#[b6]">&gt;&gt;</a>&nbsp;&nbsp;&nbsp;HAL_UART_Transmit
<LI><a href="#[af]">&gt;&gt;</a>&nbsp;&nbsp;&nbsp;UART_CheckIdleState
</UL>

<P><STRONG><a name="[5]"></a>UsageFault_Handler</STRONG> (Thumb, 2 bytes, Stack size 0 bytes, stm32wlxx_it.o(.text.UsageFault_Handler))
<BR><BR>[Calls]<UL><LI><a href="#[5]">&gt;&gt;</a>&nbsp;&nbsp;&nbsp;UsageFault_Handler
</UL>
<BR>[Called By]<UL><LI><a href="#[5]">&gt;&gt;</a>&nbsp;&nbsp;&nbsp;UsageFault_Handler
</UL>
<BR>[Address Reference Count : 1]<UL><LI> startup_stm32wle5xx.o(RESET)
</UL>
<P><STRONG><a name="[f1]"></a>cpu_context_switch</STRONG> (Thumb, 4 bytes, Stack size 0 bytes, tos_cpu.o(.text.cpu_context_switch))
<BR><BR>[Calls]<UL><LI><a href="#[54]">&gt;&gt;</a>&nbsp;&nbsp;&nbsp;port_context_switch
</UL>
<BR>[Called By]<UL><LI><a href="#[48]">&gt;&gt;</a>&nbsp;&nbsp;&nbsp;syscall_kernel
<LI><a href="#[100]">&gt;&gt;</a>&nbsp;&nbsp;&nbsp;knl_sched
</UL>

<P><STRONG><a name="[f2]"></a>cpu_init</STRONG> (Thumb, 48 bytes, Stack size 8 bytes, tos_cpu.o(.text.cpu_init))
<BR><BR>[Stack]<UL><LI>Max Depth = 48<LI>Call Chain = cpu_init &rArr; __aeabi_uldivmod
</UL>
<BR>[Calls]<UL><LI><a href="#[55]">&gt;&gt;</a>&nbsp;&nbsp;&nbsp;__aeabi_uldivmod
<LI><a href="#[f3]">&gt;&gt;</a>&nbsp;&nbsp;&nbsp;cpu_systick_init
</UL>
<BR>[Called By]<UL><LI><a href="#[10c]">&gt;&gt;</a>&nbsp;&nbsp;&nbsp;tos_knl_init
</UL>

<P><STRONG><a name="[f4]"></a>cpu_irq_context_switch</STRONG> (Thumb, 4 bytes, Stack size 0 bytes, tos_cpu.o(.text.cpu_irq_context_switch))
<BR><BR>[Calls]<UL><LI><a href="#[f5]">&gt;&gt;</a>&nbsp;&nbsp;&nbsp;port_irq_context_switch
</UL>
<BR>[Called By]<UL><LI><a href="#[c5]">&gt;&gt;</a>&nbsp;&nbsp;&nbsp;tos_knl_irq_leave
</UL>

<P><STRONG><a name="[f6]"></a>cpu_sched_start</STRONG> (Thumb, 6 bytes, Stack size 8 bytes, tos_cpu.o(.text.cpu_sched_start))
<BR><BR>[Stack]<UL><LI>Max Depth = 8 + Unknown Stack Size
<LI>Call Chain = cpu_sched_start
</UL>
<BR>[Calls]<UL><LI><a href="#[f7]">&gt;&gt;</a>&nbsp;&nbsp;&nbsp;port_sched_start
</UL>
<BR>[Called By]<UL><LI><a href="#[10f]">&gt;&gt;</a>&nbsp;&nbsp;&nbsp;tos_knl_start
</UL>

<P><STRONG><a name="[f3]"></a>cpu_systick_init</STRONG> (Thumb, 20 bytes, Stack size 8 bytes, tos_cpu.o(.text.cpu_systick_init))
<BR><BR>[Stack]<UL><LI>Max Depth = 24<LI>Call Chain = cpu_systick_init &rArr; port_systick_config &rArr; SysTick_Config
</UL>
<BR>[Calls]<UL><LI><a href="#[f8]">&gt;&gt;</a>&nbsp;&nbsp;&nbsp;port_systick_priority_set
<LI><a href="#[f9]">&gt;&gt;</a>&nbsp;&nbsp;&nbsp;port_systick_config
</UL>
<BR>[Called By]<UL><LI><a href="#[f2]">&gt;&gt;</a>&nbsp;&nbsp;&nbsp;cpu_init
</UL>

<P><STRONG><a name="[1d2]"></a>cpu_task_stk_init</STRONG> (Thumb, 128 bytes, Stack size 0 bytes, tos_cpu.o(.text.cpu_task_stk_init))
<BR><BR>[Called By]<UL><LI><a href="#[107]">&gt;&gt;</a>&nbsp;&nbsp;&nbsp;tos_task_create
<LI><a href="#[1d5]">&gt;&gt;</a>&nbsp;&nbsp;&nbsp;tos_task_create_tlib
</UL>

<P><STRONG><a name="[53]"></a>cpu_tlib_kernel_stk_init</STRONG> (Thumb, 116 bytes, Stack size 20 bytes, tos_tlib.o(.text.cpu_tlib_kernel_stk_init))
<BR><BR>[Stack]<UL><LI>Max Depth = 20<LI>Call Chain = cpu_tlib_kernel_stk_init
</UL>
<BR>[Called By]<UL><LI><a href="#[6]">&gt;&gt;</a>&nbsp;&nbsp;&nbsp;SVC_Handler
</UL>

<P><STRONG><a name="[101]"></a>find_set_pid</STRONG> (Thumb, 84 bytes, Stack size 16 bytes, tos_tlib.o(.text.find_set_pid))
<BR><BR>[Stack]<UL><LI>Max Depth = 24 + Unknown Stack Size
<LI>Call Chain = find_set_pid &rArr; find_pid
</UL>
<BR>[Calls]<UL><LI><a href="#[fc]">&gt;&gt;</a>&nbsp;&nbsp;&nbsp;tos_cpu_cpsr_save
<LI><a href="#[ff]">&gt;&gt;</a>&nbsp;&nbsp;&nbsp;tos_cpu_cpsr_restore
<LI><a href="#[102]">&gt;&gt;</a>&nbsp;&nbsp;&nbsp;find_pid
</UL>
<BR>[Called By]<UL><LI><a href="#[107]">&gt;&gt;</a>&nbsp;&nbsp;&nbsp;tos_task_create
<LI><a href="#[1d5]">&gt;&gt;</a>&nbsp;&nbsp;&nbsp;tos_task_create_tlib
</UL>

<P><STRONG><a name="[4d]"></a>fputc</STRONG> (Thumb, 32 bytes, Stack size 16 bytes, stdio.o(.text.fputc))
<BR><BR>[Stack]<UL><LI>Max Depth = 80<LI>Call Chain = fputc &rArr; HAL_UART_Transmit &rArr; UART_WaitOnFlagUntilTimeout
</UL>
<BR>[Calls]<UL><LI><a href="#[b6]">&gt;&gt;</a>&nbsp;&nbsp;&nbsp;HAL_UART_Transmit
</UL>
<BR>[Address Reference Count : 1]<UL><LI> printf5.o(i.__0printf$5)
</UL>
<P><STRONG><a name="[103]"></a>free_pid</STRONG> (Thumb, 74 bytes, Stack size 16 bytes, tos_tlib.o(.text.free_pid))
<BR><BR>[Stack]<UL><LI>Max Depth = 16 + Unknown Stack Size
<LI>Call Chain = free_pid
</UL>
<BR>[Calls]<UL><LI><a href="#[fc]">&gt;&gt;</a>&nbsp;&nbsp;&nbsp;tos_cpu_cpsr_save
<LI><a href="#[ff]">&gt;&gt;</a>&nbsp;&nbsp;&nbsp;tos_cpu_cpsr_restore
</UL>
<BR>[Called By]<UL><LI><a href="#[188]">&gt;&gt;</a>&nbsp;&nbsp;&nbsp;task_do_destroy
</UL>

<P><STRONG><a name="[106]"></a>knl_idle_init</STRONG> (Thumb, 72 bytes, Stack size 24 bytes, tos_sys.o(.text.knl_idle_init))
<BR><BR>[Stack]<UL><LI>Max Depth = 88 + Unknown Stack Size
<LI>Call Chain = knl_idle_init &rArr; tos_task_create &rArr; readyqueue_add_tail &rArr; readyqueue_prio_mark
</UL>
<BR>[Calls]<UL><LI><a href="#[107]">&gt;&gt;</a>&nbsp;&nbsp;&nbsp;tos_task_create
</UL>
<BR>[Called By]<UL><LI><a href="#[10c]">&gt;&gt;</a>&nbsp;&nbsp;&nbsp;tos_knl_init
</UL>

<P><STRONG><a name="[13f]"></a>knl_is_idle</STRONG> (Thumb, 18 bytes, Stack size 0 bytes, tos_sys.o(.text.knl_is_idle))
<BR><BR>[Called By]<UL><LI><a href="#[185]">&gt;&gt;</a>&nbsp;&nbsp;&nbsp;tos_task_suspend
<LI><a href="#[142]">&gt;&gt;</a>&nbsp;&nbsp;&nbsp;robin_sched
<LI><a href="#[129]">&gt;&gt;</a>&nbsp;&nbsp;&nbsp;readyqueue_remove
<LI><a href="#[107]">&gt;&gt;</a>&nbsp;&nbsp;&nbsp;tos_task_create
<LI><a href="#[1d5]">&gt;&gt;</a>&nbsp;&nbsp;&nbsp;tos_task_create_tlib
<LI><a href="#[188]">&gt;&gt;</a>&nbsp;&nbsp;&nbsp;task_do_destroy
</UL>

<P><STRONG><a name="[108]"></a>knl_is_inirq</STRONG> (Thumb, 18 bytes, Stack size 0 bytes, tos_sys.o(.text.knl_is_inirq))
<BR><BR>[Called By]<UL><LI><a href="#[c5]">&gt;&gt;</a>&nbsp;&nbsp;&nbsp;tos_knl_irq_leave
<LI><a href="#[10e]">&gt;&gt;</a>&nbsp;&nbsp;&nbsp;tos_task_create_dyn_tlib
<LI><a href="#[187]">&gt;&gt;</a>&nbsp;&nbsp;&nbsp;tos_task_yield
<LI><a href="#[117]">&gt;&gt;</a>&nbsp;&nbsp;&nbsp;tos_task_prio_change
<LI><a href="#[14d]">&gt;&gt;</a>&nbsp;&nbsp;&nbsp;tos_task_delay_abort
<LI><a href="#[14f]">&gt;&gt;</a>&nbsp;&nbsp;&nbsp;tos_task_delay
<LI><a href="#[182]">&gt;&gt;</a>&nbsp;&nbsp;&nbsp;tos_sem_pend
<LI><a href="#[17d]">&gt;&gt;</a>&nbsp;&nbsp;&nbsp;tos_mutex_post
<LI><a href="#[17c]">&gt;&gt;</a>&nbsp;&nbsp;&nbsp;tos_mutex_pend_timed
<LI><a href="#[17a]">&gt;&gt;</a>&nbsp;&nbsp;&nbsp;tos_mutex_destroy
<LI><a href="#[179]">&gt;&gt;</a>&nbsp;&nbsp;&nbsp;tos_mutex_create
<LI><a href="#[14a]">&gt;&gt;</a>&nbsp;&nbsp;&nbsp;tos_knl_sched_unlock
<LI><a href="#[147]">&gt;&gt;</a>&nbsp;&nbsp;&nbsp;tos_knl_sched_lock
<LI><a href="#[155]">&gt;&gt;</a>&nbsp;&nbsp;&nbsp;tos_event_pend
<LI><a href="#[100]">&gt;&gt;</a>&nbsp;&nbsp;&nbsp;knl_sched
<LI><a href="#[107]">&gt;&gt;</a>&nbsp;&nbsp;&nbsp;tos_task_create
<LI><a href="#[49]">&gt;&gt;</a>&nbsp;&nbsp;&nbsp;tos_task_destroy_dyn
<LI><a href="#[191]">&gt;&gt;</a>&nbsp;&nbsp;&nbsp;tos_task_destroy
<LI><a href="#[1d5]">&gt;&gt;</a>&nbsp;&nbsp;&nbsp;tos_task_create_tlib
</UL>

<P><STRONG><a name="[109]"></a>knl_is_sched_locked</STRONG> (Thumb, 18 bytes, Stack size 0 bytes, tos_sys.o(.text.knl_is_sched_locked))
<BR><BR>[Called By]<UL><LI><a href="#[c5]">&gt;&gt;</a>&nbsp;&nbsp;&nbsp;tos_knl_irq_leave
<LI><a href="#[185]">&gt;&gt;</a>&nbsp;&nbsp;&nbsp;tos_task_suspend
<LI><a href="#[14f]">&gt;&gt;</a>&nbsp;&nbsp;&nbsp;tos_task_delay
<LI><a href="#[182]">&gt;&gt;</a>&nbsp;&nbsp;&nbsp;tos_sem_pend
<LI><a href="#[17c]">&gt;&gt;</a>&nbsp;&nbsp;&nbsp;tos_mutex_pend_timed
<LI><a href="#[14a]">&gt;&gt;</a>&nbsp;&nbsp;&nbsp;tos_knl_sched_unlock
<LI><a href="#[155]">&gt;&gt;</a>&nbsp;&nbsp;&nbsp;tos_event_pend
<LI><a href="#[100]">&gt;&gt;</a>&nbsp;&nbsp;&nbsp;knl_sched
<LI><a href="#[142]">&gt;&gt;</a>&nbsp;&nbsp;&nbsp;robin_sched
<LI><a href="#[49]">&gt;&gt;</a>&nbsp;&nbsp;&nbsp;tos_task_destroy_dyn
<LI><a href="#[191]">&gt;&gt;</a>&nbsp;&nbsp;&nbsp;tos_task_destroy
</UL>

<P><STRONG><a name="[10b]"></a>knl_is_self</STRONG> (Thumb, 20 bytes, Stack size 0 bytes, tos_sys.o(.text.knl_is_self))
<BR><BR>[Called By]<UL><LI><a href="#[c5]">&gt;&gt;</a>&nbsp;&nbsp;&nbsp;tos_knl_irq_leave
<LI><a href="#[185]">&gt;&gt;</a>&nbsp;&nbsp;&nbsp;tos_task_suspend
<LI><a href="#[17e]">&gt;&gt;</a>&nbsp;&nbsp;&nbsp;tos_task_resume
<LI><a href="#[117]">&gt;&gt;</a>&nbsp;&nbsp;&nbsp;tos_task_prio_change
<LI><a href="#[14d]">&gt;&gt;</a>&nbsp;&nbsp;&nbsp;tos_task_delay_abort
<LI><a href="#[17d]">&gt;&gt;</a>&nbsp;&nbsp;&nbsp;tos_mutex_post
<LI><a href="#[17c]">&gt;&gt;</a>&nbsp;&nbsp;&nbsp;tos_mutex_pend_timed
<LI><a href="#[100]">&gt;&gt;</a>&nbsp;&nbsp;&nbsp;knl_sched
<LI><a href="#[49]">&gt;&gt;</a>&nbsp;&nbsp;&nbsp;tos_task_destroy_dyn
<LI><a href="#[191]">&gt;&gt;</a>&nbsp;&nbsp;&nbsp;tos_task_destroy
</UL>

<P><STRONG><a name="[100]"></a>knl_sched</STRONG> (Thumb, 68 bytes, Stack size 8 bytes, tos_sys.o(.text.knl_sched))
<BR><BR>[Stack]<UL><LI>Max Depth = 8 + Unknown Stack Size
<LI>Call Chain = knl_sched
</UL>
<BR>[Calls]<UL><LI><a href="#[c2]">&gt;&gt;</a>&nbsp;&nbsp;&nbsp;tos_knl_is_running
<LI><a href="#[fc]">&gt;&gt;</a>&nbsp;&nbsp;&nbsp;tos_cpu_cpsr_save
<LI><a href="#[ff]">&gt;&gt;</a>&nbsp;&nbsp;&nbsp;tos_cpu_cpsr_restore
<LI><a href="#[f1]">&gt;&gt;</a>&nbsp;&nbsp;&nbsp;cpu_context_switch
<LI><a href="#[109]">&gt;&gt;</a>&nbsp;&nbsp;&nbsp;knl_is_sched_locked
<LI><a href="#[108]">&gt;&gt;</a>&nbsp;&nbsp;&nbsp;knl_is_inirq
<LI><a href="#[10b]">&gt;&gt;</a>&nbsp;&nbsp;&nbsp;knl_is_self
<LI><a href="#[10a]">&gt;&gt;</a>&nbsp;&nbsp;&nbsp;readyqueue_highest_ready_task_get
</UL>
<BR>[Called By]<UL><LI><a href="#[187]">&gt;&gt;</a>&nbsp;&nbsp;&nbsp;tos_task_yield
<LI><a href="#[185]">&gt;&gt;</a>&nbsp;&nbsp;&nbsp;tos_task_suspend
<LI><a href="#[17e]">&gt;&gt;</a>&nbsp;&nbsp;&nbsp;tos_task_resume
<LI><a href="#[117]">&gt;&gt;</a>&nbsp;&nbsp;&nbsp;tos_task_prio_change
<LI><a href="#[14d]">&gt;&gt;</a>&nbsp;&nbsp;&nbsp;tos_task_delay_abort
<LI><a href="#[14f]">&gt;&gt;</a>&nbsp;&nbsp;&nbsp;tos_task_delay
<LI><a href="#[182]">&gt;&gt;</a>&nbsp;&nbsp;&nbsp;tos_sem_pend
<LI><a href="#[181]">&gt;&gt;</a>&nbsp;&nbsp;&nbsp;tos_sem_destroy
<LI><a href="#[17d]">&gt;&gt;</a>&nbsp;&nbsp;&nbsp;tos_mutex_post
<LI><a href="#[17c]">&gt;&gt;</a>&nbsp;&nbsp;&nbsp;tos_mutex_pend_timed
<LI><a href="#[17a]">&gt;&gt;</a>&nbsp;&nbsp;&nbsp;tos_mutex_destroy
<LI><a href="#[14a]">&gt;&gt;</a>&nbsp;&nbsp;&nbsp;tos_knl_sched_unlock
<LI><a href="#[155]">&gt;&gt;</a>&nbsp;&nbsp;&nbsp;tos_event_pend
<LI><a href="#[153]">&gt;&gt;</a>&nbsp;&nbsp;&nbsp;tos_event_destroy
<LI><a href="#[fa]">&gt;&gt;</a>&nbsp;&nbsp;&nbsp;event_do_post
<LI><a href="#[142]">&gt;&gt;</a>&nbsp;&nbsp;&nbsp;robin_sched
<LI><a href="#[107]">&gt;&gt;</a>&nbsp;&nbsp;&nbsp;tos_task_create
<LI><a href="#[144]">&gt;&gt;</a>&nbsp;&nbsp;&nbsp;sem_do_post
<LI><a href="#[1d5]">&gt;&gt;</a>&nbsp;&nbsp;&nbsp;tos_task_create_tlib
<LI><a href="#[188]">&gt;&gt;</a>&nbsp;&nbsp;&nbsp;task_do_destroy
</UL>

<P><STRONG><a name="[45]"></a>main</STRONG> (Thumb, 124 bytes, Stack size 32 bytes, main.o(.text.main))
<BR><BR>[Stack]<UL><LI>Max Depth = 232 + Unknown Stack Size
<LI>Call Chain = main &rArr; SystemClock_Config &rArr; HAL_RCC_OscConfig &rArr; HAL_InitTick &rArr; HAL_RCC_GetHCLKFreq &rArr; HAL_RCC_GetSysClockFreq
</UL>
<BR>[Calls]<UL><LI><a href="#[10e]">&gt;&gt;</a>&nbsp;&nbsp;&nbsp;tos_task_create_dyn_tlib
<LI><a href="#[10f]">&gt;&gt;</a>&nbsp;&nbsp;&nbsp;tos_knl_start
<LI><a href="#[10c]">&gt;&gt;</a>&nbsp;&nbsp;&nbsp;tos_knl_init
<LI><a href="#[c6]">&gt;&gt;</a>&nbsp;&nbsp;&nbsp;SystemClock_Config
<LI><a href="#[bb]">&gt;&gt;</a>&nbsp;&nbsp;&nbsp;MX_USART2_UART_Init
<LI><a href="#[ba]">&gt;&gt;</a>&nbsp;&nbsp;&nbsp;MX_USART1_UART_Init
<LI><a href="#[b8]">&gt;&gt;</a>&nbsp;&nbsp;&nbsp;MX_GPIO_Init
<LI><a href="#[5c]">&gt;&gt;</a>&nbsp;&nbsp;&nbsp;HAL_Init
<LI><a href="#[10d]">&gt;&gt;</a>&nbsp;&nbsp;&nbsp;__2printf
</UL>
<BR>[Address Reference Count : 1]<UL><LI> entry9a.o(.ARM.Collect$$$$0000000B)
</UL>
<P><STRONG><a name="[111]"></a>mmheap_init_with_pool</STRONG> (Thumb, 22 bytes, Stack size 16 bytes, tos_mmheap.o(.text.mmheap_init_with_pool))
<BR><BR>[Stack]<UL><LI>Max Depth = 80 + Unknown Stack Size
<LI>Call Chain = mmheap_init_with_pool &rArr; tos_mmheap_pool_add &rArr; blk_insert &rArr; mapping_insert &rArr; __fls &rArr; generic_fls
</UL>
<BR>[Calls]<UL><LI><a href="#[112]">&gt;&gt;</a>&nbsp;&nbsp;&nbsp;tos_mmheap_pool_add
<LI><a href="#[110]">&gt;&gt;</a>&nbsp;&nbsp;&nbsp;mmheap_ctl_init
</UL>
<BR>[Called By]<UL><LI><a href="#[10c]">&gt;&gt;</a>&nbsp;&nbsp;&nbsp;tos_knl_init
</UL>

<P><STRONG><a name="[11a]"></a>mutex_release</STRONG> (Thumb, 20 bytes, Stack size 8 bytes, tos_mutex.o(.text.mutex_release))
<BR><BR>[Stack]<UL><LI>Max Depth = 72 + Unknown Stack Size
<LI>Call Chain = mutex_release &rArr; pend_wakeup_all &rArr; pend_task_wakeup &rArr; tick_list_remove &rArr; tick_task_takeoff
</UL>
<BR>[Calls]<UL><LI><a href="#[11b]">&gt;&gt;</a>&nbsp;&nbsp;&nbsp;pend_wakeup_all
<LI><a href="#[118]">&gt;&gt;</a>&nbsp;&nbsp;&nbsp;mutex_old_owner_release
</UL>
<BR>[Called By]<UL><LI><a href="#[18a]">&gt;&gt;</a>&nbsp;&nbsp;&nbsp;task_mutex_release
</UL>

<P><STRONG><a name="[116]"></a>pend_highest_pending_prio_get</STRONG> (Thumb, 22 bytes, Stack size 8 bytes, tos_pend.o(.text.pend_highest_pending_prio_get))
<BR><BR>[Stack]<UL><LI>Max Depth = 8<LI>Call Chain = pend_highest_pending_prio_get
</UL>
<BR>[Calls]<UL><LI><a href="#[11c]">&gt;&gt;</a>&nbsp;&nbsp;&nbsp;tos_list_empty
</UL>
<BR>[Called By]<UL><LI><a href="#[115]">&gt;&gt;</a>&nbsp;&nbsp;&nbsp;mutex_new_owner_mark
<LI><a href="#[193]">&gt;&gt;</a>&nbsp;&nbsp;&nbsp;task_highest_pending_prio_get
</UL>

<P><STRONG><a name="[1c9]"></a>pend_highest_pending_task_get</STRONG> (Thumb, 6 bytes, Stack size 0 bytes, tos_pend.o(.text.pend_highest_pending_task_get))
<BR><BR>[Called By]<UL><LI><a href="#[17d]">&gt;&gt;</a>&nbsp;&nbsp;&nbsp;tos_mutex_post
</UL>

<P><STRONG><a name="[11d]"></a>pend_is_nopending</STRONG> (Thumb, 4 bytes, Stack size 0 bytes, tos_pend.o(.text.pend_is_nopending))
<BR><BR>[Calls]<UL><LI><a href="#[11c]">&gt;&gt;</a>&nbsp;&nbsp;&nbsp;tos_list_empty
</UL>
<BR>[Called By]<UL><LI><a href="#[17d]">&gt;&gt;</a>&nbsp;&nbsp;&nbsp;tos_mutex_post
<LI><a href="#[144]">&gt;&gt;</a>&nbsp;&nbsp;&nbsp;sem_do_post
</UL>

<P><STRONG><a name="[121]"></a>pend_list_adjust</STRONG> (Thumb, 24 bytes, Stack size 8 bytes, tos_pend.o(.text.pend_list_adjust))
<BR><BR>[Stack]<UL><LI>Max Depth = 24<LI>Call Chain = pend_list_adjust &rArr; pend_list_add
</UL>
<BR>[Calls]<UL><LI><a href="#[122]">&gt;&gt;</a>&nbsp;&nbsp;&nbsp;tos_list_del
<LI><a href="#[11e]">&gt;&gt;</a>&nbsp;&nbsp;&nbsp;pend_list_add
</UL>
<BR>[Called By]<UL><LI><a href="#[117]">&gt;&gt;</a>&nbsp;&nbsp;&nbsp;tos_task_prio_change
</UL>

<P><STRONG><a name="[123]"></a>pend_list_remove</STRONG> (Thumb, 26 bytes, Stack size 8 bytes, tos_pend.o(.text.pend_list_remove))
<BR><BR>[Stack]<UL><LI>Max Depth = 8<LI>Call Chain = pend_list_remove
</UL>
<BR>[Calls]<UL><LI><a href="#[122]">&gt;&gt;</a>&nbsp;&nbsp;&nbsp;tos_list_del
<LI><a href="#[124]">&gt;&gt;</a>&nbsp;&nbsp;&nbsp;task_state_reset_pending
</UL>
<BR>[Called By]<UL><LI><a href="#[185]">&gt;&gt;</a>&nbsp;&nbsp;&nbsp;tos_task_suspend
<LI><a href="#[fe]">&gt;&gt;</a>&nbsp;&nbsp;&nbsp;pend_task_wakeup
<LI><a href="#[188]">&gt;&gt;</a>&nbsp;&nbsp;&nbsp;task_do_destroy
</UL>

<P><STRONG><a name="[125]"></a>pend_object_deinit</STRONG> (Thumb, 4 bytes, Stack size 0 bytes, tos_pend.o(.text.pend_object_deinit))
<BR><BR>[Calls]<UL><LI><a href="#[126]">&gt;&gt;</a>&nbsp;&nbsp;&nbsp;tos_list_init
</UL>
<BR>[Called By]<UL><LI><a href="#[181]">&gt;&gt;</a>&nbsp;&nbsp;&nbsp;tos_sem_destroy
<LI><a href="#[17a]">&gt;&gt;</a>&nbsp;&nbsp;&nbsp;tos_mutex_destroy
<LI><a href="#[153]">&gt;&gt;</a>&nbsp;&nbsp;&nbsp;tos_event_destroy
</UL>

<P><STRONG><a name="[127]"></a>pend_object_init</STRONG> (Thumb, 4 bytes, Stack size 0 bytes, tos_pend.o(.text.pend_object_init))
<BR><BR>[Calls]<UL><LI><a href="#[126]">&gt;&gt;</a>&nbsp;&nbsp;&nbsp;tos_list_init
</UL>
<BR>[Called By]<UL><LI><a href="#[180]">&gt;&gt;</a>&nbsp;&nbsp;&nbsp;tos_sem_create_max
<LI><a href="#[179]">&gt;&gt;</a>&nbsp;&nbsp;&nbsp;tos_mutex_create
<LI><a href="#[151]">&gt;&gt;</a>&nbsp;&nbsp;&nbsp;tos_event_create
</UL>

<P><STRONG><a name="[1ab]"></a>pend_state2errno</STRONG> (Thumb, 48 bytes, Stack size 0 bytes, tos_pend.o(.text.pend_state2errno))
<BR><BR>[Called By]<UL><LI><a href="#[182]">&gt;&gt;</a>&nbsp;&nbsp;&nbsp;tos_sem_pend
<LI><a href="#[17c]">&gt;&gt;</a>&nbsp;&nbsp;&nbsp;tos_mutex_pend_timed
<LI><a href="#[155]">&gt;&gt;</a>&nbsp;&nbsp;&nbsp;tos_event_pend
</UL>

<P><STRONG><a name="[128]"></a>pend_task_block</STRONG> (Thumb, 58 bytes, Stack size 24 bytes, tos_pend.o(.text.pend_task_block))
<BR><BR>[Stack]<UL><LI>Max Depth = 64 + Unknown Stack Size
<LI>Call Chain = pend_task_block &rArr; tick_list_add &rArr; tick_task_place
</UL>
<BR>[Calls]<UL><LI><a href="#[12a]">&gt;&gt;</a>&nbsp;&nbsp;&nbsp;tick_list_add
<LI><a href="#[129]">&gt;&gt;</a>&nbsp;&nbsp;&nbsp;readyqueue_remove
<LI><a href="#[11e]">&gt;&gt;</a>&nbsp;&nbsp;&nbsp;pend_list_add
</UL>
<BR>[Called By]<UL><LI><a href="#[182]">&gt;&gt;</a>&nbsp;&nbsp;&nbsp;tos_sem_pend
<LI><a href="#[17c]">&gt;&gt;</a>&nbsp;&nbsp;&nbsp;tos_mutex_pend_timed
<LI><a href="#[155]">&gt;&gt;</a>&nbsp;&nbsp;&nbsp;tos_event_pend
</UL>

<P><STRONG><a name="[fe]"></a>pend_task_wakeup</STRONG> (Thumb, 60 bytes, Stack size 16 bytes, tos_pend.o(.text.pend_task_wakeup))
<BR><BR>[Stack]<UL><LI>Max Depth = 48 + Unknown Stack Size
<LI>Call Chain = pend_task_wakeup &rArr; tick_list_remove &rArr; tick_task_takeoff
</UL>
<BR>[Calls]<UL><LI><a href="#[12d]">&gt;&gt;</a>&nbsp;&nbsp;&nbsp;tick_list_remove
<LI><a href="#[12f]">&gt;&gt;</a>&nbsp;&nbsp;&nbsp;readyqueue_add
<LI><a href="#[123]">&gt;&gt;</a>&nbsp;&nbsp;&nbsp;pend_list_remove
<LI><a href="#[12e]">&gt;&gt;</a>&nbsp;&nbsp;&nbsp;task_state_is_suspended
<LI><a href="#[12c]">&gt;&gt;</a>&nbsp;&nbsp;&nbsp;task_state_is_sleeping
<LI><a href="#[12b]">&gt;&gt;</a>&nbsp;&nbsp;&nbsp;task_state_is_pending
</UL>
<BR>[Called By]<UL><LI><a href="#[11b]">&gt;&gt;</a>&nbsp;&nbsp;&nbsp;pend_wakeup_all
<LI><a href="#[fa]">&gt;&gt;</a>&nbsp;&nbsp;&nbsp;event_do_post
<LI><a href="#[131]">&gt;&gt;</a>&nbsp;&nbsp;&nbsp;pend_wakeup_one
<LI><a href="#[19e]">&gt;&gt;</a>&nbsp;&nbsp;&nbsp;tick_update
</UL>

<P><STRONG><a name="[130]"></a>pend_wakeup</STRONG> (Thumb, 12 bytes, Stack size 0 bytes, tos_pend.o(.text.pend_wakeup))
<BR><BR>[Stack]<UL><LI>Max Depth = 64 + Unknown Stack Size
<LI>Call Chain = pend_wakeup &rArr; pend_wakeup_all &rArr; pend_task_wakeup &rArr; tick_list_remove &rArr; tick_task_takeoff
</UL>
<BR>[Calls]<UL><LI><a href="#[11b]">&gt;&gt;</a>&nbsp;&nbsp;&nbsp;pend_wakeup_all
<LI><a href="#[131]">&gt;&gt;</a>&nbsp;&nbsp;&nbsp;pend_wakeup_one
</UL>
<BR>[Called By]<UL><LI><a href="#[144]">&gt;&gt;</a>&nbsp;&nbsp;&nbsp;sem_do_post
</UL>

<P><STRONG><a name="[11b]"></a>pend_wakeup_all</STRONG> (Thumb, 34 bytes, Stack size 16 bytes, tos_pend.o(.text.pend_wakeup_all))
<BR><BR>[Stack]<UL><LI>Max Depth = 64 + Unknown Stack Size
<LI>Call Chain = pend_wakeup_all &rArr; pend_task_wakeup &rArr; tick_list_remove &rArr; tick_task_takeoff
</UL>
<BR>[Calls]<UL><LI><a href="#[fe]">&gt;&gt;</a>&nbsp;&nbsp;&nbsp;pend_task_wakeup
</UL>
<BR>[Called By]<UL><LI><a href="#[181]">&gt;&gt;</a>&nbsp;&nbsp;&nbsp;tos_sem_destroy
<LI><a href="#[17a]">&gt;&gt;</a>&nbsp;&nbsp;&nbsp;tos_mutex_destroy
<LI><a href="#[153]">&gt;&gt;</a>&nbsp;&nbsp;&nbsp;tos_event_destroy
<LI><a href="#[11a]">&gt;&gt;</a>&nbsp;&nbsp;&nbsp;mutex_release
<LI><a href="#[130]">&gt;&gt;</a>&nbsp;&nbsp;&nbsp;pend_wakeup
</UL>

<P><STRONG><a name="[131]"></a>pend_wakeup_one</STRONG> (Thumb, 8 bytes, Stack size 0 bytes, tos_pend.o(.text.pend_wakeup_one))
<BR><BR>[Stack]<UL><LI>Max Depth = 48 + Unknown Stack Size
<LI>Call Chain = pend_wakeup_one &rArr; pend_task_wakeup &rArr; tick_list_remove &rArr; tick_task_takeoff
</UL>
<BR>[Calls]<UL><LI><a href="#[fe]">&gt;&gt;</a>&nbsp;&nbsp;&nbsp;pend_task_wakeup
</UL>
<BR>[Called By]<UL><LI><a href="#[17d]">&gt;&gt;</a>&nbsp;&nbsp;&nbsp;tos_mutex_post
<LI><a href="#[130]">&gt;&gt;</a>&nbsp;&nbsp;&nbsp;pend_wakeup
</UL>

<P><STRONG><a name="[14c]"></a>pid_to_tcb</STRONG> (Thumb, 20 bytes, Stack size 0 bytes, tos_tlib.o(.text.pid_to_tcb))
<BR><BR>[Called By]<UL><LI><a href="#[186]">&gt;&gt;</a>&nbsp;&nbsp;&nbsp;tos_task_destroy_dyn_tlib
<LI><a href="#[15b]">&gt;&gt;</a>&nbsp;&nbsp;&nbsp;syscall_suspend
<LI><a href="#[15e]">&gt;&gt;</a>&nbsp;&nbsp;&nbsp;syscall_resume
<LI><a href="#[15f]">&gt;&gt;</a>&nbsp;&nbsp;&nbsp;syscall_prio_chg
<LI><a href="#[14b]">&gt;&gt;</a>&nbsp;&nbsp;&nbsp;syscall_cancle_delay
</UL>

<P><STRONG><a name="[f9]"></a>port_systick_config</STRONG> (Thumb, 4 bytes, Stack size 0 bytes, port_c.o(.text.port_systick_config))
<BR><BR>[Stack]<UL><LI>Max Depth = 16<LI>Call Chain = port_systick_config &rArr; SysTick_Config
</UL>
<BR>[Calls]<UL><LI><a href="#[bf]">&gt;&gt;</a>&nbsp;&nbsp;&nbsp;SysTick_Config
</UL>
<BR>[Called By]<UL><LI><a href="#[f3]">&gt;&gt;</a>&nbsp;&nbsp;&nbsp;cpu_systick_init
</UL>

<P><STRONG><a name="[f8]"></a>port_systick_priority_set</STRONG> (Thumb, 4 bytes, Stack size 0 bytes, port_c.o(.text.port_systick_priority_set))
<BR><BR>[Calls]<UL><LI><a href="#[c0]">&gt;&gt;</a>&nbsp;&nbsp;&nbsp;__NVIC_SetPriority
</UL>
<BR>[Called By]<UL><LI><a href="#[f3]">&gt;&gt;</a>&nbsp;&nbsp;&nbsp;cpu_systick_init
</UL>

<P><STRONG><a name="[12f]"></a>readyqueue_add</STRONG> (Thumb, 30 bytes, Stack size 0 bytes, tos_sched.o(.text.readyqueue_add))
<BR><BR>[Stack]<UL><LI>Max Depth = 24<LI>Call Chain = readyqueue_add &rArr; readyqueue_add_tail &rArr; readyqueue_prio_mark
</UL>
<BR>[Calls]<UL><LI><a href="#[133]">&gt;&gt;</a>&nbsp;&nbsp;&nbsp;readyqueue_add_tail
<LI><a href="#[132]">&gt;&gt;</a>&nbsp;&nbsp;&nbsp;readyqueue_add_head
</UL>
<BR>[Called By]<UL><LI><a href="#[17e]">&gt;&gt;</a>&nbsp;&nbsp;&nbsp;tos_task_resume
<LI><a href="#[14d]">&gt;&gt;</a>&nbsp;&nbsp;&nbsp;tos_task_delay_abort
<LI><a href="#[fe]">&gt;&gt;</a>&nbsp;&nbsp;&nbsp;pend_task_wakeup
</UL>

<P><STRONG><a name="[132]"></a>readyqueue_add_head</STRONG> (Thumb, 50 bytes, Stack size 16 bytes, tos_sched.o(.text.readyqueue_add_head))
<BR><BR>[Stack]<UL><LI>Max Depth = 24<LI>Call Chain = readyqueue_add_head &rArr; readyqueue_prio_mark
</UL>
<BR>[Calls]<UL><LI><a href="#[134]">&gt;&gt;</a>&nbsp;&nbsp;&nbsp;tos_list_empty
<LI><a href="#[136]">&gt;&gt;</a>&nbsp;&nbsp;&nbsp;tos_list_add
<LI><a href="#[135]">&gt;&gt;</a>&nbsp;&nbsp;&nbsp;readyqueue_prio_mark
</UL>
<BR>[Called By]<UL><LI><a href="#[117]">&gt;&gt;</a>&nbsp;&nbsp;&nbsp;tos_task_prio_change
<LI><a href="#[12f]">&gt;&gt;</a>&nbsp;&nbsp;&nbsp;readyqueue_add
</UL>

[...]
<BR><BR>[Called By]<UL><LI><a href="#[182]">&gt;&gt;</a>&nbsp;&nbsp;&nbsp;tos_sem_pend
<LI><a href="#[181]">&gt;&gt;</a>&nbsp;&nbsp;&nbsp;tos_sem_destroy
<LI><a href="#[144]">&gt;&gt;</a>&nbsp;&nbsp;&nbsp;sem_do_post
</UL>

<P><STRONG><a name="[144]"></a>sem_do_post</STRONG> (Thumb, 110 bytes, Stack size 24 bytes, tos_sem.o(.text.sem_do_post))
<BR><BR>[Stack]<UL><LI>Max Depth = 88 + Unknown Stack Size
<LI>Call Chain = sem_do_post &rArr; pend_wakeup &rArr; pend_wakeup_all &rArr; pend_task_wakeup &rArr; tick_list_remove &rArr; tick_task_takeoff
</UL>
<BR>[Calls]<UL><LI><a href="#[fc]">&gt;&gt;</a>&nbsp;&nbsp;&nbsp;tos_cpu_cpsr_save
<LI><a href="#[ff]">&gt;&gt;</a>&nbsp;&nbsp;&nbsp;tos_cpu_cpsr_restore
<LI><a href="#[100]">&gt;&gt;</a>&nbsp;&nbsp;&nbsp;knl_sched
<LI><a href="#[11d]">&gt;&gt;</a>&nbsp;&nbsp;&nbsp;pend_is_nopending
<LI><a href="#[130]">&gt;&gt;</a>&nbsp;&nbsp;&nbsp;pend_wakeup
<LI><a href="#[145]">&gt;&gt;</a>&nbsp;&nbsp;&nbsp;knl_object_verify
</UL>
<BR>[Called By]<UL><LI><a href="#[184]">&gt;&gt;</a>&nbsp;&nbsp;&nbsp;tos_sem_post_all
<LI><a href="#[183]">&gt;&gt;</a>&nbsp;&nbsp;&nbsp;tos_sem_post
</UL>

<P><STRONG><a name="[4a]"></a>knl_idle_entry</STRONG> (Thumb, 10 bytes, Stack size 8 bytes, tos_sys.o(.text.knl_idle_entry))
<BR><BR>[Stack]<UL><LI>Max Depth = 112 + Unknown Stack Size
<LI>Call Chain = knl_idle_entry &rArr; task_free_all &rArr; task_free &rArr; tos_mmheap_free &rArr; blk_merge_prev &rArr; blk_remove &rArr; mapping_insert &rArr; __fls &rArr; generic_fls
</UL>
<BR>[Calls]<UL><LI><a href="#[105]">&gt;&gt;</a>&nbsp;&nbsp;&nbsp;task_free_all
</UL>
<BR>[Address Reference Count : 1]<UL><LI> tos_sys.o(.text.knl_idle_init)
</UL>
<P><STRONG><a name="[1b0]"></a>_list_add</STRONG> (Thumb, 10 bytes, Stack size 0 bytes, tos_task.o(.text._list_add))
<BR><BR>[Called By]<UL><LI><a href="#[1af]">&gt;&gt;</a>&nbsp;&nbsp;&nbsp;tos_list_add
</UL>

<P><STRONG><a name="[1b6]"></a>_list_del</STRONG> (Thumb, 6 bytes, Stack size 0 bytes, tos_task.o(.text._list_del))
<BR><BR>[Called By]<UL><LI><a href="#[18e]">&gt;&gt;</a>&nbsp;&nbsp;&nbsp;tos_list_del
</UL>

<P><STRONG><a name="[1d9]"></a>knl_object_alloc_is_dynamic</STRONG> (Thumb, 12 bytes, Stack size 0 bytes, tos_task.o(.text.knl_object_alloc_is_dynamic))
<BR><BR>[Called By]<UL><LI><a href="#[49]">&gt;&gt;</a>&nbsp;&nbsp;&nbsp;tos_task_destroy_dyn
</UL>

<P><STRONG><a name="[1d8]"></a>knl_object_alloc_is_static</STRONG> (Thumb, 12 bytes, Stack size 0 bytes, tos_task.o(.text.knl_object_alloc_is_static))
<BR><BR>[Called By]<UL><LI><a href="#[191]">&gt;&gt;</a>&nbsp;&nbsp;&nbsp;tos_task_destroy
</UL>

<P><STRONG><a name="[194]"></a>knl_object_alloc_reset</STRONG> (Thumb, 6 bytes, Stack size 0 bytes, tos_task.o(.text.knl_object_alloc_reset))
<BR><BR>[Called By]<UL><LI><a href="#[18f]">&gt;&gt;</a>&nbsp;&nbsp;&nbsp;task_reset
</UL>

<P><STRONG><a name="[1d6]"></a>knl_object_alloc_set_dynamic</STRONG> (Thumb, 6 bytes, Stack size 0 bytes, tos_task.o(.text.knl_object_alloc_set_dynamic))
<BR><BR>[Called By]<UL><LI><a href="#[10e]">&gt;&gt;</a>&nbsp;&nbsp;&nbsp;tos_task_create_dyn_tlib
</UL>

<P><STRONG><a name="[1d1]"></a>knl_object_alloc_set_static</STRONG> (Thumb, 6 bytes, Stack size 0 bytes, tos_task.o(.text.knl_object_alloc_set_static))
<BR><BR>[Called By]<UL><LI><a href="#[107]">&gt;&gt;</a>&nbsp;&nbsp;&nbsp;tos_task_create
<LI><a href="#[1d5]">&gt;&gt;</a>&nbsp;&nbsp;&nbsp;tos_task_create_tlib
</UL>

<P><STRONG><a name="[196]"></a>knl_object_deinit</STRONG> (Thumb, 6 bytes, Stack size 0 bytes, tos_task.o(.text.knl_object_deinit))
<BR><BR>[Called By]<UL><LI><a href="#[18f]">&gt;&gt;</a>&nbsp;&nbsp;&nbsp;task_reset
</UL>

<P><STRONG><a name="[1d0]"></a>knl_object_init</STRONG> (Thumb, 8 bytes, Stack size 0 bytes, tos_task.o(.text.knl_object_init))
<BR><BR>[Called By]<UL><LI><a href="#[107]">&gt;&gt;</a>&nbsp;&nbsp;&nbsp;tos_task_create
<LI><a href="#[1d5]">&gt;&gt;</a>&nbsp;&nbsp;&nbsp;tos_task_create_tlib
</UL>

<P><STRONG><a name="[1cf]"></a>knl_object_verify</STRONG> (Thumb, 16 bytes, Stack size 0 bytes, tos_task.o(.text.knl_object_verify))
<BR><BR>[Called By]<UL><LI><a href="#[185]">&gt;&gt;</a>&nbsp;&nbsp;&nbsp;tos_task_suspend
<LI><a href="#[17e]">&gt;&gt;</a>&nbsp;&nbsp;&nbsp;tos_task_resume
<LI><a href="#[117]">&gt;&gt;</a>&nbsp;&nbsp;&nbsp;tos_task_prio_change
<LI><a href="#[14d]">&gt;&gt;</a>&nbsp;&nbsp;&nbsp;tos_task_delay_abort
<LI><a href="#[107]">&gt;&gt;</a>&nbsp;&nbsp;&nbsp;tos_task_create
<LI><a href="#[49]">&gt;&gt;</a>&nbsp;&nbsp;&nbsp;tos_task_destroy_dyn
<LI><a href="#[191]">&gt;&gt;</a>&nbsp;&nbsp;&nbsp;tos_task_destroy
<LI><a href="#[1d5]">&gt;&gt;</a>&nbsp;&nbsp;&nbsp;tos_task_create_tlib
</UL>

<P><STRONG><a name="[188]"></a>task_do_destroy</STRONG> (Thumb, 134 bytes, Stack size 16 bytes, tos_task.o(.text.task_do_destroy))
<BR><BR>[Stack]<UL><LI>Max Depth = 104 + Unknown Stack Size
<LI>Call Chain = task_do_destroy &rArr; task_mutex_release &rArr; mutex_release &rArr; pend_wakeup_all &rArr; pend_task_wakeup &rArr; tick_list_remove &rArr; tick_task_takeoff
</UL>
<BR>[Calls]<UL><LI><a href="#[fc]">&gt;&gt;</a>&nbsp;&nbsp;&nbsp;tos_cpu_cpsr_save
<LI><a href="#[ff]">&gt;&gt;</a>&nbsp;&nbsp;&nbsp;tos_cpu_cpsr_restore
<LI><a href="#[100]">&gt;&gt;</a>&nbsp;&nbsp;&nbsp;knl_sched
<LI><a href="#[13f]">&gt;&gt;</a>&nbsp;&nbsp;&nbsp;knl_is_idle
<LI><a href="#[12d]">&gt;&gt;</a>&nbsp;&nbsp;&nbsp;tick_list_remove
<LI><a href="#[129]">&gt;&gt;</a>&nbsp;&nbsp;&nbsp;readyqueue_remove
<LI><a href="#[123]">&gt;&gt;</a>&nbsp;&nbsp;&nbsp;pend_list_remove
<LI><a href="#[103]">&gt;&gt;</a>&nbsp;&nbsp;&nbsp;free_pid
<LI><a href="#[189]">&gt;&gt;</a>&nbsp;&nbsp;&nbsp;tos_list_empty
<LI><a href="#[18e]">&gt;&gt;</a>&nbsp;&nbsp;&nbsp;tos_list_del
<LI><a href="#[190]">&gt;&gt;</a>&nbsp;&nbsp;&nbsp;task_state_set_deleted
<LI><a href="#[18c]">&gt;&gt;</a>&nbsp;&nbsp;&nbsp;task_state_is_sleeping
<LI><a href="#[18b]">&gt;&gt;</a>&nbsp;&nbsp;&nbsp;task_state_is_ready
<LI><a href="#[18d]">&gt;&gt;</a>&nbsp;&nbsp;&nbsp;task_state_is_pending
<LI><a href="#[18f]">&gt;&gt;</a>&nbsp;&nbsp;&nbsp;task_reset
<LI><a href="#[18a]">&gt;&gt;</a>&nbsp;&nbsp;&nbsp;task_mutex_release
</UL>
<BR>[Called By]<UL><LI><a href="#[49]">&gt;&gt;</a>&nbsp;&nbsp;&nbsp;tos_task_destroy_dyn
<LI><a href="#[191]">&gt;&gt;</a>&nbsp;&nbsp;&nbsp;tos_task_destroy
</UL>

<P><STRONG><a name="[4c]"></a>task_exit</STRONG> (Thumb, 6 bytes, Stack size 0 bytes, tos_task.o(.text.task_exit))
<BR><BR>[Stack]<UL><LI>Max Depth = 120 + Unknown Stack Size
<LI>Call Chain = task_exit &rArr; tos_task_destroy &rArr; task_do_destroy &rArr; task_mutex_release &rArr; mutex_release &rArr; pend_wakeup_all &rArr; pend_task_wakeup &rArr; tick_list_remove &rArr; tick_task_takeoff
</UL>
<BR>[Calls]<UL><LI><a href="#[191]">&gt;&gt;</a>&nbsp;&nbsp;&nbsp;tos_task_destroy
</UL>
<BR>[Address Reference Count : 2]<UL><LI> tos_task.o(.text.tos_task_create)
<LI> tos_task.o(.text.tos_task_create_tlib)
</UL>
<P><STRONG><a name="[192]"></a>task_free</STRONG> (Thumb, 36 bytes, Stack size 8 bytes, tos_task.o(.text.task_free))
<BR><BR>[Stack]<UL><LI>Max Depth = 80 + Unknown Stack Size
<LI>Call Chain = task_free &rArr; tos_mmheap_free &rArr; blk_merge_prev &rArr; blk_remove &rArr; mapping_insert &rArr; __fls &rArr; generic_fls
</UL>
<BR>[Calls]<UL><LI><a href="#[175]">&gt;&gt;</a>&nbsp;&nbsp;&nbsp;tos_mmheap_free
</UL>
<BR>[Called By]<UL><LI><a href="#[10e]">&gt;&gt;</a>&nbsp;&nbsp;&nbsp;tos_task_create_dyn_tlib
<LI><a href="#[105]">&gt;&gt;</a>&nbsp;&nbsp;&nbsp;task_free_all
<LI><a href="#[49]">&gt;&gt;</a>&nbsp;&nbsp;&nbsp;tos_task_destroy_dyn
</UL>

<P><STRONG><a name="[193]"></a>task_highest_pending_prio_get</STRONG> (Thumb, 42 bytes, Stack size 16 bytes, tos_task.o(.text.task_highest_pending_prio_get))
<BR><BR>[Stack]<UL><LI>Max Depth = 24<LI>Call Chain = task_highest_pending_prio_get &rArr; pend_highest_pending_prio_get
</UL>
<BR>[Calls]<UL><LI><a href="#[116]">&gt;&gt;</a>&nbsp;&nbsp;&nbsp;pend_highest_pending_prio_get
</UL>
<BR>[Called By]<UL><LI><a href="#[117]">&gt;&gt;</a>&nbsp;&nbsp;&nbsp;tos_task_prio_change
</UL>

<P><STRONG><a name="[18a]"></a>task_mutex_release</STRONG> (Thumb, 32 bytes, Stack size 16 bytes, tos_task.o(.text.task_mutex_release))
<BR><BR>[Stack]<UL><LI>Max Depth = 88 + Unknown Stack Size
<LI>Call Chain = task_mutex_release &rArr; mutex_release &rArr; pend_wakeup_all &rArr; pend_task_wakeup &rArr; tick_list_remove &rArr; tick_task_takeoff
</UL>
<BR>[Calls]<UL><LI><a href="#[11a]">&gt;&gt;</a>&nbsp;&nbsp;&nbsp;mutex_release
</UL>
<BR>[Called By]<UL><LI><a href="#[188]">&gt;&gt;</a>&nbsp;&nbsp;&nbsp;task_do_destroy
</UL>

<P><STRONG><a name="[18f]"></a>task_reset</STRONG> (Thumb, 92 bytes, Stack size 16 bytes, tos_task.o(.text.task_reset))
<BR><BR>[Stack]<UL><LI>Max Depth = 16<LI>Call Chain = task_reset
</UL>
<BR>[Calls]<UL><LI><a href="#[195]">&gt;&gt;</a>&nbsp;&nbsp;&nbsp;tos_list_init
<LI><a href="#[196]">&gt;&gt;</a>&nbsp;&nbsp;&nbsp;knl_object_deinit
<LI><a href="#[194]">&gt;&gt;</a>&nbsp;&nbsp;&nbsp;knl_object_alloc_reset
</UL>
<BR>[Called By]<UL><LI><a href="#[107]">&gt;&gt;</a>&nbsp;&nbsp;&nbsp;tos_task_create
<LI><a href="#[1d5]">&gt;&gt;</a>&nbsp;&nbsp;&nbsp;tos_task_create_tlib
<LI><a href="#[188]">&gt;&gt;</a>&nbsp;&nbsp;&nbsp;task_do_destroy
</UL>

<P><STRONG><a name="[18d]"></a>task_state_is_pending</STRONG> (Thumb, 10 bytes, Stack size 0 bytes, tos_task.o(.text.task_state_is_pending))
<BR><BR>[Called By]<UL><LI><a href="#[185]">&gt;&gt;</a>&nbsp;&nbsp;&nbsp;tos_task_suspend
<LI><a href="#[117]">&gt;&gt;</a>&nbsp;&nbsp;&nbsp;tos_task_prio_change
<LI><a href="#[188]">&gt;&gt;</a>&nbsp;&nbsp;&nbsp;task_do_destroy
</UL>

<P><STRONG><a name="[18b]"></a>task_state_is_ready</STRONG> (Thumb, 12 bytes, Stack size 0 bytes, tos_task.o(.text.task_state_is_ready))
<BR><BR>[Called By]<UL><LI><a href="#[185]">&gt;&gt;</a>&nbsp;&nbsp;&nbsp;tos_task_suspend
<LI><a href="#[17e]">&gt;&gt;</a>&nbsp;&nbsp;&nbsp;tos_task_resume
<LI><a href="#[117]">&gt;&gt;</a>&nbsp;&nbsp;&nbsp;tos_task_prio_change
<LI><a href="#[188]">&gt;&gt;</a>&nbsp;&nbsp;&nbsp;task_do_destroy
</UL>

<P><STRONG><a name="[18c]"></a>task_state_is_sleeping</STRONG> (Thumb, 10 bytes, Stack size 0 bytes, tos_task.o(.text.task_state_is_sleeping))
<BR><BR>[Called By]<UL><LI><a href="#[185]">&gt;&gt;</a>&nbsp;&nbsp;&nbsp;tos_task_suspend
<LI><a href="#[117]">&gt;&gt;</a>&nbsp;&nbsp;&nbsp;tos_task_prio_change
<LI><a href="#[14d]">&gt;&gt;</a>&nbsp;&nbsp;&nbsp;tos_task_delay_abort
<LI><a href="#[188]">&gt;&gt;</a>&nbsp;&nbsp;&nbsp;task_do_destroy
</UL>

<P><STRONG><a name="[1d7]"></a>task_state_is_suspended</STRONG> (Thumb, 10 bytes, Stack size 0 bytes, tos_task.o(.text.task_state_is_suspended))
<BR><BR>[Called By]<UL><LI><a href="#[17e]">&gt;&gt;</a>&nbsp;&nbsp;&nbsp;tos_task_resume
<LI><a href="#[14d]">&gt;&gt;</a>&nbsp;&nbsp;&nbsp;tos_task_delay_abort
</UL>

<P><STRONG><a name="[1da]"></a>task_state_reset_suspended</STRONG> (Thumb, 14 bytes, Stack size 0 bytes, tos_task.o(.text.task_state_reset_suspended))
<BR><BR>[Called By]<UL><LI><a href="#[17e]">&gt;&gt;</a>&nbsp;&nbsp;&nbsp;tos_task_resume
</UL>

<P><STRONG><a name="[190]"></a>task_state_set_deleted</STRONG> (Thumb, 8 bytes, Stack size 0 bytes, tos_task.o(.text.task_state_set_deleted))
<BR><BR>[Called By]<UL><LI><a href="#[188]">&gt;&gt;</a>&nbsp;&nbsp;&nbsp;task_do_destroy
</UL>

<P><STRONG><a name="[1d4]"></a>task_state_set_ready</STRONG> (Thumb, 8 bytes, Stack size 0 bytes, tos_task.o(.text.task_state_set_ready))
<BR><BR>[Called By]<UL><LI><a href="#[107]">&gt;&gt;</a>&nbsp;&nbsp;&nbsp;tos_task_create
<LI><a href="#[1d5]">&gt;&gt;</a>&nbsp;&nbsp;&nbsp;tos_task_create_tlib
</UL>

<P><STRONG><a name="[1db]"></a>task_state_set_suspended</STRONG> (Thumb, 14 bytes, Stack size 0 bytes, tos_task.o(.text.task_state_set_suspended))
<BR><BR>[Called By]<UL><LI><a href="#[185]">&gt;&gt;</a>&nbsp;&nbsp;&nbsp;tos_task_suspend
</UL>

<P><STRONG><a name="[1af]"></a>tos_list_add</STRONG> (Thumb, 6 bytes, Stack size 0 bytes, tos_task.o(.text.tos_list_add))
<BR><BR>[Calls]<UL><LI><a href="#[1b0]">&gt;&gt;</a>&nbsp;&nbsp;&nbsp;_list_add
</UL>
<BR>[Called By]<UL><LI><a href="#[107]">&gt;&gt;</a>&nbsp;&nbsp;&nbsp;tos_task_create
<LI><a href="#[49]">&gt;&gt;</a>&nbsp;&nbsp;&nbsp;tos_task_destroy_dyn
<LI><a href="#[1d5]">&gt;&gt;</a>&nbsp;&nbsp;&nbsp;tos_task_create_tlib
</UL>

<P><STRONG><a name="[18e]"></a>tos_list_del</STRONG> (Thumb, 8 bytes, Stack size 0 bytes, tos_task.o(.text.tos_list_del))
<BR><BR>[Calls]<UL><LI><a href="#[1b6]">&gt;&gt;</a>&nbsp;&nbsp;&nbsp;_list_del
</UL>
<BR>[Called By]<UL><LI><a href="#[105]">&gt;&gt;</a>&nbsp;&nbsp;&nbsp;task_free_all
<LI><a href="#[188]">&gt;&gt;</a>&nbsp;&nbsp;&nbsp;task_do_destroy
</UL>

<P><STRONG><a name="[189]"></a>tos_list_empty</STRONG> (Thumb, 12 bytes, Stack size 0 bytes, tos_task.o(.text.tos_list_empty))
<BR><BR>[Called By]<UL><LI><a href="#[117]">&gt;&gt;</a>&nbsp;&nbsp;&nbsp;tos_task_prio_change
<LI><a href="#[188]">&gt;&gt;</a>&nbsp;&nbsp;&nbsp;task_do_destroy
</UL>

<P><STRONG><a name="[195]"></a>tos_list_init</STRONG> (Thumb, 6 bytes, Stack size 0 bytes, tos_task.o(.text.tos_list_init))
<BR><BR>[Called By]<UL><LI><a href="#[18f]">&gt;&gt;</a>&nbsp;&nbsp;&nbsp;task_reset
</UL>

<P><STRONG><a name="[1b2]"></a>_list_add</STRONG> (Thumb, 10 bytes, Stack size 0 bytes, tos_tick.o(.text._list_add))
<BR><BR>[Called By]<UL><LI><a href="#[19b]">&gt;&gt;</a>&nbsp;&nbsp;&nbsp;tos_list_add_tail
</UL>

<P><STRONG><a name="[1b7]"></a>_list_del</STRONG> (Thumb, 6 bytes, Stack size 0 bytes, tos_tick.o(.text._list_del))
<BR><BR>[Called By]<UL><LI><a href="#[19d]">&gt;&gt;</a>&nbsp;&nbsp;&nbsp;tos_list_del
</UL>

<P><STRONG><a name="[19a]"></a>task_state_reset_sleeping</STRONG> (Thumb, 14 bytes, Stack size 0 bytes, tos_tick.o(.text.task_state_reset_sleeping))
<BR><BR>[Called By]<UL><LI><a href="#[12d]">&gt;&gt;</a>&nbsp;&nbsp;&nbsp;tick_list_remove
</UL>

<P><STRONG><a name="[198]"></a>task_state_set_sleeping</STRONG> (Thumb, 14 bytes, Stack size 0 bytes, tos_tick.o(.text.task_state_set_sleeping))
<BR><BR>[Called By]<UL><LI><a href="#[12a]">&gt;&gt;</a>&nbsp;&nbsp;&nbsp;tick_list_add
</UL>

<P><STRONG><a name="[197]"></a>tick_task_place</STRONG> (Thumb, 158 bytes, Stack size 32 bytes, tos_tick.o(.text.tick_task_place))
<BR><BR>[Stack]<UL><LI>Max Depth = 32 + Unknown Stack Size
<LI>Call Chain = tick_task_place
</UL>
<BR>[Calls]<UL><LI><a href="#[fc]">&gt;&gt;</a>&nbsp;&nbsp;&nbsp;tos_cpu_cpsr_save
<LI><a href="#[ff]">&gt;&gt;</a>&nbsp;&nbsp;&nbsp;tos_cpu_cpsr_restore
<LI><a href="#[19b]">&gt;&gt;</a>&nbsp;&nbsp;&nbsp;tos_list_add_tail
</UL>
<BR>[Called By]<UL><LI><a href="#[12a]">&gt;&gt;</a>&nbsp;&nbsp;&nbsp;tick_list_add
</UL>

<P><STRONG><a name="[199]"></a>tick_task_takeoff</STRONG> (Thumb, 106 bytes, Stack size 24 bytes, tos_tick.o(.text.tick_task_takeoff))
<BR><BR>[Stack]<UL><LI>Max Depth = 24 + Unknown Stack Size
<LI>Call Chain = tick_task_takeoff
</UL>
<BR>[Calls]<UL><LI><a href="#[fc]">&gt;&gt;</a>&nbsp;&nbsp;&nbsp;tos_cpu_cpsr_save
<LI><a href="#[ff]">&gt;&gt;</a>&nbsp;&nbsp;&nbsp;tos_cpu_cpsr_restore
<LI><a href="#[19c]">&gt;&gt;</a>&nbsp;&nbsp;&nbsp;tos_list_empty
<LI><a href="#[19d]">&gt;&gt;</a>&nbsp;&nbsp;&nbsp;tos_list_del
</UL>
<BR>[Called By]<UL><LI><a href="#[12d]">&gt;&gt;</a>&nbsp;&nbsp;&nbsp;tick_list_remove
</UL>

<P><STRONG><a name="[19b]"></a>tos_list_add_tail</STRONG> (Thumb, 8 bytes, Stack size 0 bytes, tos_tick.o(.text.tos_list_add_tail))
<BR><BR>[Calls]<UL><LI><a href="#[1b2]">&gt;&gt;</a>&nbsp;&nbsp;&nbsp;_list_add
</UL>
<BR>[Called By]<UL><LI><a href="#[197]">&gt;&gt;</a>&nbsp;&nbsp;&nbsp;tick_task_place
</UL>

<P><STRONG><a name="[19d]"></a>tos_list_del</STRONG> (Thumb, 8 bytes, Stack size 0 bytes, tos_tick.o(.text.tos_list_del))
<BR><BR>[Calls]<UL><LI><a href="#[1b7]">&gt;&gt;</a>&nbsp;&nbsp;&nbsp;_list_del
</UL>
<BR>[Called By]<UL><LI><a href="#[199]">&gt;&gt;</a>&nbsp;&nbsp;&nbsp;tick_task_takeoff
</UL>

<P><STRONG><a name="[19c]"></a>tos_list_empty</STRONG> (Thumb, 12 bytes, Stack size 0 bytes, tos_tick.o(.text.tos_list_empty))
<BR><BR>[Called By]<UL><LI><a href="#[19e]">&gt;&gt;</a>&nbsp;&nbsp;&nbsp;tick_update
<LI><a href="#[199]">&gt;&gt;</a>&nbsp;&nbsp;&nbsp;tick_task_takeoff
</UL>

<P><STRONG><a name="[1b3]"></a>_list_add</STRONG> (Thumb, 10 bytes, Stack size 0 bytes, tos_timer.o(.text._list_add))
<BR><BR>[Called By]<UL><LI><a href="#[19f]">&gt;&gt;</a>&nbsp;&nbsp;&nbsp;tos_list_add_tail
</UL>

<P><STRONG><a name="[1b8]"></a>_list_del</STRONG> (Thumb, 6 bytes, Stack size 0 bytes, tos_timer.o(.text._list_del))
<BR><BR>[Called By]<UL><LI><a href="#[1a0]">&gt;&gt;</a>&nbsp;&nbsp;&nbsp;tos_list_del
</UL>

<P><STRONG><a name="[149]"></a>timer_place</STRONG> (Thumb, 122 bytes, Stack size 32 bytes, tos_timer.o(.text.timer_place))
<BR><BR>[Stack]<UL><LI>Max Depth = 32 + Unknown Stack Size
<LI>Call Chain = timer_place
</UL>
<BR>[Calls]<UL><LI><a href="#[fc]">&gt;&gt;</a>&nbsp;&nbsp;&nbsp;tos_cpu_cpsr_save
<LI><a href="#[ff]">&gt;&gt;</a>&nbsp;&nbsp;&nbsp;tos_cpu_cpsr_restore
<LI><a href="#[19f]">&gt;&gt;</a>&nbsp;&nbsp;&nbsp;tos_list_add_tail
</UL>
<BR>[Called By]<UL><LI><a href="#[146]">&gt;&gt;</a>&nbsp;&nbsp;&nbsp;soft_timer_update
</UL>

<P><STRONG><a name="[148]"></a>timer_takeoff</STRONG> (Thumb, 80 bytes, Stack size 24 bytes, tos_timer.o(.text.timer_takeoff))
<BR><BR>[Stack]<UL><LI>Max Depth = 24 + Unknown Stack Size
<LI>Call Chain = timer_takeoff
</UL>
<BR>[Calls]<UL><LI><a href="#[fc]">&gt;&gt;</a>&nbsp;&nbsp;&nbsp;tos_cpu_cpsr_save
<LI><a href="#[ff]">&gt;&gt;</a>&nbsp;&nbsp;&nbsp;tos_cpu_cpsr_restore
<LI><a href="#[1a1]">&gt;&gt;</a>&nbsp;&nbsp;&nbsp;tos_list_empty
<LI><a href="#[1a0]">&gt;&gt;</a>&nbsp;&nbsp;&nbsp;tos_list_del
</UL>
<BR>[Called By]<UL><LI><a href="#[146]">&gt;&gt;</a>&nbsp;&nbsp;&nbsp;soft_timer_update
</UL>

<P><STRONG><a name="[19f]"></a>tos_list_add_tail</STRONG> (Thumb, 8 bytes, Stack size 0 bytes, tos_timer.o(.text.tos_list_add_tail))
<BR><BR>[Calls]<UL><LI><a href="#[1b3]">&gt;&gt;</a>&nbsp;&nbsp;&nbsp;_list_add
</UL>
<BR>[Called By]<UL><LI><a href="#[149]">&gt;&gt;</a>&nbsp;&nbsp;&nbsp;timer_place
</UL>

<P><STRONG><a name="[1a0]"></a>tos_list_del</STRONG> (Thumb, 8 bytes, Stack size 0 bytes, tos_timer.o(.text.tos_list_del))
<BR><BR>[Calls]<UL><LI><a href="#[1b8]">&gt;&gt;</a>&nbsp;&nbsp;&nbsp;_list_del
</UL>
<BR>[Called By]<UL><LI><a href="#[148]">&gt;&gt;</a>&nbsp;&nbsp;&nbsp;timer_takeoff
</UL>

<P><STRONG><a name="[1a1]"></a>tos_list_empty</STRONG> (Thumb, 12 bytes, Stack size 0 bytes, tos_timer.o(.text.tos_list_empty))
<BR><BR>[Called By]<UL><LI><a href="#[148]">&gt;&gt;</a>&nbsp;&nbsp;&nbsp;timer_takeoff
</UL>

<P><STRONG><a name="[102]"></a>find_pid</STRONG> (Thumb, 68 bytes, Stack size 8 bytes, tos_tlib.o(.text.find_pid))
<BR><BR>[Stack]<UL><LI>Max Depth = 8<LI>Call Chain = find_pid
</UL>
<BR>[Called By]<UL><LI><a href="#[101]">&gt;&gt;</a>&nbsp;&nbsp;&nbsp;find_set_pid
</UL>

<P><STRONG><a name="[bf]"></a>SysTick_Config</STRONG> (Thumb, 42 bytes, Stack size 16 bytes, port_c.o(.text.SysTick_Config))
<BR><BR>[Stack]<UL><LI>Max Depth = 16<LI>Call Chain = SysTick_Config
</UL>
<BR>[Calls]<UL><LI><a href="#[c0]">&gt;&gt;</a>&nbsp;&nbsp;&nbsp;__NVIC_SetPriority
</UL>
<BR>[Called By]<UL><LI><a href="#[f9]">&gt;&gt;</a>&nbsp;&nbsp;&nbsp;port_systick_config
</UL>

<P><STRONG><a name="[c0]"></a>__NVIC_SetPriority</STRONG> (Thumb, 14 bytes, Stack size 0 bytes, port_c.o(.text.__NVIC_SetPriority))
<BR><BR>[Called By]<UL><LI><a href="#[f8]">&gt;&gt;</a>&nbsp;&nbsp;&nbsp;port_systick_priority_set
<LI><a href="#[bf]">&gt;&gt;</a>&nbsp;&nbsp;&nbsp;SysTick_Config
</UL>

<P><STRONG><a name="[1dd]"></a>_printf_core</STRONG> (Thumb, 658 bytes, Stack size 104 bytes, printf5.o(i._printf_core), UNUSED)
<BR><BR>[Calls]<UL><LI><a href="#[55]">&gt;&gt;</a>&nbsp;&nbsp;&nbsp;__aeabi_uldivmod
</UL>
<BR>[Called By]<UL><LI><a href="#[1dc]">&gt;&gt;</a>&nbsp;&nbsp;&nbsp;__0printf$5
</UL>
<P>
<H3>
Undefined Global Symbols
</H3><HR></body></html>
