Component: ARM Compiler 6.7 Tool: armlink [5c9ef700]

==============================================================================

Section Cross References

    startup_stm32wle5xx.o(RESET) refers to startup_stm32wle5xx.o(STACK) for __initial_sp
    startup_stm32wle5xx.o(RESET) refers to startup_stm32wle5xx.o(.text) for Reset_Handler
    startup_stm32wle5xx.o(RESET) refers to stm32wlxx_it.o(.text.NMI_Handler) for NMI_Handler
    startup_stm32wle5xx.o(RESET) refers to stm32wlxx_it.o(.text.HardFault_Handler) for HardFault_Handler
    startup_stm32wle5xx.o(RESET) refers to stm32wlxx_it.o(.text.MemManage_Handler) for MemManage_Handler
    startup_stm32wle5xx.o(RESET) refers to stm32wlxx_it.o(.text.BusFault_Handler) for BusFault_Handler
    startup_stm32wle5xx.o(RESET) refers to stm32wlxx_it.o(.text.UsageFault_Handler) for UsageFault_Handler
    startup_stm32wle5xx.o(RESET) refers to port_s.o(.text) for SVC_Handler
    startup_stm32wle5xx.o(RESET) refers to stm32wlxx_it.o(.text.DebugMon_Handler) for DebugMon_Handler
    startup_stm32wle5xx.o(RESET) refers to stm32wlxx_it.o(.text.SysTick_Handler) for SysTick_Handler
    startup_stm32wle5xx.o(.text) refers to system_stm32wlxx.o(.text.SystemInit) for SystemInit
    startup_stm32wle5xx.o(.text) refers to entry.o(.ARM.Collect$$$$00000000) for __main
    main.o(.text.main) refers to stm32wlxx_hal.o(.text.HAL_Init) for HAL_Init
    main.o(.text.main) refers to main.o(.text.SystemClock_Config) for SystemClock_Config
    main.o(.text.main) refers to gpio.o(.text.MX_GPIO_Init) for MX_GPIO_Init
    main.o(.text.main) refers to usart.o(.text.MX_USART1_UART_Init) for MX_USART1_UART_Init
    main.o(.text.main) refers to usart.o(.text.MX_USART2_UART_Init) for MX_USART2_UART_Init
    main.o(.text.main) refers to tos_sys.o(.text.tos_knl_init) for tos_knl_init
    main.o(.text.main) refers to printf5.o(i.__0printf$5) for __2printf
    main.o(.text.main) refers to app_entry.o(MYRO) for app_entry
    main.o(.text.main) refers to tos_task.o(.text.tos_task_create_dyn_tlib) for tos_task_create_dyn_tlib
    main.o(.text.main) refers to tos_sys.o(.text.tos_knl_start) for tos_knl_start
    main.o(.ARM.exidx.text.main) refers to main.o(.text.main) for [Anonymous Symbol]
    main.o(.text.SystemClock_Config) refers to memseta.o(.text) for __aeabi_memclr4
    main.o(.text.SystemClock_Config) refers to stm32wlxx_hal_rcc.o(.text.HAL_RCC_OscConfig) for HAL_RCC_OscConfig
    main.o(.text.SystemClock_Config) refers to stm32wlxx_hal_rcc.o(.text.HAL_RCC_ClockConfig) for HAL_RCC_ClockConfig
    main.o(.text.SystemClock_Config) refers to main.o(.text.Error_Handler) for Error_Handler
    main.o(.ARM.exidx.text.SystemClock_Config) refers to main.o(.text.SystemClock_Config) for [Anonymous Symbol]
    main.o(.ARM.exidx.text.Error_Handler) refers to main.o(.text.Error_Handler) for [Anonymous Symbol]
    gpio.o(.text.MX_GPIO_Init) refers to gpio.o(.text.LL_AHB2_GRP1_EnableClock) for LL_AHB2_GRP1_EnableClock
    gpio.o(.ARM.exidx.text.MX_GPIO_Init) refers to gpio.o(.text.MX_GPIO_Init) for [Anonymous Symbol]
    gpio.o(.ARM.exidx.text.LL_AHB2_GRP1_EnableClock) refers to gpio.o(.text.LL_AHB2_GRP1_EnableClock) for [Anonymous Symbol]
    usart.o(.text.MX_USART1_UART_Init) refers to usart.o(.bss.huart2) for huart2
    usart.o(.text.MX_USART1_UART_Init) refers to stm32wlxx_hal_uart.o(.text.HAL_UART_Init) for HAL_UART_Init
    usart.o(.text.MX_USART1_UART_Init) refers to main.o(.text.Error_Handler) for Error_Handler
    usart.o(.text.MX_USART1_UART_Init) refers to stm32wlxx_hal_uart_ex.o(.text.HAL_UARTEx_SetTxFifoThreshold) for HAL_UARTEx_SetTxFifoThreshold
    usart.o(.text.MX_USART1_UART_Init) refers to stm32wlxx_hal_uart_ex.o(.text.HAL_UARTEx_SetRxFifoThreshold) for HAL_UARTEx_SetRxFifoThreshold
    usart.o(.text.MX_USART1_UART_Init) refers to stm32wlxx_hal_uart_ex.o(.text.HAL_UARTEx_EnableFifoMode) for HAL_UARTEx_EnableFifoMode
    usart.o(.ARM.exidx.text.MX_USART1_UART_Init) refers to usart.o(.text.MX_USART1_UART_Init) for [Anonymous Symbol]
    usart.o(.text.MX_USART2_UART_Init) refers to usart.o(.bss.huart2_2) for huart2_2
    usart.o(.text.MX_USART2_UART_Init) refers to stm32wlxx_hal_uart.o(.text.HAL_UART_Init) for HAL_UART_Init
    usart.o(.text.MX_USART2_UART_Init) refers to main.o(.text.Error_Handler) for Error_Handler
    usart.o(.text.MX_USART2_UART_Init) refers to stm32wlxx_hal_uart_ex.o(.text.HAL_UARTEx_SetTxFifoThreshold) for HAL_UARTEx_SetTxFifoThreshold
    usart.o(.text.MX_USART2_UART_Init) refers to stm32wlxx_hal_uart_ex.o(.text.HAL_UARTEx_SetRxFifoThreshold) for HAL_UARTEx_SetRxFifoThreshold
    usart.o(.text.MX_USART2_UART_Init) refers to stm32wlxx_hal_uart_ex.o(.text.HAL_UARTEx_EnableFifoMode) for HAL_UARTEx_EnableFifoMode
    usart.o(.ARM.exidx.text.MX_USART2_UART_Init) refers to usart.o(.text.MX_USART2_UART_Init) for [Anonymous Symbol]
    usart.o(.text.HAL_UART_MspInit) refers to memseta.o(.text) for __aeabi_memclr4
[...]
    USART2_IRQHandler                        0x08000167   Thumb Code     0  startup_stm32wle5xx.o(.text)
    WWDG_IRQHandler                          0x08000167   Thumb Code     0  startup_stm32wle5xx.o(.text)
    port_int_disable                         0x08000171   Thumb Code     0  port_s.o(.text)
    port_int_enable                          0x08000175   Thumb Code     0  port_s.o(.text)
    port_cpsr_save                           0x08000179   Thumb Code     0  port_s.o(.text)
    port_cpsr_restore                        0x08000181   Thumb Code     0  port_s.o(.text)
    port_clz                                 0x08000187   Thumb Code     0  port_s.o(.text)
    port_sched_start                         0x0800018d   Thumb Code     0  port_s.o(.text)
    port_context_switch                      0x080001d1   Thumb Code     0  port_s.o(.text)
    port_irq_context_switch                  0x080001db   Thumb Code     0  port_s.o(.text)
    PendSV_Handler                           0x080001e5   Thumb Code     0  port_s.o(.text)
    SVC_Handler                              0x08000277   Thumb Code     0  port_s.o(.text)
    __aeabi_uldivmod                         0x08000305   Thumb Code    98  uldiv.o(.text)
    __aeabi_memcpy                           0x08000367   Thumb Code    36  memcpya.o(.text)
    __aeabi_memcpy4                          0x08000367   Thumb Code     0  memcpya.o(.text)
    __aeabi_memcpy8                          0x08000367   Thumb Code     0  memcpya.o(.text)
    __aeabi_memset                           0x0800038b   Thumb Code    14  memseta.o(.text)
    __aeabi_memset4                          0x0800038b   Thumb Code     0  memseta.o(.text)
    __aeabi_memset8                          0x0800038b   Thumb Code     0  memseta.o(.text)
    __aeabi_memclr                           0x08000399   Thumb Code     4  memseta.o(.text)
    __aeabi_memclr4                          0x08000399   Thumb Code     0  memseta.o(.text)
    __aeabi_memclr8                          0x08000399   Thumb Code     0  memseta.o(.text)
    _memset$wrapper                          0x0800039d   Thumb Code    18  memseta.o(.text)
    strncpy                                  0x080003af   Thumb Code    24  strncpy.o(.text)
    __aeabi_llsl                             0x080003c7   Thumb Code    30  llshl.o(.text)
    _ll_shift_l                              0x080003c7   Thumb Code     0  llshl.o(.text)
    __aeabi_llsr                             0x080003e5   Thumb Code    32  llushr.o(.text)
    _ll_ushift_r                             0x080003e5   Thumb Code     0  llushr.o(.text)
    __scatterload                            0x08000405   Thumb Code    28  init.o(.text)
    __scatterload_rt2                        0x08000405   Thumb Code     0  init.o(.text)
    __decompress                             0x08000429   Thumb Code     0  __dczerorl.o(.text)
    __decompress0                            0x08000429   Thumb Code    58  __dczerorl.o(.text)
    BusFault_Handler                         0x08000465   Thumb Code     2  stm32wlxx_it.o(.text.BusFault_Handler)
    DebugMon_Handler                         0x08000469   Thumb Code     2  stm32wlxx_it.o(.text.DebugMon_Handler)
    Error_Handler                            0x0800046d   Thumb Code    10  main.o(.text.Error_Handler)
    HAL_GPIO_Init                            0x08000479   Thumb Code   438  stm32wlxx_hal_gpio.o(.text.HAL_GPIO_Init)
    HAL_GetTick                              0x08000631   Thumb Code    12  stm32wlxx_hal.o(.text.HAL_GetTick)
    HAL_IncTick                              0x0800063d   Thumb Code    26  stm32wlxx_hal.o(.text.HAL_IncTick)
    HAL_Init                                 0x08000659   Thumb Code    46  stm32wlxx_hal.o(.text.HAL_Init)
    HAL_InitTick                             0x08000689   Thumb Code    84  stm32wlxx_hal.o(.text.HAL_InitTick)
    HAL_MspInit                              0x080006dd   Thumb Code     2  stm32wlxx_hal_msp.o(.text.HAL_MspInit)
    HAL_NVIC_SetPriority                     0x080006e1   Thumb Code    32  stm32wlxx_hal_cortex.o(.text.HAL_NVIC_SetPriority)
    HAL_NVIC_SetPriorityGrouping             0x08000701   Thumb Code     4  stm32wlxx_hal_cortex.o(.text.HAL_NVIC_SetPriorityGrouping)
    HAL_PWREx_GetVoltageRange                0x08000705   Thumb Code    16  stm32wlxx_hal_pwr_ex.o(.text.HAL_PWREx_GetVoltageRange)
    HAL_PWR_EnableBkUpAccess                 0x08000715   Thumb Code    18  stm32wlxx_hal_pwr.o(.text.HAL_PWR_EnableBkUpAccess)
    HAL_RCCEx_PeriphCLKConfig                0x08000729   Thumb Code   330  stm32wlxx_hal_rcc_ex.o(.text.HAL_RCCEx_PeriphCLKConfig)
    HAL_RCC_ClockConfig                      0x08000875   Thumb Code   414  stm32wlxx_hal_rcc.o(.text.HAL_RCC_ClockConfig)
    HAL_RCC_GetHCLKFreq                      0x08000a15   Thumb Code    34  stm32wlxx_hal_rcc.o(.text.HAL_RCC_GetHCLKFreq)
    HAL_RCC_GetPCLK1Freq                     0x08000a39   Thumb Code    32  stm32wlxx_hal_rcc.o(.text.HAL_RCC_GetPCLK1Freq)
    HAL_RCC_GetPCLK2Freq                     0x08000a59   Thumb Code    32  stm32wlxx_hal_rcc.o(.text.HAL_RCC_GetPCLK2Freq)
    HAL_RCC_GetSysClockFreq                  0x08000a79   Thumb Code   224  stm32wlxx_hal_rcc.o(.text.HAL_RCC_GetSysClockFreq)
    HAL_RCC_OscConfig                        0x08000b59   Thumb Code  1332  stm32wlxx_hal_rcc.o(.text.HAL_RCC_OscConfig)
    HAL_SYSTICK_Config                       0x0800108d   Thumb Code     4  stm32wlxx_hal_cortex.o(.text.HAL_SYSTICK_Config)
    HAL_UARTEx_EnableFifoMode                0x08001091   Thumb Code    86  stm32wlxx_hal_uart_ex.o(.text.HAL_UARTEx_EnableFifoMode)
    HAL_UARTEx_SetRxFifoThreshold            0x080010e9   Thumb Code    90  stm32wlxx_hal_uart_ex.o(.text.HAL_UARTEx_SetRxFifoThreshold)
    HAL_UARTEx_SetTxFifoThreshold            0x08001145   Thumb Code    90  stm32wlxx_hal_uart_ex.o(.text.HAL_UARTEx_SetTxFifoThreshold)
    HAL_UART_Init                            0x080011a1   Thumb Code   106  stm32wlxx_hal_uart.o(.text.HAL_UART_Init)
    HAL_UART_MspInit                         0x0800120d   Thumb Code   204  usart.o(.text.HAL_UART_MspInit)
    HAL_UART_Transmit                        0x080012d9   Thumb Code   186  stm32wlxx_hal_uart.o(.text.HAL_UART_Transmit)
    HardFault_Handler                        0x08001395   Thumb Code     2  stm32wlxx_it.o(.text.HardFault_Handler)
    MX_GPIO_Init                             0x080017e1   Thumb Code    24  gpio.o(.text.MX_GPIO_Init)
    MX_USART1_UART_Init                      0x080017f9   Thumb Code   134  usart.o(.text.MX_USART1_UART_Init)
    MX_USART2_UART_Init                      0x08001881   Thumb Code   134  usart.o(.text.MX_USART2_UART_Init)
    MemManage_Handler                        0x08001909   Thumb Code     2  stm32wlxx_it.o(.text.MemManage_Handler)
    NMI_Handler                              0x0800190d   Thumb Code     2  stm32wlxx_it.o(.text.NMI_Handler)
    SysTick_Handler                          0x08001a7d   Thumb Code    32  stm32wlxx_it.o(.text.SysTick_Handler)
    SystemClock_Config                       0x08001a9d   Thumb Code   114  main.o(.text.SystemClock_Config)
    SystemInit                               0x08001b11   Thumb Code     2  system_stm32wlxx.o(.text.SystemInit)
    UART_AdvFeatureConfig                    0x08001b75   Thumb Code   204  stm32wlxx_hal_uart.o(.text.UART_AdvFeatureConfig)
    UART_CheckIdleState                      0x08001c41   Thumb Code   116  stm32wlxx_hal_uart.o(.text.UART_CheckIdleState)
    UART_SetConfig                           0x08001cb5   Thumb Code   656  stm32wlxx_hal_uart.o(.text.UART_SetConfig)
    UART_WaitOnFlagUntilTimeout              0x08001f45   Thumb Code   238  stm32wlxx_hal_uart.o(.text.UART_WaitOnFlagUntilTimeout)
    UsageFault_Handler                       0x08002035   Thumb Code     2  stm32wlxx_it.o(.text.UsageFault_Handler)
    cpu_context_switch                       0x08002491   Thumb Code     4  tos_cpu.o(.text.cpu_context_switch)
    cpu_init                                 0x08002495   Thumb Code    48  tos_cpu.o(.text.cpu_init)
    cpu_irq_context_switch                   0x080024c5   Thumb Code     4  tos_cpu.o(.text.cpu_irq_context_switch)
    cpu_sched_start                          0x080024c9   Thumb Code     6  tos_cpu.o(.text.cpu_sched_start)
    cpu_systick_init                         0x080024d1   Thumb Code    20  tos_cpu.o(.text.cpu_systick_init)
    cpu_task_stk_init                        0x080024e5   Thumb Code   128  tos_cpu.o(.text.cpu_task_stk_init)
    cpu_tlib_kernel_stk_init                 0x08002565   Thumb Code   116  tos_tlib.o(.text.cpu_tlib_kernel_stk_init)
    find_set_pid                             0x080026d1   Thumb Code    84  tos_tlib.o(.text.find_set_pid)
    fputc                                    0x08002725   Thumb Code    32  stdio.o(.text.fputc)
    free_pid                                 0x08002745   Thumb Code    74  tos_tlib.o(.text.free_pid)
    knl_idle_init                            0x080027ed   Thumb Code    72  tos_sys.o(.text.knl_idle_init)
    knl_is_idle                              0x08002835   Thumb Code    18  tos_sys.o(.text.knl_is_idle)
    knl_is_inirq                             0x08002849   Thumb Code    18  tos_sys.o(.text.knl_is_inirq)
    knl_is_sched_locked                      0x0800285d   Thumb Code    18  tos_sys.o(.text.knl_is_sched_locked)
    knl_is_self                              0x08002871   Thumb Code    20  tos_sys.o(.text.knl_is_self)
    knl_sched                                0x08002989   Thumb Code    68  tos_sys.o(.text.knl_sched)
    main                                     0x080029cd   Thumb Code   124  main.o(.text.main)
    mmheap_init_with_pool                    0x08002ae5   Thumb Code    22  tos_mmheap.o(.text.mmheap_init_with_pool)
    mutex_release                            0x08002c25   Thumb Code    20  tos_mutex.o(.text.mutex_release)
    pend_highest_pending_prio_get            0x08002c3d   Thumb Code    22  tos_pend.o(.text.pend_highest_pending_prio_get)
    pend_highest_pending_task_get            0x08002c55   Thumb Code     6  tos_pend.o(.text.pend_highest_pending_task_get)
    pend_is_nopending                        0x08002c5d   Thumb Code     4  tos_pend.o(.text.pend_is_nopending)
    pend_list_adjust                         0x08002c95   Thumb Code    24  tos_pend.o(.text.pend_list_adjust)
    pend_list_remove                         0x08002cad   Thumb Code    26  tos_pend.o(.text.pend_list_remove)
    pend_object_deinit                       0x08002cc9   Thumb Code     4  tos_pend.o(.text.pend_object_deinit)
    pend_object_init                         0x08002ccd   Thumb Code     4  tos_pend.o(.text.pend_object_init)
    pend_state2errno                         0x08002cd1   Thumb Code    48  tos_pend.o(.text.pend_state2errno)
    pend_task_block                          0x08002d01   Thumb Code    58  tos_pend.o(.text.pend_task_block)
    pend_task_wakeup                         0x08002d3d   Thumb Code    60  tos_pend.o(.text.pend_task_wakeup)
    pend_wakeup                              0x08002d79   Thumb Code    12  tos_pend.o(.text.pend_wakeup)
    pend_wakeup_all                          0x08002d85   Thumb Code    34  tos_pend.o(.text.pend_wakeup_all)
    pend_wakeup_one                          0x08002da9   Thumb Code     8  tos_pend.o(.text.pend_wakeup_one)
    pid_to_tcb                               0x08002db1   Thumb Code    20  tos_tlib.o(.text.pid_to_tcb)
    port_systick_config                      0x08002dc5   Thumb Code     4  port_c.o(.text.port_systick_config)
    port_systick_priority_set                0x08002dc9   Thumb Code     4  port_c.o(.text.port_systick_priority_set)
    readyqueue_add                           0x08002dcd   Thumb Code    30  tos_sched.o(.text.readyqueue_add)
    readyqueue_add_head                      0x08002ded   Thumb Code    50  tos_sched.o(.text.readyqueue_add_head)
    readyqueue_add_tail                      0x08002e21   Thumb Code    50  tos_sched.o(.text.readyqueue_add_tail)
    readyqueue_first_task_get                0x08002e55   Thumb Code    32  tos_sched.o(.text.readyqueue_first_task_get)
    readyqueue_highest_ready_task_get        0x08002e75   Thumb Code    20  tos_sched.o(.text.readyqueue_highest_ready_task_get)
    readyqueue_init                          0x08002e89   Thumb Code    38  tos_sched.o(.text.readyqueue_init)
    readyqueue_is_prio_onlyone               0x08002eb1   Thumb Code    28  tos_sched.o(.text.readyqueue_is_prio_onlyone)
    readyqueue_move_head_to_tail             0x08002ecd   Thumb Code    38  tos_sched.o(.text.readyqueue_move_head_to_tail)
    readyqueue_remove                        0x08002f8d   Thumb Code    70  tos_sched.o(.text.readyqueue_remove)
    robin_sched                              0x08003035   Thumb Code   126  tos_robin.o(.text.robin_sched)
    soft_timer_init                          0x08003125   Thumb Code     4  tos_timer.o(.text.soft_timer_init)
    soft_timer_update                        0x08003129   Thumb Code   144  tos_timer.o(.text.soft_timer_update)
    syscall_kernel                           0x08003229   Thumb Code   382  tlib.o(.text.syscall_kernel)
    syscall_kernel_knl                       0x080033a9   Thumb Code   412  tlib.o(.text.syscall_kernel_knl)
    task_free_all                            0x08003785   Thumb Code    58  tos_task.o(.text.task_free_all)
    tick_list_add                            0x0800392d   Thumb Code    18  tos_tick.o(.text.tick_list_add)
    tick_list_remove                         0x08003941   Thumb Code    18  tos_tick.o(.text.tick_list_remove)
    tick_update                              0x08003a61   Thumb Code   126  tos_tick.o(.text.tick_update)
    tlib_init                                0x08003bad   Thumb Code    58  tos_tlib.o(.text.tlib_init)
    tos_cpu_clz                              0x08003be9   Thumb Code     4  tos_cpu.o(.text.tos_cpu_clz)
    tos_cpu_cpsr_restore                     0x08003bed   Thumb Code     4  tos_cpu.o(.text.tos_cpu_cpsr_restore)
    tos_cpu_cpsr_save                        0x08003bf1   Thumb Code     4  tos_cpu.o(.text.tos_cpu_cpsr_save)
    tos_event_create                         0x08003bf5   Thumb Code    40  tos_event.o(.text.tos_event_create)
    tos_event_destroy                        0x08003c1d   Thumb Code    96  tos_event.o(.text.tos_event_destroy)
    tos_event_pend                           0x08003c7d   Thumb Code   226  tos_event.o(.text.tos_event_pend)
    tos_event_post                           0x08003d61   Thumb Code     6  tos_event.o(.text.tos_event_post)
    tos_knl_init                             0x08003d69   Thumb Code    52  tos_sys.o(.text.tos_knl_init)
    tos_knl_irq_enter                        0x08003d9d   Thumb Code    32  tos_sys.o(.text.tos_knl_irq_enter)
    tos_knl_irq_leave                        0x08003dbd   Thumb Code    86  tos_sys.o(.text.tos_knl_irq_leave)
    tos_knl_is_running                       0x08003e15   Thumb Code    20  tos_sys.o(.text.tos_knl_is_running)
    tos_knl_sched_lock                       0x08003e29   Thumb Code    78  tos_sys.o(.text.tos_knl_sched_lock)
    tos_knl_sched_unlock                     0x08003e79   Thumb Code    84  tos_sys.o(.text.tos_knl_sched_unlock)
    tos_knl_start                            0x08003ecd   Thumb Code    62  tos_sys.o(.text.tos_knl_start)
    tos_mmheap_aligned_alloc                 0x08003fe9   Thumb Code   122  tos_mmheap.o(.text.tos_mmheap_aligned_alloc)
    tos_mmheap_alloc                         0x08004065   Thumb Code    36  tos_mmheap.o(.text.tos_mmheap_alloc)
    tos_mmheap_calloc                        0x08004089   Thumb Code    28  tos_mmheap.o(.text.tos_mmheap_calloc)
    tos_mmheap_free                          0x080040a5   Thumb Code    36  tos_mmheap.o(.text.tos_mmheap_free)
    tos_mmheap_pool_add                      0x080040c9   Thumb Code   164  tos_mmheap.o(.text.tos_mmheap_pool_add)
    tos_mmheap_pool_check                    0x0800416d   Thumb Code    94  tos_mmheap.o(.text.tos_mmheap_pool_check)
    tos_mmheap_pool_rmv                      0x080041cd   Thumb Code    82  tos_mmheap.o(.text.tos_mmheap_pool_rmv)
    tos_mmheap_realloc                       0x08004221   Thumb Code   168  tos_mmheap.o(.text.tos_mmheap_realloc)
    tos_mutex_create                         0x080042c9   Thumb Code    68  tos_mutex.o(.text.tos_mutex_create)
    tos_mutex_destroy                        0x0800430d   Thumb Code   126  tos_mutex.o(.text.tos_mutex_destroy)
    tos_mutex_pend                           0x0800438d   Thumb Code    12  tos_mutex.o(.text.tos_mutex_pend)
    tos_mutex_pend_timed                     0x08004399   Thumb Code   268  tos_mutex.o(.text.tos_mutex_pend_timed)
    tos_mutex_post                           0x080044a5   Thumb Code   166  tos_mutex.o(.text.tos_mutex_post)
    tos_sem_create                           0x0800454d   Thumb Code     8  tos_sem.o(.text.tos_sem_create)
    tos_sem_create_max                       0x08004555   Thumb Code    48  tos_sem.o(.text.tos_sem_create_max)
    tos_sem_destroy                          0x08004585   Thumb Code   106  tos_sem.o(.text.tos_sem_destroy)
    tos_sem_pend                             0x080045f1   Thumb Code   182  tos_sem.o(.text.tos_sem_pend)
    tos_sem_post                             0x080046a9   Thumb Code     6  tos_sem.o(.text.tos_sem_post)
    tos_sem_post_all                         0x080046b1   Thumb Code     6  tos_sem.o(.text.tos_sem_post_all)
    tos_task_create                          0x080046b9   Thumb Code   300  tos_task.o(.text.tos_task_create)
    tos_task_create_dyn_tlib                 0x080047e5   Thumb Code   174  tos_task.o(.text.tos_task_create_dyn_tlib)
    tos_task_create_tlib                     0x08004895   Thumb Code   306  tos_task.o(.text.tos_task_create_tlib)
    tos_task_delay                           0x080049c9   Thumb Code   106  tos_task.o(.text.tos_task_delay)
    tos_task_delay_abort                     0x08004a35   Thumb Code   136  tos_task.o(.text.tos_task_delay_abort)
    tos_task_destroy                         0x08004abd   Thumb Code   106  tos_task.o(.text.tos_task_destroy)
    tos_task_destroy_dyn                     0x08004b29   Thumb Code   162  tos_task.o(.text.tos_task_destroy_dyn)
    tos_task_destroy_dyn_tlib                0x08004bcd   Thumb Code    42  tos_task.o(.text.tos_task_destroy_dyn_tlib)
    tos_task_prio_change                     0x08004bf9   Thumb Code   212  tos_task.o(.text.tos_task_prio_change)
    tos_task_resume                          0x08004ccd   Thumb Code   102  tos_task.o(.text.tos_task_resume)
    tos_task_suspend                         0x08004d35   Thumb Code   158  tos_task.o(.text.tos_task_suspend)
    tos_task_yield                           0x08004dd5   Thumb Code    52  tos_task.o(.text.tos_task_yield)
    tos_tick_handler                         0x08004e09   Thumb Code    50  tos_tick.o(.text.tos_tick_handler)
    __0printf$5                              0x08004e3d   Thumb Code    22  printf5.o(i.__0printf$5)
    __1printf$5                              0x08004e3d   Thumb Code     0  printf5.o(i.__0printf$5)
    __2printf                                0x08004e3d   Thumb Code     0  printf5.o(i.__0printf$5)
    __scatterload_copy                       0x08004e5d   Thumb Code    14  handlers.o(i.__scatterload_copy)
    __scatterload_null                       0x08004e6b   Thumb Code     2  handlers.o(i.__scatterload_null)
    __scatterload_zeroinit                   0x08004e6d   Thumb Code    14  handlers.o(i.__scatterload_zeroinit)
    AHBPrescTable                            0x0800513c   Data          64  system_stm32wlxx.o(.rodata.AHBPrescTable)
    APBPrescTable                            0x0800517c   Data          32  system_stm32wlxx.o(.rodata.APBPrescTable)
    MSIRangeTable                            0x0800519c   Data          64  system_stm32wlxx.o(.rodata.MSIRangeTable)
    UARTPrescTable                           0x080051e8   Data          24  stm32wlxx_hal_uart.o(.rodata.UARTPrescTable)
    k_idle_task_stk_addr                     0x08005200   Data           4  tos_global.o(.rodata.k_idle_task_stk_addr)
    k_idle_task_stk_size                     0x08005204   Data           4  tos_global.o(.rodata.k_idle_task_stk_size)
    Region$$Table$$Base                      0x08005208   Number         0  anon$$obj.o(Region$$Table)
    Region$$Table$$Limit                     0x08005248   Number         0  anon$$obj.o(Region$$Table)
    __stdout                                 0x20000000   Data           4  stdout.o(.data)
    SystemCoreClock                          0x20000004   Data           4  system_stm32wlxx.o(.data.SystemCoreClock)
    k_cpu_tick_per_second                    0x20000008   Data           8  tos_global.o(.data.k_cpu_tick_per_second)
    k_dead_task_list                         0x20000010   Data           8  tos_global.o(.data.k_dead_task_list)
    k_robin_default_timeslice                0x20000018   Data           4  tos_global.o(.data.k_robin_default_timeslice)
    k_stat_list                              0x2000001c   Data           8  tos_global.o(.data.k_stat_list)
    k_tick_list                              0x20000024   Data           8  tos_global.o(.data.k_tick_list)
    k_timer_ctl                              0x20000030   Data          16  tos_global.o(.data.k_timer_ctl)
    uwTickFreq                               0x20000040   Data           1  stm32wlxx_hal.o(.data.uwTickFreq)
    uwTickPrio                               0x20000044   Data           4  stm32wlxx_hal.o(.data.uwTickPrio)
    TCBS                                     0x20000048   Data         512  tos_global.o(.bss.TCBS)
    huart2                                   0x20000248   Data         148  usart.o(.bss.huart2)
    huart2_2                                 0x200002dc   Data         148  usart.o(.bss.huart2_2)
    k_cpu_cycle_per_tick                     0x20000370   Data           4  tos_global.o(.bss.k_cpu_cycle_per_tick)
    k_curr_task                              0x20000374   Data           4  tos_global.o(.bss.k_curr_task)
    k_idle_task                              0x20000378   Data         152  tos_global.o(.bss.k_idle_task)
    k_idle_task_stk                          0x20000410   Data         128  tos_global.o(.bss.k_idle_task_stk)
    k_irq_nest_cnt                           0x20000490   Data           1  tos_global.o(.bss.k_irq_nest_cnt)
    k_knl_state                              0x20000491   Data           1  tos_global.o(.bss.k_knl_state)
    k_mmheap_ctl                             0x20000494   Data        3204  tos_global.o(.bss.k_mmheap_ctl)
    k_next_task                              0x20001118   Data           4  tos_global.o(.bss.k_next_task)
    k_rdyq                                   0x2000111c   Data          88  tos_global.o(.bss.k_rdyq)
    k_sched_lock_nest_cnt                    0x20001174   Data           1  tos_global.o(.bss.k_sched_lock_nest_cnt)
    k_tick_count                             0x20001178   Data           8  tos_global.o(.bss.k_tick_count)
    tcb_bit_map                              0x20001180   Data          17  tos_global.o(.bss.tcb_bit_map)
    uwTick                                   0x20001194   Data           4  stm32wlxx_hal.o(.bss.uwTick)
    __initial_sp                             0x20001598   Data           0  startup_stm32wle5xx.o(STACK)
    test                                     0x20002001   Thumb Code   108  app_entry.o(MYRO)
    test2                                    0x2000206d   Thumb Code   108  app_entry.o(MYRO)
    app_entry                                0x200020d9   Thumb Code   228  app_entry.o(MYRO)
    syscall                                  0x200021bd   Thumb Code     0  tlib_s.o(MYRO)
    tos_task_create_dyn_t                    0x200021c1   Thumb Code    56  tlib_usr.o(MYRO)
    tos_task_destroy_dyn_t                   0x200021f9   Thumb Code    18  tlib_usr.o(MYRO)
    get_pid                                  0x2000220d   Thumb Code    24  tlib_usr.o(MYRO)
    tos_task_delay_t                         0x20002225   Thumb Code    20  tlib_usr.o(MYRO)
    tos_task_delay_abort_t                   0x20002239   Thumb Code    18  tlib_usr.o(MYRO)
    tos_task_suspend_t                       0x2000224d   Thumb Code    18  tlib_usr.o(MYRO)
    tos_knl_is_running_t                     0x20002261   Thumb Code    18  tlib_usr.o(MYRO)
    tos_knl_sched_lock_t                     0x20002275   Thumb Code     8  tlib_usr.o(MYRO)
    tos_knl_sched_unlock_t                   0x2000227d   Thumb Code     8  tlib_usr.o(MYRO)
    tos_task_resume_t                        0x20002285   Thumb Code    18  tlib_usr.o(MYRO)
    tos_task_prio_change_t                   0x20002299   Thumb Code    22  tlib_usr.o(MYRO)
    tos_task_yield_t                         0x200022b1   Thumb Code     8  tlib_usr.o(MYRO)
    tos_mmheap_pool_add_t                    0x200022b9   Thumb Code    20  tlib_usr.o(MYRO)
    tos_mmheap_pool_rmv_t                    0x200022cd   Thumb Code     8  tlib_usr.o(MYRO)
    tos_mmheap_alloc_t                       0x200022d5   Thumb Code    24  tlib_usr.o(MYRO)
    tos_mmheap_aligned_alloc_t               0x200022ed   Thumb Code    24  tlib_usr.o(MYRO)
    tos_mmheap_realloc_t                     0x20002305   Thumb Code    26  tlib_usr.o(MYRO)
    tos_mmheap_free_t                        0x20002321   Thumb Code     8  tlib_usr.o(MYRO)
    tos_mmheap_pool_check_t                  0x20002329   Thumb Code    20  tlib_usr.o(MYRO)
    tos_mutex_create_t                       0x2000233d   Thumb Code     8  tlib_usr.o(MYRO)
    tos_mutex_destroy_t                      0x20002345   Thumb Code     8  tlib_usr.o(MYRO)
    tos_mutex_pend_t                         0x2000234d   Thumb Code     8  tlib_usr.o(MYRO)
    tos_mutex_pend_timed_t                   0x20002355   Thumb Code    22  tlib_usr.o(MYRO)
    tos_mutex_post_t                         0x2000236d   Thumb Code     8  tlib_usr.o(MYRO)
    tos_sem_create_t                         0x20002375   Thumb Code    22  tlib_usr.o(MYRO)
    tos_sem_create_max_t                     0x2000238d   Thumb Code    26  tlib_usr.o(MYRO)
    tos_sem_destroy_t                        0x200023a9   Thumb Code     8  tlib_usr.o(MYRO)
    tos_sem_pend_t                           0x200023b1   Thumb Code    22  tlib_usr.o(MYRO)
    tos_sem_post_t                           0x200023c9   Thumb Code     8  tlib_usr.o(MYRO)
    tos_sem_post_all_t                       0x200023d1   Thumb Code     8  tlib_usr.o(MYRO)
    tos_event_create_t                       0x200023d9   Thumb Code    20  tlib_usr.o(MYRO)
    tos_event_destroy_t                      0x200023ed   Thumb Code     8  tlib_usr.o(MYRO)
    tos_event_pend_t                         0x200023f5   Thumb Code    34  tlib_usr.o(MYRO)
    tos_event_post_t                         0x20002419   Thumb Code    20  tlib_usr.o(MYRO)
    Long Thumb to Thumb Veneer to __2printf  0x2000242d   Thumb Code    10  anon$$obj.o(Veneer$$Code)
    k_mmheap_default_pool                    0x20004000   Data       39296  tos_global.o(RAM_AREA)
    second                                   0x2000d980   Data          16  app_entry.o(USDT)
    third                                    0x2000d990   Data          16  app_entry.o(USDT)
    first                                    0x2000d9a0   Data          16  app_entry.o(USDT)



==============================================================================

Memory Map of the image

  Image Entry point : 0x08000139

  Load Region LR_IROM1 (Base: 0x08000000, Size: 0x0000f078, Max: 0x00040000, ABSOLUTE, COMPRESSED[0x00005800])

    Execution Region ER_IROM1 (Exec base: 0x08000000, Load base: 0x08000000, Size: 0x00005248, Max: 0x00040000, ABSOLUTE)

    Exec Addr    Load Addr    Size         Type   Attr      Idx    E Section Name        Object

    0x08000000   0x08000000   0x00000138   Data   RO            3    RESET               startup_stm32wle5xx.o
    0x08000138   0x08000138   0x00000000   Code   RO         2639  * .ARM.Collect$$$$00000000  mc_w.l(entry.o)
    0x08000138   0x08000138   0x00000004   Code   RO         2917    .ARM.Collect$$$$00000001  mc_w.l(entry2.o)
    0x0800013c   0x0800013c   0x00000004   Code   RO         2920    .ARM.Collect$$$$00000004  mc_w.l(entry5.o)
    0x08000140   0x08000140   0x00000000   Code   RO         2922    .ARM.Collect$$$$00000008  mc_w.l(entry7b.o)
    0x08000140   0x08000140   0x00000000   Code   RO         2924    .ARM.Collect$$$$0000000A  mc_w.l(entry8b.o)
    0x08000140   0x08000140   0x00000008   Code   RO         2925    .ARM.Collect$$$$0000000B  mc_w.l(entry9a.o)
    0x08000148   0x08000148   0x00000000   Code   RO         2927    .ARM.Collect$$$$0000000D  mc_w.l(entry10a.o)
    0x08000148   0x08000148   0x00000000   Code   RO         2929    .ARM.Collect$$$$0000000F  mc_w.l(entry11a.o)
    0x08000148   0x08000148   0x00000004   Code   RO         2918    .ARM.Collect$$$$00002712  mc_w.l(entry2.o)
    0x0800014c   0x0800014c   0x00000024   Code   RO            4    .text               startup_stm32wle5xx.o
    0x08000170   0x08000170   0x00000194   Code   RO         2593    .text               port_s.o
    0x08000304   0x08000304   0x00000062   Code   RO         2644    .text               mc_w.l(uldiv.o)
    0x08000366   0x08000366   0x00000024   Code   RO         2646    .text               mc_w.l(memcpya.o)
    0x0800038a   0x0800038a   0x00000024   Code   RO         2648    .text               mc_w.l(memseta.o)
    0x080003ae   0x080003ae   0x00000018   Code   RO         2650    .text               mc_w.l(strncpy.o)
    0x080003c6   0x080003c6   0x0000001e   Code   RO         2934    .text               mc_w.l(llshl.o)
    0x080003e4   0x080003e4   0x00000020   Code   RO         2936    .text               mc_w.l(llushr.o)
    0x08000404   0x08000404   0x00000024   Code   RO         2949    .text               mc_w.l(init.o)
    0x08000428   0x08000428   0x0000003a   Code   RO         2963    .text               mc_w.l(__dczerorl.o)
    0x08000462   0x08000462   0x00000002   PAD
    0x08000464   0x08000464   0x00000002   Code   RO           82    .text.BusFault_Handler  stm32wlxx_it.o
    0x08000466   0x08000466   0x00000002   PAD
    0x08000468   0x08000468   0x00000002   Code   RO           86    .text.DebugMon_Handler  stm32wlxx_it.o
    0x0800046a   0x0800046a   0x00000002   PAD
    0x0800046c   0x0800046c   0x0000000a   Code   RO           15    .text.Error_Handler  main.o
    0x08000476   0x08000476   0x00000002   PAD
    0x08000478   0x08000478   0x000001b6   Code   RO          705    .text.HAL_GPIO_Init  stm32wlxx_hal_gpio.o
    0x0800062e   0x0800062e   0x00000002   PAD
    0x08000630   0x08000630   0x0000000c   Code   RO         1087    .text.HAL_GetTick   stm32wlxx_hal.o
    0x0800063c   0x0800063c   0x0000001a   Code   RO         1085    .text.HAL_IncTick   stm32wlxx_hal.o
    0x08000656   0x08000656   0x00000002   PAD
    0x08000658   0x08000658   0x0000002e   Code   RO         1047    .text.HAL_Init      stm32wlxx_hal.o
    0x08000686   0x08000686   0x00000002   PAD
    0x08000688   0x08000688   0x00000054   Code   RO         1049    .text.HAL_InitTick  stm32wlxx_hal.o
    0x080006dc   0x080006dc   0x00000002   Code   RO          100    .text.HAL_MspInit   stm32wlxx_hal_msp.o
    0x080006de   0x080006de   0x00000002   PAD
    0x080006e0   0x080006e0   0x00000020   Code   RO          976    .text.HAL_NVIC_SetPriority  stm32wlxx_hal_cortex.o
    0x08000700   0x08000700   0x00000004   Code   RO          972    .text.HAL_NVIC_SetPriorityGrouping  stm32wlxx_hal_cortex.o
    0x08000704   0x08000704   0x00000010   Code   RO          851    .text.HAL_PWREx_GetVoltageRange  stm32wlxx_hal_pwr_ex.o
    0x08000714   0x08000714   0x00000012   Code   RO          798    .text.HAL_PWR_EnableBkUpAccess  stm32wlxx_hal_pwr.o
    0x08000726   0x08000726   0x00000002   PAD
    0x08000728   0x08000728   0x0000014a   Code   RO          483    .text.HAL_RCCEx_PeriphCLKConfig  stm32wlxx_hal_rcc_ex.o
    0x08000872   0x08000872   0x00000002   PAD
    0x08000874   0x08000874   0x0000019e   Code   RO          400    .text.HAL_RCC_ClockConfig  stm32wlxx_hal_rcc.o
    0x08000a12   0x08000a12   0x00000002   PAD
    0x08000a14   0x08000a14   0x00000022   Code   RO          370    .text.HAL_RCC_GetHCLKFreq  stm32wlxx_hal_rcc.o
    0x08000a36   0x08000a36   0x00000002   PAD
    0x08000a38   0x08000a38   0x00000020   Code   RO          446    .text.HAL_RCC_GetPCLK1Freq  stm32wlxx_hal_rcc.o
    0x08000a58   0x08000a58   0x00000020   Code   RO          450    .text.HAL_RCC_GetPCLK2Freq  stm32wlxx_hal_rcc.o
    0x08000a78   0x08000a78   0x000000e0   Code   RO          424    .text.HAL_RCC_GetSysClockFreq  stm32wlxx_hal_rcc.o
    0x08000b58   0x08000b58   0x00000534   Code   RO          364    .text.HAL_RCC_OscConfig  stm32wlxx_hal_rcc.o
    0x0800108c   0x0800108c   0x00000004   Code   RO          996    .text.HAL_SYSTICK_Config  stm32wlxx_hal_cortex.o
    0x08001090   0x08001090   0x00000056   Code   RO          315    .text.HAL_UARTEx_EnableFifoMode  stm32wlxx_hal_uart_ex.o
    0x080010e6   0x080010e6   0x00000002   PAD
    0x080010e8   0x080010e8   0x0000005a   Code   RO          323    .text.HAL_UARTEx_SetRxFifoThreshold  stm32wlxx_hal_uart_ex.o
    0x08001142   0x08001142   0x00000002   PAD
    0x08001144   0x08001144   0x0000005a   Code   RO          321    .text.HAL_UARTEx_SetTxFifoThreshold  stm32wlxx_hal_uart_ex.o
    0x0800119e   0x0800119e   0x00000002   PAD
    0x080011a0   0x080011a0   0x0000006a   Code   RO          141    .text.HAL_UART_Init  stm32wlxx_hal_uart.o
    0x0800120a   0x0800120a   0x00000002   PAD
    0x0800120c   0x0800120c   0x000000cc   Code   RO           49    .text.HAL_UART_MspInit  usart.o
    0x080012d8   0x080012d8   0x000000ba   Code   RO          161    .text.HAL_UART_Transmit  stm32wlxx_hal_uart.o
    0x08001392   0x08001392   0x00000002   PAD
    0x08001394   0x08001394   0x00000002   Code   RO           78    .text.HardFault_Handler  stm32wlxx_it.o
    0x08001396   0x08001396   0x00000002   PAD
    0x08001398   0x08001398   0x0000001a   Code   RO           32    .text.LL_AHB2_GRP1_EnableClock  gpio.o
    0x080013b2   0x080013b2   0x00000002   PAD
    0x080013b4   0x080013b4   0x0000001a   Code   RO           53    .text.LL_AHB2_GRP1_EnableClock  usart.o
    0x080013ce   0x080013ce   0x00000002   PAD
    0x080013d0   0x080013d0   0x0000001e   Code   RO           55    .text.LL_APB1_GRP1_EnableClock  usart.o
    0x080013ee   0x080013ee   0x00000002   PAD
    0x080013f0   0x080013f0   0x0000001e   Code   RO           51    .text.LL_APB2_GRP1_EnableClock  usart.o
    0x0800140e   0x0800140e   0x00000002   PAD
    0x08001410   0x08001410   0x00000010   Code   RO          392    .text.LL_PWR_IsEnabledBkUpAccess  stm32wlxx_hal_rcc.o
    0x08001420   0x08001420   0x00000010   Code   RO          487    .text.LL_RCC_ForceBackupDomainReset  stm32wlxx_hal_rcc_ex.o
    0x08001430   0x08001430   0x00000010   Code   RO          444    .text.LL_RCC_GetAHB3Prescaler  stm32wlxx_hal_rcc.o
    0x08001440   0x08001440   0x0000000e   Code   RO          440    .text.LL_RCC_GetAHBPrescaler  stm32wlxx_hal_rcc.o
    0x0800144e   0x0800144e   0x00000002   PAD
    0x08001450   0x08001450   0x0000000e   Code   RO          448    .text.LL_RCC_GetAPB1Prescaler  stm32wlxx_hal_rcc.o
    0x0800145e   0x0800145e   0x00000002   PAD
    0x08001460   0x08001460   0x0000000e   Code   RO          452    .text.LL_RCC_GetAPB2Prescaler  stm32wlxx_hal_rcc.o
    0x0800146e   0x0800146e   0x00000002   PAD
    0x08001470   0x08001470   0x0000000e   Code   RO          271    .text.LL_RCC_GetLPUARTClockSource  stm32wlxx_hal_uart.o
    0x0800147e   0x0800147e   0x00000002   PAD
    0x08001480   0x08001480   0x0000000e   Code   RO          485    .text.LL_RCC_GetRTCClockSource  stm32wlxx_hal_rcc_ex.o
    0x0800148e   0x0800148e   0x00000002   PAD
    0x08001490   0x08001490   0x0000000e   Code   RO          356    .text.LL_RCC_GetSysClkSource  stm32wlxx_hal_rcc.o
    0x0800149e   0x0800149e   0x00000002   PAD
    0x080014a0   0x080014a0   0x00000010   Code   RO          269    .text.LL_RCC_GetUSARTClockSource  stm32wlxx_hal_uart.o
    0x080014b0   0x080014b0   0x0000000e   Code   RO          378    .text.LL_RCC_HSE_Disable  stm32wlxx_hal_rcc.o
    0x080014be   0x080014be   0x00000002   PAD
    0x080014c0   0x080014c0   0x0000000e   Code   RO          360    .text.LL_RCC_HSE_DisableTcxo  stm32wlxx_hal_rcc.o
    0x080014ce   0x080014ce   0x00000002   PAD
    0x080014d0   0x080014d0   0x0000000e   Code   RO          374    .text.LL_RCC_HSE_Enable  stm32wlxx_hal_rcc.o
    0x080014de   0x080014de   0x00000002   PAD
    0x080014e0   0x080014e0   0x0000000e   Code   RO          376    .text.LL_RCC_HSE_EnableTcxo  stm32wlxx_hal_rcc.o
    0x080014ee   0x080014ee   0x00000002   PAD
    0x080014f0   0x080014f0   0x0000000c   Code   RO          432    .text.LL_RCC_HSE_IsEnabledDiv2  stm32wlxx_hal_rcc.o
    0x080014fc   0x080014fc   0x0000000c   Code   RO          358    .text.LL_RCC_HSE_IsReady  stm32wlxx_hal_rcc.o
    0x08001508   0x08001508   0x0000000e   Code   RO          384    .text.LL_RCC_HSI_Disable  stm32wlxx_hal_rcc.o
    0x08001516   0x08001516   0x00000002   PAD
    0x08001518   0x08001518   0x0000000e   Code   RO          380    .text.LL_RCC_HSI_Enable  stm32wlxx_hal_rcc.o
    0x08001526   0x08001526   0x00000002   PAD
    0x08001528   0x08001528   0x0000000c   Code   RO          382    .text.LL_RCC_HSI_IsReady  stm32wlxx_hal_rcc.o
    0x08001534   0x08001534   0x00000014   Code   RO          354    .text.LL_RCC_HSI_SetCalibTrimming  stm32wlxx_hal_rcc.o
    0x08001548   0x08001548   0x0000000e   Code   RO          404    .text.LL_RCC_IsActiveFlag_HPRE  stm32wlxx_hal_rcc.o
    0x08001556   0x08001556   0x00000002   PAD
    0x08001558   0x08001558   0x0000000e   Code   RO          412    .text.LL_RCC_IsActiveFlag_PPRE1  stm32wlxx_hal_rcc.o
    0x08001566   0x08001566   0x00000002   PAD
    0x08001568   0x08001568   0x0000000e   Code   RO          416    .text.LL_RCC_IsActiveFlag_PPRE2  stm32wlxx_hal_rcc.o
    0x08001576   0x08001576   0x00000002   PAD
    0x08001578   0x08001578   0x00000010   Code   RO          408    .text.LL_RCC_IsActiveFlag_SHDHPRE  stm32wlxx_hal_rcc.o
    0x08001588   0x08001588   0x0000000e   Code   RO          394    .text.LL_RCC_LSE_IsReady  stm32wlxx_hal_rcc.o
    0x08001596   0x08001596   0x00000002   PAD
    0x08001598   0x08001598   0x0000000e   Code   RO          491    .text.LL_RCC_LSE_IsReady  stm32wlxx_hal_rcc_ex.o
    0x080015a6   0x080015a6   0x00000002   PAD
    0x080015a8   0x080015a8   0x00000010   Code   RO          386    .text.LL_RCC_LSI_Disable  stm32wlxx_hal_rcc.o
    0x080015b8   0x080015b8   0x00000010   Code   RO          390    .text.LL_RCC_LSI_Enable  stm32wlxx_hal_rcc.o
    0x080015c8   0x080015c8   0x0000000e   Code   RO          388    .text.LL_RCC_LSI_IsReady  stm32wlxx_hal_rcc.o
    0x080015d6   0x080015d6   0x00000002   PAD
    0x080015d8   0x080015d8   0x0000000e   Code   RO          372    .text.LL_RCC_MSI_Disable  stm32wlxx_hal_rcc.o
    0x080015e6   0x080015e6   0x00000002   PAD
    0x080015e8   0x080015e8   0x0000000e   Code   RO          346    .text.LL_RCC_MSI_Enable  stm32wlxx_hal_rcc.o
    0x080015f6   0x080015f6   0x00000002   PAD
    0x080015f8   0x080015f8   0x0000000c   Code   RO          428    .text.LL_RCC_MSI_GetRange  stm32wlxx_hal_rcc.o
    0x08001604   0x08001604   0x0000000e   Code   RO          430    .text.LL_RCC_MSI_GetRangeAfterStandby  stm32wlxx_hal_rcc.o
    0x08001612   0x08001612   0x00000002   PAD
    0x08001614   0x08001614   0x0000000c   Code   RO          426    .text.LL_RCC_MSI_IsEnabledRangeSelect  stm32wlxx_hal_rcc.o
    0x08001620   0x08001620   0x0000000c   Code   RO          348    .text.LL_RCC_MSI_IsReady  stm32wlxx_hal_rcc.o
    0x0800162c   0x0800162c   0x00000014   Code   RO          352    .text.LL_RCC_MSI_SetCalibTrimming  stm32wlxx_hal_rcc.o
    0x08001640   0x08001640   0x0000000e   Code   RO          396    .text.LL_RCC_PLL_Disable  stm32wlxx_hal_rcc.o
    0x0800164e   0x0800164e   0x00000002   PAD
    0x08001650   0x08001650   0x0000000e   Code   RO          398    .text.LL_RCC_PLL_Enable  stm32wlxx_hal_rcc.o
    0x0800165e   0x0800165e   0x00000002   PAD
    0x08001660   0x08001660   0x0000000e   Code   RO          436    .text.LL_RCC_PLL_GetDivider  stm32wlxx_hal_rcc.o
    0x0800166e   0x0800166e   0x00000002   PAD
    0x08001670   0x08001670   0x0000000e   Code   RO          366    .text.LL_RCC_PLL_GetMainSource  stm32wlxx_hal_rcc.o
    0x0800167e   0x0800167e   0x00000002   PAD
    0x08001680   0x08001680   0x0000000e   Code   RO          434    .text.LL_RCC_PLL_GetN  stm32wlxx_hal_rcc.o
    0x0800168e   0x0800168e   0x00000002   PAD
    0x08001690   0x08001690   0x0000000e   Code   RO          438    .text.LL_RCC_PLL_GetR  stm32wlxx_hal_rcc.o
    0x0800169e   0x0800169e   0x00000002   PAD
    0x080016a0   0x080016a0   0x0000000c   Code   RO          362    .text.LL_RCC_PLL_IsReady  stm32wlxx_hal_rcc.o
    0x080016ac   0x080016ac   0x00000010   Code   RO          489    .text.LL_RCC_ReleaseBackupDomainReset  stm32wlxx_hal_rcc_ex.o
    0x080016bc   0x080016bc   0x00000012   Code   RO          507    .text.LL_RCC_SetADCClockSource  stm32wlxx_hal_rcc_ex.o
    0x080016ce   0x080016ce   0x00000002   PAD
    0x080016d0   0x080016d0   0x00000016   Code   RO          406    .text.LL_RCC_SetAHB3Prescaler  stm32wlxx_hal_rcc.o
    0x080016e6   0x080016e6   0x00000002   PAD
    0x080016e8   0x080016e8   0x00000012   Code   RO          402    .text.LL_RCC_SetAHBPrescaler  stm32wlxx_hal_rcc.o
    0x080016fa   0x080016fa   0x00000002   PAD
    0x080016fc   0x080016fc   0x00000012   Code   RO          410    .text.LL_RCC_SetAPB1Prescaler  stm32wlxx_hal_rcc.o
    0x0800170e   0x0800170e   0x00000002   PAD
    0x08001710   0x08001710   0x00000012   Code   RO          414    .text.LL_RCC_SetAPB2Prescaler  stm32wlxx_hal_rcc.o
    0x08001722   0x08001722   0x00000002   PAD
    0x08001724   0x08001724   0x00000024   Code   RO          501    .text.LL_RCC_SetI2CClockSource  stm32wlxx_hal_rcc_ex.o
    0x08001748   0x08001748   0x00000012   Code   RO          503    .text.LL_RCC_SetI2SClockSource  stm32wlxx_hal_rcc_ex.o
    0x0800175a   0x0800175a   0x00000002   PAD
    0x0800175c   0x0800175c   0x00000020   Code   RO          499    .text.LL_RCC_SetLPTIMClockSource  stm32wlxx_hal_rcc_ex.o
    0x0800177c   0x0800177c   0x00000012   Code   RO          497    .text.LL_RCC_SetLPUARTClockSource  stm32wlxx_hal_rcc_ex.o
    0x0800178e   0x0800178e   0x00000002   PAD
    0x08001790   0x08001790   0x00000012   Code   RO          505    .text.LL_RCC_SetRNGClockSource  stm32wlxx_hal_rcc_ex.o
    0x080017a2   0x080017a2   0x00000002   PAD
    0x080017a4   0x080017a4   0x00000012   Code   RO          493    .text.LL_RCC_SetRTCClockSource  stm32wlxx_hal_rcc_ex.o
    0x080017b6   0x080017b6   0x00000002   PAD
    0x080017b8   0x080017b8   0x00000012   Code   RO          418    .text.LL_RCC_SetSysClkSource  stm32wlxx_hal_rcc.o
    0x080017ca   0x080017ca   0x00000002   PAD
    0x080017cc   0x080017cc   0x00000014   Code   RO          495    .text.LL_RCC_SetUSARTClockSource  stm32wlxx_hal_rcc_ex.o
    0x080017e0   0x080017e0   0x00000018   Code   RO           30    .text.MX_GPIO_Init  gpio.o
    0x080017f8   0x080017f8   0x00000086   Code   RO           45    .text.MX_USART1_UART_Init  usart.o
    0x0800187e   0x0800187e   0x00000002   PAD
    0x08001880   0x08001880   0x00000086   Code   RO           47    .text.MX_USART2_UART_Init  usart.o
    0x08001906   0x08001906   0x00000002   PAD
    0x08001908   0x08001908   0x00000002   Code   RO           80    .text.MemManage_Handler  stm32wlxx_it.o
    0x0800190a   0x0800190a   0x00000002   PAD
    0x0800190c   0x0800190c   0x00000002   Code   RO           76    .text.NMI_Handler   stm32wlxx_it.o
    0x0800190e   0x0800190e   0x00000002   PAD
    0x08001910   0x08001910   0x00000036   Code   RO          982    .text.NVIC_EncodePriority  stm32wlxx_hal_cortex.o
    0x08001946   0x08001946   0x00000002   PAD
    0x08001948   0x08001948   0x0000008c   Code   RO          468    .text.RCC_SetFlashLatency  stm32wlxx_hal_rcc.o
    0x080019d4   0x080019d4   0x00000046   Code   RO          368    .text.RCC_SetFlashLatencyFromMSIRange  stm32wlxx_hal_rcc.o
    0x08001a1a   0x08001a1a   0x00000002   PAD
    0x08001a1c   0x08001a1c   0x00000034   Code   RO          998    .text.SysTick_Config  stm32wlxx_hal_cortex.o
    0x08001a50   0x08001a50   0x0000002a   Code   RO         2577    .text.SysTick_Config  port_c.o
    0x08001a7a   0x08001a7a   0x00000002   PAD
    0x08001a7c   0x08001a7c   0x00000020   Code   RO           88    .text.SysTick_Handler  stm32wlxx_it.o
    0x08001a9c   0x08001a9c   0x00000072   Code   RO           13    .text.SystemClock_Config  main.o
    0x08001b0e   0x08001b0e   0x00000002   PAD
    0x08001b10   0x08001b10   0x00000002   Code   RO         1216    .text.SystemInit    system_stm32wlxx.o
    0x08001b12   0x08001b12   0x00000002   PAD
    0x08001b14   0x08001b14   0x00000060   Code   RO          317    .text.UARTEx_SetNbDataToProcess  stm32wlxx_hal_uart_ex.o
    0x08001b74   0x08001b74   0x000000cc   Code   RO          147    .text.UART_AdvFeatureConfig  stm32wlxx_hal_uart.o
    0x08001c40   0x08001c40   0x00000074   Code   RO          149    .text.UART_CheckIdleState  stm32wlxx_hal_uart.o
    0x08001cb4   0x08001cb4   0x00000290   Code   RO          145    .text.UART_SetConfig  stm32wlxx_hal_uart.o
    0x08001f44   0x08001f44   0x000000ee   Code   RO          163    .text.UART_WaitOnFlagUntilTimeout  stm32wlxx_hal_uart.o
    0x08002032   0x08002032   0x00000002   PAD
    0x08002034   0x08002034   0x00000002   Code   RO           84    .text.UsageFault_Handler  stm32wlxx_it.o
    0x08002036   0x08002036   0x00000002   PAD
    0x08002038   0x08002038   0x00000010   Code   RO          978    .text.__NVIC_GetPriorityGrouping  stm32wlxx_hal_cortex.o
    0x08002048   0x08002048   0x00000022   Code   RO          980    .text.__NVIC_SetPriority  stm32wlxx_hal_cortex.o
    0x0800206a   0x0800206a   0x00000002   PAD
    0x0800206c   0x0800206c   0x0000000e   Code   RO         2581    .text.__NVIC_SetPriority  port_c.o
    0x0800207a   0x0800207a   0x00000002   PAD
    0x0800207c   0x0800207c   0x00000020   Code   RO          974    .text.__NVIC_SetPriorityGrouping  stm32wlxx_hal_cortex.o
    0x0800209c   0x0800209c   0x0000000e   Code   RO         1776    .text.__ffs         tos_mmheap.o
    0x080020aa   0x080020aa   0x00000002   PAD
    0x080020ac   0x080020ac   0x0000000a   Code   RO         1772    .text.__fls         tos_mmheap.o
    0x080020b6   0x080020b6   0x00000002   PAD
    0x080020b8   0x080020b8   0x0000000a   Code   RO         1851    .text._list_add     tos_mutex.o
    0x080020c2   0x080020c2   0x00000002   PAD
    0x080020c4   0x080020c4   0x0000000a   Code   RO         1912    .text._list_add     tos_pend.o
    0x080020ce   0x080020ce   0x00000002   PAD
    0x080020d0   0x080020d0   0x0000000a   Code   RO         2168    .text._list_add     tos_sched.o
    0x080020da   0x080020da   0x00000002   PAD
    0x080020dc   0x080020dc   0x0000000a   Code   RO         2392    .text._list_add     tos_task.o
    0x080020e6   0x080020e6   0x00000002   PAD
    0x080020e8   0x080020e8   0x0000000a   Code   RO         2435    .text._list_add     tos_tick.o
    0x080020f2   0x080020f2   0x00000002   PAD
    0x080020f4   0x080020f4   0x0000000a   Code   RO         2533    .text._list_add     tos_timer.o
    0x080020fe   0x080020fe   0x00000002   PAD
    0x08002100   0x08002100   0x00000006   Code   RO         1847    .text._list_del     tos_mutex.o
    0x08002106   0x08002106   0x00000002   PAD
    0x08002108   0x08002108   0x00000006   Code   RO         1906    .text._list_del     tos_pend.o
    0x0800210e   0x0800210e   0x00000002   PAD
    0x08002110   0x08002110   0x00000006   Code   RO         2170    .text._list_del     tos_sched.o
    0x08002116   0x08002116   0x00000002   PAD
    0x08002118   0x08002118   0x00000006   Code   RO         2398    .text._list_del     tos_task.o
    0x0800211e   0x0800211e   0x00000002   PAD
    0x08002120   0x08002120   0x00000006   Code   RO         2439    .text._list_del     tos_tick.o
    0x08002126   0x08002126   0x00000002   PAD
    0x08002128   0x08002128   0x00000006   Code   RO         2527    .text._list_del     tos_timer.o
    0x0800212e   0x0800212e   0x00000002   PAD
    0x08002130   0x08002130   0x00000008   Code   RO         2172    .text._list_del_node  tos_sched.o
    0x08002138   0x08002138   0x0000001e   Code   RO         1690    .text.adjust_request_size  tos_mmheap.o
    0x08002156   0x08002156   0x00000002   PAD
    0x08002158   0x08002158   0x00000006   Code   RO         1734    .text.align_down    tos_mmheap.o
    0x0800215e   0x0800215e   0x00000002   PAD
    0x08002160   0x08002160   0x0000000a   Code   RO         1702    .text.align_ptr     tos_mmheap.o
    0x0800216a   0x0800216a   0x00000002   PAD
    0x0800216c   0x0800216c   0x0000000a   Code   RO         1766    .text.align_up      tos_mmheap.o
    0x08002176   0x08002176   0x00000002   PAD
    0x08002178   0x08002178   0x0000001c   Code   RO         1790    .text.blk_absorb    tos_mmheap.o
    0x08002194   0x08002194   0x00000018   Code   RO         1780    .text.blk_can_split  tos_mmheap.o
    0x080021ac   0x080021ac   0x00000004   Code   RO         1708    .text.blk_from_ptr  tos_mmheap.o
    0x080021b0   0x080021b0   0x00000020   Code   RO         1716    .text.blk_insert    tos_mmheap.o
    0x080021d0   0x080021d0   0x00000008   Code   RO         1724    .text.blk_is_free   tos_mmheap.o
    0x080021d8   0x080021d8   0x0000000e   Code   RO         1762    .text.blk_is_last   tos_mmheap.o
    0x080021e6   0x080021e6   0x00000002   PAD
    0x080021e8   0x080021e8   0x00000008   Code   RO         1784    .text.blk_is_prev_free  tos_mmheap.o
    0x080021f0   0x080021f0   0x0000000c   Code   RO         1744    .text.blk_link_next  tos_mmheap.o
    0x080021fc   0x080021fc   0x0000003e   Code   RO         1692    .text.blk_locate_free  tos_mmheap.o
    0x0800223a   0x0800223a   0x00000002   PAD
    0x0800223c   0x0800223c   0x00000016   Code   RO         1710    .text.blk_mark_as_free  tos_mmheap.o
    0x08002252   0x08002252   0x00000002   PAD
    0x08002254   0x08002254   0x00000016   Code   RO         1726    .text.blk_mark_as_used  tos_mmheap.o
    0x0800226a   0x0800226a   0x00000002   PAD
    0x0800226c   0x0800226c   0x00000028   Code   RO         1714    .text.blk_merge_next  tos_mmheap.o
    0x08002294   0x08002294   0x00000028   Code   RO         1712    .text.blk_merge_prev  tos_mmheap.o
    0x080022bc   0x080022bc   0x0000001c   Code   RO         1720    .text.blk_next      tos_mmheap.o
    0x080022d8   0x080022d8   0x00000022   Code   RO         1694    .text.blk_prepare_used  tos_mmheap.o
    0x080022fa   0x080022fa   0x00000002   PAD
    0x080022fc   0x080022fc   0x00000004   Code   RO         1786    .text.blk_prev      tos_mmheap.o
    0x08002300   0x08002300   0x00000020   Code   RO         1788    .text.blk_remove    tos_mmheap.o
    0x08002320   0x08002320   0x0000005c   Code   RO         1770    .text.blk_search_suitable  tos_mmheap.o
    0x0800237c   0x0800237c   0x0000000a   Code   RO         1740    .text.blk_set_free  tos_mmheap.o
    0x08002386   0x08002386   0x00000002   PAD
    0x08002388   0x08002388   0x0000000a   Code   RO         1748    .text.blk_set_prev_free  tos_mmheap.o
    0x08002392   0x08002392   0x00000002   PAD
    0x08002394   0x08002394   0x0000000a   Code   RO         1742    .text.blk_set_prev_used  tos_mmheap.o
    0x0800239e   0x0800239e   0x00000002   PAD
    0x080023a0   0x080023a0   0x0000000c   Code   RO         1738    .text.blk_set_size  tos_mmheap.o
    0x080023ac   0x080023ac   0x0000000a   Code   RO         1746    .text.blk_set_used  tos_mmheap.o
    0x080023b6   0x080023b6   0x00000002   PAD
    0x080023b8   0x080023b8   0x00000008   Code   RO         1722    .text.blk_size      tos_mmheap.o
    0x080023c0   0x080023c0   0x0000003c   Code   RO         1782    .text.blk_split     tos_mmheap.o
    0x080023fc   0x080023fc   0x00000004   Code   RO         1700    .text.blk_to_ptr    tos_mmheap.o
    0x08002400   0x08002400   0x00000030   Code   RO         1778    .text.blk_trim_free  tos_mmheap.o
    0x08002430   0x08002430   0x00000034   Code   RO         1704    .text.blk_trim_free_leading  tos_mmheap.o
    0x08002464   0x08002464   0x0000002c   Code   RO         1728    .text.blk_trim_used  tos_mmheap.o
    0x08002490   0x08002490   0x00000004   Code   RO         2615    .text.cpu_context_switch  tos_cpu.o
    0x08002494   0x08002494   0x00000030   Code   RO         2607    .text.cpu_init      tos_cpu.o
    0x080024c4   0x080024c4   0x00000004   Code   RO         2617    .text.cpu_irq_context_switch  tos_cpu.o
    0x080024c8   0x080024c8   0x00000006   Code   RO         2613    .text.cpu_sched_start  tos_cpu.o
    0x080024ce   0x080024ce   0x00000002   PAD
    0x080024d0   0x080024d0   0x00000014   Code   RO         2609    .text.cpu_systick_init  tos_cpu.o
    0x080024e4   0x080024e4   0x00000080   Code   RO         2619    .text.cpu_task_stk_init  tos_cpu.o
    0x08002564   0x08002564   0x00000074   Code   RO         2556    .text.cpu_tlib_kernel_stk_init  tos_tlib.o
    0x080025d8   0x080025d8   0x00000086   Code   RO         1541    .text.event_do_post  tos_event.o
    0x0800265e   0x0800265e   0x00000002   PAD
    0x08002660   0x08002660   0x0000002c   Code   RO         1537    .text.event_is_match  tos_event.o
    0x0800268c   0x0800268c   0x00000044   Code   RO         2558    .text.find_pid      tos_tlib.o
    0x080026d0   0x080026d0   0x00000054   Code   RO         2554    .text.find_set_pid  tos_tlib.o
    0x08002724   0x08002724   0x00000020   Code   RO          112    .text.fputc         stdio.o
    0x08002744   0x08002744   0x0000004a   Code   RO         2552    .text.free_pid      tos_tlib.o
    0x0800278e   0x0800278e   0x00000002   PAD
    0x08002790   0x08002790   0x0000000c   Code   RO         1774    .text.generic_fls   tos_mmheap.o
    0x0800279c   0x0800279c   0x00000042   Code   RO         1792    .text.insert_free_block  tos_mmheap.o
    0x080027de   0x080027de   0x00000002   PAD
    0x080027e0   0x080027e0   0x0000000a   Code   RO         2293    .text.knl_idle_entry  tos_sys.o
    0x080027ea   0x080027ea   0x00000002   PAD
    0x080027ec   0x080027ec   0x00000048   Code   RO         2269    .text.knl_idle_init  tos_sys.o
    0x08002834   0x08002834   0x00000012   Code   RO         2291    .text.knl_is_idle   tos_sys.o
    0x08002846   0x08002846   0x00000002   PAD
    0x08002848   0x08002848   0x00000012   Code   RO         2277    .text.knl_is_inirq  tos_sys.o
    0x0800285a   0x0800285a   0x00000002   PAD
    0x0800285c   0x0800285c   0x00000012   Code   RO         2279    .text.knl_is_sched_locked  tos_sys.o
    0x0800286e   0x0800286e   0x00000002   PAD
    0x08002870   0x08002870   0x00000014   Code   RO         2281    .text.knl_is_self   tos_sys.o
    0x08002884   0x08002884   0x0000000c   Code   RO         2340    .text.knl_object_alloc_is_dynamic  tos_task.o
    0x08002890   0x08002890   0x0000000c   Code   RO         1521    .text.knl_object_alloc_is_static  tos_event.o
    0x0800289c   0x0800289c   0x0000000c   Code   RO         1821    .text.knl_object_alloc_is_static  tos_mutex.o
    0x080028a8   0x080028a8   0x0000000c   Code   RO         2197    .text.knl_object_alloc_is_static  tos_sem.o
    0x080028b4   0x080028b4   0x0000000c   Code   RO         2324    .text.knl_object_alloc_is_static  tos_task.o
    0x080028c0   0x080028c0   0x00000006   Code   RO         1525    .text.knl_object_alloc_reset  tos_event.o
    0x080028c6   0x080028c6   0x00000002   PAD
    0x080028c8   0x080028c8   0x00000006   Code   RO         1825    .text.knl_object_alloc_reset  tos_mutex.o
    0x080028ce   0x080028ce   0x00000002   PAD
    0x080028d0   0x080028d0   0x00000006   Code   RO         2201    .text.knl_object_alloc_reset  tos_sem.o
    0x080028d6   0x080028d6   0x00000002   PAD
    0x080028d8   0x080028d8   0x00000006   Code   RO         2386    .text.knl_object_alloc_reset  tos_task.o
    0x080028de   0x080028de   0x00000002   PAD
    0x080028e0   0x080028e0   0x00000006   Code   RO         2336    .text.knl_object_alloc_set_dynamic  tos_task.o
    0x080028e6   0x080028e6   0x00000002   PAD
    0x080028e8   0x080028e8   0x00000006   Code   RO         1515    .text.knl_object_alloc_set_static  tos_event.o
    0x080028ee   0x080028ee   0x00000002   PAD
    0x080028f0   0x080028f0   0x00000006   Code   RO         1815    .text.knl_object_alloc_set_static  tos_mutex.o
    0x080028f6   0x080028f6   0x00000002   PAD
    0x080028f8   0x080028f8   0x00000006   Code   RO         2189    .text.knl_object_alloc_set_static  tos_sem.o
    0x080028fe   0x080028fe   0x00000002   PAD
    0x08002900   0x08002900   0x00000006   Code   RO         2316    .text.knl_object_alloc_set_static  tos_task.o
    0x08002906   0x08002906   0x00000002   PAD
    0x08002908   0x08002908   0x00000006   Code   RO         1523    .text.knl_object_deinit  tos_event.o
    0x0800290e   0x0800290e   0x00000002   PAD
    0x08002910   0x08002910   0x00000006   Code   RO         1823    .text.knl_object_deinit  tos_mutex.o
    0x08002916   0x08002916   0x00000002   PAD
    0x08002918   0x08002918   0x00000006   Code   RO         2199    .text.knl_object_deinit  tos_sem.o
    0x0800291e   0x0800291e   0x00000002   PAD
    0x08002920   0x08002920   0x00000006   Code   RO         2390    .text.knl_object_deinit  tos_task.o
    0x08002926   0x08002926   0x00000002   PAD
    0x08002928   0x08002928   0x00000008   Code   RO         1513    .text.knl_object_init  tos_event.o
    0x08002930   0x08002930   0x00000008   Code   RO         1813    .text.knl_object_init  tos_mutex.o
    0x08002938   0x08002938   0x00000008   Code   RO         2187    .text.knl_object_init  tos_sem.o
    0x08002940   0x08002940   0x00000008   Code   RO         2314    .text.knl_object_init  tos_task.o
    0x08002948   0x08002948   0x00000010   Code   RO         1519    .text.knl_object_verify  tos_event.o
    0x08002958   0x08002958   0x00000010   Code   RO         1819    .text.knl_object_verify  tos_mutex.o
    0x08002968   0x08002968   0x00000010   Code   RO         2195    .text.knl_object_verify  tos_sem.o
    0x08002978   0x08002978   0x00000010   Code   RO         2308    .text.knl_object_verify  tos_task.o
    0x08002988   0x08002988   0x00000044   Code   RO         2287    .text.knl_sched     tos_sys.o
    0x080029cc   0x080029cc   0x0000007c   Code   RO           11    .text.main          main.o
    0x08002a48   0x08002a48   0x0000002a   Code   RO         1754    .text.mapping_insert  tos_mmheap.o
    0x08002a72   0x08002a72   0x00000002   PAD
    0x08002a74   0x08002a74   0x0000002c   Code   RO         1768    .text.mapping_search  tos_mmheap.o
    0x08002aa0   0x08002aa0   0x00000044   Code   RO         1682    .text.mmheap_ctl_init  tos_mmheap.o
    0x08002ae4   0x08002ae4   0x00000016   Code   RO         1684    .text.mmheap_init_with_pool  tos_mmheap.o
    0x08002afa   0x08002afa   0x00000002   PAD
    0x08002afc   0x08002afc   0x00000038   Code   RO         1732    .text.mmheap_pool_is_exist  tos_mmheap.o
    0x08002b34   0x08002b34   0x00000014   Code   RO         1730    .text.mmheap_pool_is_full  tos_mmheap.o
    0x08002b48   0x08002b48   0x00000016   Code   RO         1750    .text.mmheap_pool_record  tos_mmheap.o
    0x08002b5e   0x08002b5e   0x00000002   PAD
    0x08002b60   0x08002b60   0x00000048   Code   RO         1758    .text.mmheap_pool_unrecord  tos_mmheap.o
    0x08002ba8   0x08002ba8   0x00000014   Code   RO         1837    .text.mutex_fresh_owner_mark  tos_mutex.o
    0x08002bbc   0x08002bbc   0x00000022   Code   RO         1843    .text.mutex_new_owner_mark  tos_mutex.o
    0x08002bde   0x08002bde   0x00000002   PAD
    0x08002be0   0x08002be0   0x00000044   Code   RO         1807    .text.mutex_old_owner_release  tos_mutex.o
    0x08002c24   0x08002c24   0x00000014   Code   RO         1805    .text.mutex_release  tos_mutex.o
    0x08002c38   0x08002c38   0x00000004   Code   RO         1736    .text.offset_to_blk  tos_mmheap.o
    0x08002c3c   0x08002c3c   0x00000016   Code   RO         1864    .text.pend_highest_pending_prio_get  tos_pend.o
    0x08002c52   0x08002c52   0x00000002   PAD
    0x08002c54   0x08002c54   0x00000006   Code   RO         1868    .text.pend_highest_pending_task_get  tos_pend.o
    0x08002c5a   0x08002c5a   0x00000002   PAD
    0x08002c5c   0x08002c5c   0x00000004   Code   RO         1882    .text.pend_is_nopending  tos_pend.o
    0x08002c60   0x08002c60   0x00000032   Code   RO         1886    .text.pend_list_add  tos_pend.o
    0x08002c92   0x08002c92   0x00000002   PAD
    0x08002c94   0x08002c94   0x00000018   Code   RO         1884    .text.pend_list_adjust  tos_pend.o
    0x08002cac   0x08002cac   0x0000001a   Code   RO         1870    .text.pend_list_remove  tos_pend.o
    0x08002cc6   0x08002cc6   0x00000002   PAD
    0x08002cc8   0x08002cc8   0x00000004   Code   RO         1880    .text.pend_object_deinit  tos_pend.o
    0x08002ccc   0x08002ccc   0x00000004   Code   RO         1876    .text.pend_object_init  tos_pend.o
    0x08002cd0   0x08002cd0   0x00000030   Code   RO         1888    .text.pend_state2errno  tos_pend.o
    0x08002d00   0x08002d00   0x0000003a   Code   RO         1898    .text.pend_task_block  tos_pend.o
    0x08002d3a   0x08002d3a   0x00000002   PAD
    0x08002d3c   0x08002d3c   0x0000003c   Code   RO         1890    .text.pend_task_wakeup  tos_pend.o
    0x08002d78   0x08002d78   0x0000000c   Code   RO         1904    .text.pend_wakeup   tos_pend.o
    0x08002d84   0x08002d84   0x00000022   Code   RO         1902    .text.pend_wakeup_all  tos_pend.o
    0x08002da6   0x08002da6   0x00000002   PAD
    0x08002da8   0x08002da8   0x00000008   Code   RO         1900    .text.pend_wakeup_one  tos_pend.o
    0x08002db0   0x08002db0   0x00000014   Code   RO         2548    .text.pid_to_tcb    tos_tlib.o
    0x08002dc4   0x08002dc4   0x00000004   Code   RO         2575    .text.port_systick_config  port_c.o
    0x08002dc8   0x08002dc8   0x00000004   Code   RO         2579    .text.port_systick_priority_set  port_c.o
    0x08002dcc   0x08002dcc   0x0000001e   Code   RO         2152    .text.readyqueue_add  tos_sched.o
    0x08002dea   0x08002dea   0x00000002   PAD
    0x08002dec   0x08002dec   0x00000032   Code   RO         2142    .text.readyqueue_add_head  tos_sched.o
    0x08002e1e   0x08002e1e   0x00000002   PAD
    0x08002e20   0x08002e20   0x00000032   Code   RO         2148    .text.readyqueue_add_tail  tos_sched.o
    0x08002e52   0x08002e52   0x00000002   PAD
    0x08002e54   0x08002e54   0x00000020   Code   RO         2132    .text.readyqueue_first_task_get  tos_sched.o
    0x08002e74   0x08002e74   0x00000014   Code   RO         2136    .text.readyqueue_highest_ready_task_get  tos_sched.o
    0x08002e88   0x08002e88   0x00000026   Code   RO         2138    .text.readyqueue_init  tos_sched.o
    0x08002eae   0x08002eae   0x00000002   PAD
    0x08002eb0   0x08002eb0   0x0000001c   Code   RO         2130    .text.readyqueue_is_prio_onlyone  tos_sched.o
    0x08002ecc   0x08002ecc   0x00000026   Code   RO         2162    .text.readyqueue_move_head_to_tail  tos_sched.o
    0x08002ef2   0x08002ef2   0x00000002   PAD
    0x08002ef4   0x08002ef4   0x0000002e   Code   RO         2160    .text.readyqueue_prio_highest_get  tos_sched.o
    0x08002f22   0x08002f22   0x00000002   PAD
    0x08002f24   0x08002f24   0x00000022   Code   RO         2166    .text.readyqueue_prio_insert  tos_sched.o
    0x08002f46   0x08002f46   0x00000002   PAD
    0x08002f48   0x08002f48   0x0000001e   Code   RO         2144    .text.readyqueue_prio_mark  tos_sched.o
    0x08002f66   0x08002f66   0x00000002   PAD
    0x08002f68   0x08002f68   0x00000024   Code   RO         2158    .text.readyqueue_prio_remove  tos_sched.o
    0x08002f8c   0x08002f8c   0x00000046   Code   RO         2154    .text.readyqueue_remove  tos_sched.o
    0x08002fd2   0x08002fd2   0x00000002   PAD
    0x08002fd4   0x08002fd4   0x0000005e   Code   RO         1756    .text.remove_free_block  tos_mmheap.o
    0x08003032   0x08003032   0x00000002   PAD
    0x08003034   0x08003034   0x0000007e   Code   RO         2078    .text.robin_sched   tos_robin.o
    0x080030b2   0x080030b2   0x00000002   PAD
    0x080030b4   0x080030b4   0x0000006e   Code   RO         2215    .text.sem_do_post   tos_sem.o
    0x08003122   0x08003122   0x00000002   PAD
    0x08003124   0x08003124   0x00000004   Code   RO         2521    .text.soft_timer_init  tos_timer.o
    0x08003128   0x08003128   0x00000090   Code   RO         2519    .text.soft_timer_update  tos_timer.o
    0x080031b8   0x080031b8   0x0000001a   Code   RO         1259    .text.syscall_cancle_delay  tlib.o
    0x080031d2   0x080031d2   0x00000002   PAD
    0x080031d4   0x080031d4   0x00000018   Code   RO         1257    .text.syscall_delay  tlib.o
    0x080031ec   0x080031ec   0x0000000a   Code   RO         1307    .text.syscall_event_create  tlib.o
    0x080031f6   0x080031f6   0x00000002   PAD
    0x080031f8   0x080031f8   0x00000004   Code   RO         1309    .text.syscall_event_destroy  tlib.o
    0x080031fc   0x080031fc   0x00000020   Code   RO         1311    .text.syscall_event_pend  tlib.o
    0x0800321c   0x0800321c   0x0000000a   Code   RO         1313    .text.syscall_event_post  tlib.o
    0x08003226   0x08003226   0x00000002   PAD
    0x08003228   0x08003228   0x0000017e   Code   RO         1249    .text.syscall_kernel  tlib.o
    0x080033a6   0x080033a6   0x00000002   PAD
    0x080033a8   0x080033a8   0x0000019c   Code   RO         1315    .text.syscall_kernel_knl  tlib.o
    0x08003544   0x08003544   0x0000000a   Code   RO         1271    .text.syscall_mmheap_add  tlib.o
    0x0800354e   0x0800354e   0x00000002   PAD
    0x08003550   0x08003550   0x0000001a   Code   RO         1275    .text.syscall_mmheap_aloc  tlib.o
    0x0800356a   0x0800356a   0x00000002   PAD
    0x0800356c   0x0800356c   0x0000001c   Code   RO         1277    .text.syscall_mmheap_aloc_align  tlib.o
    0x08003588   0x08003588   0x00000004   Code   RO         1281    .text.syscall_mmheap_free  tlib.o
    0x0800358c   0x0800358c   0x0000000a   Code   RO         1283    .text.syscall_mmheap_pool_chk  tlib.o
    0x08003596   0x08003596   0x00000002   PAD
    0x08003598   0x08003598   0x0000001c   Code   RO         1279    .text.syscall_mmheap_realloc  tlib.o
    0x080035b4   0x080035b4   0x00000004   Code   RO         1273    .text.syscall_mmheap_rmv  tlib.o
    0x080035b8   0x080035b8   0x00000004   Code   RO         1285    .text.syscall_mutex_create  tlib.o
    0x080035bc   0x080035bc   0x00000004   Code   RO         1287    .text.syscall_mutex_destory  tlib.o
    0x080035c0   0x080035c0   0x00000004   Code   RO         1289    .text.syscall_mutex_pend  tlib.o
    0x080035c4   0x080035c4   0x0000000c   Code   RO         1291    .text.syscall_mutex_pend_timed  tlib.o
    0x080035d0   0x080035d0   0x00000004   Code   RO         1293    .text.syscall_mutex_post  tlib.o
    0x080035d4   0x080035d4   0x0000002e   Code   RO         1269    .text.syscall_prio_chg  tlib.o
    0x08003602   0x08003602   0x00000002   PAD
    0x08003604   0x08003604   0x00000028   Code   RO         1267    .text.syscall_resume  tlib.o
    0x0800362c   0x0800362c   0x00000004   Code   RO         1263    .text.syscall_sched_lock  tlib.o
    0x08003630   0x08003630   0x00000004   Code   RO         1265    .text.syscall_sched_unlock  tlib.o
    0x08003634   0x08003634   0x00000008   Code   RO         1295    .text.syscall_sem_create  tlib.o
    0x0800363c   0x0800363c   0x0000000a   Code   RO         1297    .text.syscall_sem_create_max  tlib.o
    0x08003646   0x08003646   0x00000002   PAD
    0x08003648   0x08003648   0x00000004   Code   RO         1299    .text.syscall_sem_destory  tlib.o
    0x0800364c   0x0800364c   0x0000000c   Code   RO         1301    .text.syscall_sem_pend  tlib.o
    0x08003658   0x08003658   0x00000004   Code   RO         1303    .text.syscall_sem_post  tlib.o
    0x0800365c   0x0800365c   0x00000004   Code   RO         1305    .text.syscall_sem_post_all  tlib.o
    0x08003660   0x08003660   0x0000002a   Code   RO         1261    .text.syscall_suspend  tlib.o
    0x0800368a   0x0800368a   0x00000002   PAD
    0x0800368c   0x0800368c   0x00000028   Code   RO         1251    .text.syscall_task_create  tlib.o
    0x080036b4   0x080036b4   0x00000010   Code   RO         1255    .text.syscall_task_getpid  tlib.o
    0x080036c4   0x080036c4   0x00000006   Code   RO         1253    .text.syscall_task_remove  tlib.o
    0x080036ca   0x080036ca   0x00000002   PAD
    0x080036cc   0x080036cc   0x00000004   Code   RO         1317    .text.syscall_yield  tlib.o
    0x080036d0   0x080036d0   0x00000086   Code   RO         2326    .text.task_do_destroy  tos_task.o
    0x08003756   0x08003756   0x00000002   PAD
    0x08003758   0x08003758   0x00000006   Code   RO         2318    .text.task_exit     tos_task.o
    0x0800375e   0x0800375e   0x00000002   PAD
    0x08003760   0x08003760   0x00000024   Code   RO         2332    .text.task_free     tos_task.o
    0x08003784   0x08003784   0x0000003a   Code   RO         2328    .text.task_free_all  tos_task.o
    0x080037be   0x080037be   0x00000002   PAD
    0x080037c0   0x080037c0   0x0000002a   Code   RO         2354    .text.task_highest_pending_prio_get  tos_task.o
    0x080037ea   0x080037ea   0x00000002   PAD
    0x080037ec   0x080037ec   0x00000020   Code   RO         2394    .text.task_mutex_release  tos_task.o
    0x0800380c   0x0800380c   0x0000005c   Code   RO         2310    .text.task_reset    tos_task.o
    0x08003868   0x08003868   0x0000000a   Code   RO         1892    .text.task_state_is_pending  tos_pend.o
    0x08003872   0x08003872   0x00000002   PAD
    0x08003874   0x08003874   0x0000000a   Code   RO         2356    .text.task_state_is_pending  tos_task.o
    0x0800387e   0x0800387e   0x00000002   PAD
    0x08003880   0x08003880   0x0000000c   Code   RO         2360    .text.task_state_is_ready  tos_task.o
    0x0800388c   0x0800388c   0x0000000a   Code   RO         1894    .text.task_state_is_sleeping  tos_pend.o
    0x08003896   0x08003896   0x00000002   PAD
    0x08003898   0x08003898   0x0000000a   Code   RO         2358    .text.task_state_is_sleeping  tos_task.o
    0x080038a2   0x080038a2   0x00000002   PAD
    0x080038a4   0x080038a4   0x0000000a   Code   RO         1896    .text.task_state_is_suspended  tos_pend.o
    0x080038ae   0x080038ae   0x00000002   PAD
    0x080038b0   0x080038b0   0x0000000a   Code   RO         2368    .text.task_state_is_suspended  tos_task.o
    0x080038ba   0x080038ba   0x00000002   PAD
    0x080038bc   0x080038bc   0x0000000e   Code   RO         1874    .text.task_state_reset_pending  tos_pend.o
    0x080038ca   0x080038ca   0x00000002   PAD
    0x080038cc   0x080038cc   0x0000000e   Code   RO         2423    .text.task_state_reset_sleeping  tos_tick.o
    0x080038da   0x080038da   0x00000002   PAD
    0x080038dc   0x080038dc   0x0000000e   Code   RO         2370    .text.task_state_reset_suspended  tos_task.o
    0x080038ea   0x080038ea   0x00000002   PAD
    0x080038ec   0x080038ec   0x00000008   Code   RO         2396    .text.task_state_set_deleted  tos_task.o
    0x080038f4   0x080038f4   0x0000000e   Code   RO         1910    .text.task_state_set_pend  tos_pend.o
    0x08003902   0x08003902   0x00000002   PAD
    0x08003904   0x08003904   0x00000008   Code   RO         2320    .text.task_state_set_ready  tos_task.o
    0x0800390c   0x0800390c   0x0000000e   Code   RO         2417    .text.task_state_set_sleeping  tos_tick.o
    0x0800391a   0x0800391a   0x00000002   PAD
    0x0800391c   0x0800391c   0x0000000e   Code   RO         2364    .text.task_state_set_suspended  tos_task.o
    0x0800392a   0x0800392a   0x00000002   PAD
    0x0800392c   0x0800392c   0x00000012   Code   RO         2413    .text.tick_list_add  tos_tick.o
    0x0800393e   0x0800393e   0x00000002   PAD
    0x08003940   0x08003940   0x00000012   Code   RO         2419    .text.tick_list_remove  tos_tick.o
    0x08003952   0x08003952   0x00000002   PAD
    0x08003954   0x08003954   0x0000009e   Code   RO         2415    .text.tick_task_place  tos_tick.o
    0x080039f2   0x080039f2   0x00000002   PAD
    0x080039f4   0x080039f4   0x0000006a   Code   RO         2421    .text.tick_task_takeoff  tos_tick.o
    0x08003a5e   0x08003a5e   0x00000002   PAD
    0x08003a60   0x08003a60   0x0000007e   Code   RO         2425    .text.tick_update   tos_tick.o
    0x08003ade   0x08003ade   0x00000002   PAD
    0x08003ae0   0x08003ae0   0x0000007a   Code   RO         2507    .text.timer_place   tos_timer.o
    0x08003b5a   0x08003b5a   0x00000002   PAD
    0x08003b5c   0x08003b5c   0x00000050   Code   RO         2491    .text.timer_takeoff  tos_timer.o
    0x08003bac   0x08003bac   0x0000003a   Code   RO         2546    .text.tlib_init     tos_tlib.o
    0x08003be6   0x08003be6   0x00000002   PAD
    0x08003be8   0x08003be8   0x00000004   Code   RO         2597    .text.tos_cpu_clz   tos_cpu.o
    0x08003bec   0x08003bec   0x00000004   Code   RO         2605    .text.tos_cpu_cpsr_restore  tos_cpu.o
    0x08003bf0   0x08003bf0   0x00000004   Code   RO         2603    .text.tos_cpu_cpsr_save  tos_cpu.o
    0x08003bf4   0x08003bf4   0x00000028   Code   RO         1511    .text.tos_event_create  tos_event.o
    0x08003c1c   0x08003c1c   0x00000060   Code   RO         1517    .text.tos_event_destroy  tos_event.o
    0x08003c7c   0x08003c7c   0x000000e2   Code   RO         1535    .text.tos_event_pend  tos_event.o
    0x08003d5e   0x08003d5e   0x00000002   PAD
    0x08003d60   0x08003d60   0x00000006   Code   RO         1539    .text.tos_event_post  tos_event.o
    0x08003d66   0x08003d66   0x00000002   PAD
    0x08003d68   0x08003d68   0x00000034   Code   RO         2267    .text.tos_knl_init  tos_sys.o
    0x08003d9c   0x08003d9c   0x00000020   Code   RO         2271    .text.tos_knl_irq_enter  tos_sys.o
    0x08003dbc   0x08003dbc   0x00000056   Code   RO         2275    .text.tos_knl_irq_leave  tos_sys.o
    0x08003e12   0x08003e12   0x00000002   PAD
    0x08003e14   0x08003e14   0x00000014   Code   RO         2273    .text.tos_knl_is_running  tos_sys.o
    0x08003e28   0x08003e28   0x0000004e   Code   RO         2283    .text.tos_knl_sched_lock  tos_sys.o
    0x08003e76   0x08003e76   0x00000002   PAD
    0x08003e78   0x08003e78   0x00000054   Code   RO         2285    .text.tos_knl_sched_unlock  tos_sys.o
    0x08003ecc   0x08003ecc   0x0000003e   Code   RO         2289    .text.tos_knl_start  tos_sys.o
    0x08003f0a   0x08003f0a   0x00000002   PAD
    0x08003f0c   0x08003f0c   0x00000006   Code   RO         1849    .text.tos_list_add  tos_mutex.o
    0x08003f12   0x08003f12   0x00000002   PAD
    0x08003f14   0x08003f14   0x00000006   Code   RO         2146    .text.tos_list_add  tos_sched.o
    0x08003f1a   0x08003f1a   0x00000002   PAD
    0x08003f1c   0x08003f1c   0x00000006   Code   RO         2312    .text.tos_list_add  tos_task.o
    0x08003f22   0x08003f22   0x00000002   PAD
    0x08003f24   0x08003f24   0x00000008   Code   RO         1908    .text.tos_list_add_tail  tos_pend.o
    0x08003f2c   0x08003f2c   0x00000008   Code   RO         2150    .text.tos_list_add_tail  tos_sched.o
    0x08003f34   0x08003f34   0x00000008   Code   RO         2433    .text.tos_list_add_tail  tos_tick.o
    0x08003f3c   0x08003f3c   0x00000008   Code   RO         2531    .text.tos_list_add_tail  tos_timer.o
    0x08003f44   0x08003f44   0x00000008   Code   RO         1845    .text.tos_list_del  tos_mutex.o
    0x08003f4c   0x08003f4c   0x00000008   Code   RO         1872    .text.tos_list_del  tos_pend.o
    0x08003f54   0x08003f54   0x00000008   Code   RO         2156    .text.tos_list_del  tos_sched.o
    0x08003f5c   0x08003f5c   0x00000008   Code   RO         2330    .text.tos_list_del  tos_task.o
    0x08003f64   0x08003f64   0x00000008   Code   RO         2437    .text.tos_list_del  tos_tick.o
    0x08003f6c   0x08003f6c   0x00000008   Code   RO         2523    .text.tos_list_del  tos_timer.o
    0x08003f74   0x08003f74   0x0000000c   Code   RO         1866    .text.tos_list_empty  tos_pend.o
    0x08003f80   0x08003f80   0x0000000c   Code   RO         2134    .text.tos_list_empty  tos_sched.o
    0x08003f8c   0x08003f8c   0x0000000c   Code   RO         2352    .text.tos_list_empty  tos_task.o
    0x08003f98   0x08003f98   0x0000000c   Code   RO         2427    .text.tos_list_empty  tos_tick.o
    0x08003fa4   0x08003fa4   0x0000000c   Code   RO         2525    .text.tos_list_empty  tos_timer.o
    0x08003fb0   0x08003fb0   0x00000006   Code   RO         1811    .text.tos_list_init  tos_mutex.o
    0x08003fb6   0x08003fb6   0x00000002   PAD
    0x08003fb8   0x08003fb8   0x00000006   Code   RO         1878    .text.tos_list_init  tos_pend.o
    0x08003fbe   0x08003fbe   0x00000002   PAD
    0x08003fc0   0x08003fc0   0x00000006   Code   RO         2140    .text.tos_list_init  tos_sched.o
    0x08003fc6   0x08003fc6   0x00000002   PAD
    0x08003fc8   0x08003fc8   0x00000006   Code   RO         2388    .text.tos_list_init  tos_task.o
    0x08003fce   0x08003fce   0x00000002   PAD
    0x08003fd0   0x08003fd0   0x00000016   Code   RO         2164    .text.tos_list_move_tail  tos_sched.o
    0x08003fe6   0x08003fe6   0x00000002   PAD
    0x08003fe8   0x08003fe8   0x0000007a   Code   RO         1698    .text.tos_mmheap_aligned_alloc  tos_mmheap.o
    0x08004062   0x08004062   0x00000002   PAD
    0x08004064   0x08004064   0x00000024   Code   RO         1688    .text.tos_mmheap_alloc  tos_mmheap.o
    0x08004088   0x08004088   0x0000001c   Code   RO         1696    .text.tos_mmheap_calloc  tos_mmheap.o
    0x080040a4   0x080040a4   0x00000024   Code   RO         1706    .text.tos_mmheap_free  tos_mmheap.o
    0x080040c8   0x080040c8   0x000000a4   Code   RO         1686    .text.tos_mmheap_pool_add  tos_mmheap.o
    0x0800416c   0x0800416c   0x0000005e   Code   RO         1760    .text.tos_mmheap_pool_check  tos_mmheap.o
    0x080041ca   0x080041ca   0x00000002   PAD
    0x080041cc   0x080041cc   0x00000052   Code   RO         1752    .text.tos_mmheap_pool_rmv  tos_mmheap.o
    0x0800421e   0x0800421e   0x00000002   PAD
    0x08004220   0x08004220   0x000000a8   Code   RO         1718    .text.tos_mmheap_realloc  tos_mmheap.o
    0x080042c8   0x080042c8   0x00000044   Code   RO         1809    .text.tos_mutex_create  tos_mutex.o
    0x0800430c   0x0800430c   0x0000007e   Code   RO         1817    .text.tos_mutex_destroy  tos_mutex.o
    0x0800438a   0x0800438a   0x00000002   PAD
    0x0800438c   0x0800438c   0x0000000c   Code   RO         1839    .text.tos_mutex_pend  tos_mutex.o
    0x08004398   0x08004398   0x0000010c   Code   RO         1835    .text.tos_mutex_pend_timed  tos_mutex.o
    0x080044a4   0x080044a4   0x000000a6   Code   RO         1841    .text.tos_mutex_post  tos_mutex.o
    0x0800454a   0x0800454a   0x00000002   PAD
    0x0800454c   0x0800454c   0x00000008   Code   RO         2191    .text.tos_sem_create  tos_sem.o
    0x08004554   0x08004554   0x00000030   Code   RO         2185    .text.tos_sem_create_max  tos_sem.o
    0x08004584   0x08004584   0x0000006a   Code   RO         2193    .text.tos_sem_destroy  tos_sem.o
    0x080045ee   0x080045ee   0x00000002   PAD
    0x080045f0   0x080045f0   0x000000b6   Code   RO         2219    .text.tos_sem_pend  tos_sem.o
    0x080046a6   0x080046a6   0x00000002   PAD
    0x080046a8   0x080046a8   0x00000006   Code   RO         2213    .text.tos_sem_post  tos_sem.o
    0x080046ae   0x080046ae   0x00000002   PAD
    0x080046b0   0x080046b0   0x00000006   Code   RO         2217    .text.tos_sem_post_all  tos_sem.o
    0x080046b6   0x080046b6   0x00000002   PAD
    0x080046b8   0x080046b8   0x0000012c   Code   RO         2306    .text.tos_task_create  tos_task.o
    0x080047e4   0x080047e4   0x000000ae   Code   RO         2344    .text.tos_task_create_dyn_tlib  tos_task.o
    0x08004892   0x08004892   0x00000002   PAD
    0x08004894   0x08004894   0x00000132   Code   RO         2342    .text.tos_task_create_tlib  tos_task.o
    0x080049c6   0x080049c6   0x00000002   PAD
    0x080049c8   0x080049c8   0x0000006a   Code   RO         2372    .text.tos_task_delay  tos_task.o
    0x08004a32   0x08004a32   0x00000002   PAD
    0x08004a34   0x08004a34   0x00000088   Code   RO         2374    .text.tos_task_delay_abort  tos_task.o
    0x08004abc   0x08004abc   0x0000006a   Code   RO         2322    .text.tos_task_destroy  tos_task.o
    0x08004b26   0x08004b26   0x00000002   PAD
    0x08004b28   0x08004b28   0x000000a2   Code   RO         2338    .text.tos_task_destroy_dyn  tos_task.o
    0x08004bca   0x08004bca   0x00000002   PAD
    0x08004bcc   0x08004bcc   0x0000002a   Code   RO         2346    .text.tos_task_destroy_dyn_tlib  tos_task.o
    0x08004bf6   0x08004bf6   0x00000002   PAD
    0x08004bf8   0x08004bf8   0x000000d4   Code   RO         2350    .text.tos_task_prio_change  tos_task.o
    0x08004ccc   0x08004ccc   0x00000066   Code   RO         2366    .text.tos_task_resume  tos_task.o
    0x08004d32   0x08004d32   0x00000002   PAD
    0x08004d34   0x08004d34   0x0000009e   Code   RO         2362    .text.tos_task_suspend  tos_task.o
    0x08004dd2   0x08004dd2   0x00000002   PAD
    0x08004dd4   0x08004dd4   0x00000034   Code   RO         2348    .text.tos_task_yield  tos_task.o
    0x08004e08   0x08004e08   0x00000032   Code   RO         2431    .text.tos_tick_handler  tos_tick.o
    0x08004e3a   0x08004e3a   0x00000002   PAD
    0x08004e3c   0x08004e3c   0x00000020   Code   RO         2789    i.__0printf$5       mc_w.l(printf5.o)
    0x08004e5c   0x08004e5c   0x0000000e   Code   RO         2957    i.__scatterload_copy  mc_w.l(handlers.o)
    0x08004e6a   0x08004e6a   0x00000002   Code   RO         2958    i.__scatterload_null  mc_w.l(handlers.o)
    0x08004e6c   0x08004e6c   0x0000000e   Code   RO         2959    i.__scatterload_zeroinit  mc_w.l(handlers.o)
    0x08004e7a   0x08004e7a   0x00000002   PAD
    0x08004e7c   0x08004e7c   0x000002c0   Code   RO         2796    i._printf_core      mc_w.l(printf5.o)
    0x0800513c   0x0800513c   0x00000040   Data   RO         1221    .rodata.AHBPrescTable  system_stm32wlxx.o
    0x0800517c   0x0800517c   0x00000020   Data   RO         1222    .rodata.APBPrescTable  system_stm32wlxx.o
    0x0800519c   0x0800519c   0x00000040   Data   RO         1223    .rodata.MSIRangeTable  system_stm32wlxx.o
    0x080051dc   0x080051dc   0x00000006   Data   RO          470    .rodata.RCC_SetFlashLatency.FLASH_CLK_SRC_RANGE_VOS1  stm32wlxx_hal_rcc.o
    0x080051e2   0x080051e2   0x00000006   Data   RO          471    .rodata.RCC_SetFlashLatency.FLASH_CLK_SRC_RANGE_VOS2  stm32wlxx_hal_rcc.o
    0x080051e8   0x080051e8   0x00000018   Data   RO          285    .rodata.UARTPrescTable  stm32wlxx_hal_uart.o
    0x08005200   0x08005200   0x00000004   Data   RO         1563    .rodata.k_idle_task_stk_addr  tos_global.o
    0x08005204   0x08005204   0x00000004   Data   RO         1564    .rodata.k_idle_task_stk_size  tos_global.o
    0x08005208   0x08005208   0x00000040   Data   RO         2955    Region$$Table       anon$$obj.o


    Execution Region RW_IRAM1 (Exec base: 0x20000000, Load base: 0x08005248, Size: 0x00001598, Max: 0x00002000, ABSOLUTE)

    Exec Addr    Load Addr    Size         Type   Attr      Idx    E Section Name        Object

    0x20000000   0x08005248   0x00000004   Data   RW         2931    .data               mc_w.l(stdout.o)
    0x20000004   0x0800524c   0x00000004   Data   RW         1220    .data.SystemCoreClock  system_stm32wlxx.o
    0x20000008   0x08005250   0x00000008   Data   RW         1565    .data.k_cpu_tick_per_second  tos_global.o
    0x20000010   0x08005258   0x00000008   Data   RW         1567    .data.k_dead_task_list  tos_global.o
    0x20000018   0x08005260   0x00000004   Data   RW         1570    .data.k_robin_default_timeslice  tos_global.o
    0x2000001c   0x08005264   0x00000008   Data   RW         1568    .data.k_stat_list   tos_global.o
    0x20000024   0x0800526c   0x00000008   Data   RW         1569    .data.k_tick_list   tos_global.o
    0x2000002c   0x08005274   0x00000004   PAD
    0x20000030   0x08005278   0x00000010   Data   RW         1571    .data.k_timer_ctl   tos_global.o
    0x20000040   0x08005288   0x00000001   Data   RW         1174    .data.uwTickFreq    stm32wlxx_hal.o
    0x20000041   0x08005289   0x00000003   PAD
    0x20000044   0x0800528c   0x00000004   Data   RW         1173    .data.uwTickPrio    stm32wlxx_hal.o
    0x20000048        -       0x00000200   Zero   RW         1576    .bss.TCBS           tos_global.o
    0x20000248        -       0x00000094   Zero   RW           63    .bss.huart2         usart.o
    0x200002dc        -       0x00000094   Zero   RW           64    .bss.huart2_2       usart.o
    0x20000370        -       0x00000004   Zero   RW         1566    .bss.k_cpu_cycle_per_tick  tos_global.o
    0x20000374        -       0x00000004   Zero   RW         1560    .bss.k_curr_task    tos_global.o
    0x20000378        -       0x00000098   Zero   RW         1573    .bss.k_idle_task    tos_global.o
    0x20000410        -       0x00000080   Zero   RW         1562    .bss.k_idle_task_stk  tos_global.o
    0x20000490        -       0x00000001   Zero   RW         1556    .bss.k_irq_nest_cnt  tos_global.o
    0x20000491        -       0x00000001   Zero   RW         1558    .bss.k_knl_state    tos_global.o
    0x20000492   0x08005290   0x00000002   PAD
    0x20000494        -       0x00000c84   Zero   RW         1575    .bss.k_mmheap_ctl   tos_global.o
    0x20001118        -       0x00000004   Zero   RW         1561    .bss.k_next_task    tos_global.o
    0x2000111c        -       0x00000058   Zero   RW         1572    .bss.k_rdyq         tos_global.o
    0x20001174        -       0x00000001   Zero   RW         1557    .bss.k_sched_lock_nest_cnt  tos_global.o
    0x20001175   0x08005290   0x00000003   PAD
    0x20001178        -       0x00000008   Zero   RW         1559    .bss.k_tick_count   tos_global.o
    0x20001180        -       0x00000011   Zero   RW         1577    .bss.tcb_bit_map    tos_global.o
    0x20001191   0x08005290   0x00000003   PAD
    0x20001194        -       0x00000004   Zero   RW         1175    .bss.uwTick         stm32wlxx_hal.o
    0x20001198        -       0x00000400   Zero   RW            1    STACK               startup_stm32wle5xx.o


    Execution Region USER_CODE (Exec base: 0x20002000, Load base: 0x08005290, Size: 0x00000438, Max: 0x00002000, ABSOLUTE)

    Exec Addr    Load Addr    Size         Type   Attr      Idx    E Section Name        Object

    0x20002000   0x08005290   0x000001bc   Code   RO         1235    MYRO                app_entry.o
    0x200021bc   0x0800544c   0x00000004   Code   RO         1329    MYRO                tlib_s.o
    0x200021c0   0x08005450   0x0000026c   Code   RO         1333    MYRO                tlib_usr.o
    0x2000242c   0x080056bc   0x0000000a   Ven    RO         2965    Veneer$$Code        anon$$obj.o


    Execution Region RW_IRAM2 (Exec base: 0x20004000, Load base: 0x080056c8, Size: 0x000099b0, Max: 0x0000c000, ABSOLUTE, COMPRESSED[0x00000138])

    Exec Addr    Load Addr    Size         Type   Attr      Idx    E Section Name        Object

    0x20004000   COMPRESSED   0x00009980   Data   RW         1574    RAM_AREA            tos_global.o
    0x2000d980   COMPRESSED   0x00000030   Data   RW         1237    USDT                app_entry.o


==============================================================================

Image component sizes


      Code (inc. data)   RO Data    RW Data    ZI Data      Debug   Object Name

       444        140          0         48          0       3120   app_entry.o
        50          0          0          0          0       1999   gpio.o
       248         28          0          0          0       8706   main.o
        64          0          0          0          0       4188   port_c.o
       404         18          0          0          0        380   port_s.o
        36          8        312          0       1024        780   startup_stm32wle5xx.o
        32          0          0          0          0        953   stdio.o
       168          0          0          5          4      13444   stm32wlxx_hal.o
       228          0          0          0          0      10148   stm32wlxx_hal_cortex.o
       438          0          0          0          0       4895   stm32wlxx_hal_gpio.o
         2          0          0          0          0        405   stm32wlxx_hal_msp.o
        18          0          0          0          0       5885   stm32wlxx_hal_pwr.o
        16          0          0          0          0      11828   stm32wlxx_hal_pwr_ex.o
      2912         12         12          0          0      16764   stm32wlxx_hal_rcc.o
       568          0          0          0          0      13571   stm32wlxx_hal_rcc_ex.o
      1536         30         24          0          0      31353   stm32wlxx_hal_uart.o
       362         16          0          0          0      10555   stm32wlxx_hal_uart_ex.o
        44          0          0          0          0       1043   stm32wlxx_it.o
         2          0        160          4          0       2486   system_stm32wlxx.o
      1282         76          0          0          0      15550   tlib.o
         4          0          0          0          0        228   tlib_s.o
       620          0          0          0          0      14339   tlib_usr.o
       222          0          0          0          0       2622   tos_cpu.o
       600          0          0          0          0      10824   tos_event.o
         0          0          8      39348       4124       5887   tos_global.o
      2106          0          0          0          0      17884   tos_mmheap.o
       872          0          0          0          0      11606   tos_mutex.o
       468          4          0          0          0      10872   tos_pend.o
       126          0          0          0          0       4686   tos_robin.o
       588          0          0          0          0       7686   tos_sched.o
       520          0          0          0          0       9128   tos_sem.o
       638          8          0          0          0       8953   tos_sys.o
      2462          0          0          0          0      18539   tos_task.o
       548          0          0          0          0       6634   tos_tick.o
       394          0          0          0          0      11973   tos_timer.o
       420          0          0          0          0       5592   tos_tlib.o
       558          0          0          0        296       8401   usart.o

    ----------------------------------------------------------------------
     20424        340        580      39412       5456     313907   Object Totals
        10          0         64          0          0          0   (incl. Generated)
       414          0          0          7          8          0   (incl. Padding)

    ----------------------------------------------------------------------

      Code (inc. data)   RO Data    RW Data    ZI Data      Debug   Library Member Name

        58          0          0          0          0          0   __dczerorl.o
         0          0          0          0          0          0   entry.o
         0          0          0          0          0          0   entry10a.o
         0          0          0          0          0          0   entry11a.o
         8          4          0          0          0          0   entry2.o
         4          0          0          0          0          0   entry5.o
         0          0          0          0          0          0   entry7b.o
         0          0          0          0          0          0   entry8b.o
         8          4          0          0          0          0   entry9a.o
        30          0          0          0          0          0   handlers.o
        36          8          0          0          0         68   init.o
        30          0          0          0          0         68   llshl.o
        32          0          0          0          0         68   llushr.o
        36          0          0          0          0         68   memcpya.o
        36          0          0          0          0        108   memseta.o
       736         56          0          0          0        184   printf5.o
         0          0          0          4          0          0   stdout.o
        24          0          0          0          0         76   strncpy.o
        98          0          0          0          0         92   uldiv.o

    ----------------------------------------------------------------------
      1140         72          0          4          0        732   Library Totals
         4          0          0          0          0          0   (incl. Padding)

    ----------------------------------------------------------------------

      Code (inc. data)   RO Data    RW Data    ZI Data      Debug   Library Name

      1136         72          0          4          0        732   mc_w.l

    ----------------------------------------------------------------------
      1140         72          0          4          0        732   Library Totals

    ----------------------------------------------------------------------

==============================================================================


      Code (inc. data)   RO Data    RW Data    ZI Data      Debug   

     21564        412        580      39416       5456     314047   Grand Totals
     21564        412        580        384       5456     314047   ELF Image Totals (compressed)
     21564        412        580        384          0          0   ROM Totals

==============================================================================

    Total RO  Size (Code + RO Data)                22144 (  21.63kB)
    Total RW  Size (RW Data + ZI Data)             44872 (  43.82kB)
    Total ROM Size (Code + RO Data + RW Data)      22528 (  22.00kB)

==============================================================================

